// Jest Snapshot v1, https://goo.gl/fbAQLP

exports[`HeatmapVisualization renders correctly 1`] = `
<HeatmapVisualization
  config={
    Object {
      "column_pivots": Array [
        Object {
          "config": Object {},
          "field": "http_status",
          "type": "values",
        },
      ],
      "formatting_settings": undefined,
      "rollup": true,
      "row_pivots": Array [
        Object {
          "config": Object {},
          "field": "hour",
          "type": "values",
        },
      ],
      "series": Array [
        Object {
          "config": Object {
            "name": null,
          },
          "function": "count()",
        },
      ],
      "sort": Array [],
      "visualization": "heatmap",
      "visualization_config": undefined,
    }
  }
  data={
    Array [
      Object {
        "key": Array [
          "00",
        ],
        "source": "leaf",
        "values": Array [
          Object {
            "key": Array [
              "100",
              "count()",
            ],
            "rollup": false,
            "source": "col-leaf",
            "value": 217,
          },
          Object {
            "key": Array [
              "304",
              "count()",
            ],
            "rollup": false,
            "source": "col-leaf",
            "value": 213,
          },
          Object {
            "key": Array [
              "203",
              "count()",
            ],
            "rollup": false,
            "source": "col-leaf",
            "value": 206,
          },
          Object {
            "key": Array [
              "204",
              "count()",
            ],
            "rollup": false,
            "source": "col-leaf",
            "value": 195,
          },
          Object {
            "key": Array [
              "count()",
            ],
            "rollup": true,
            "source": "row-leaf",
            "value": 4140,
          },
        ],
      },
      Object {
        "key": Array [
          "01",
        ],
        "source": "leaf",
        "values": Array [
          Object {
            "key": Array [
              "405",
              "count()",
            ],
            "rollup": false,
            "source": "col-leaf",
            "value": 230,
          },
          Object {
            "key": Array [
              "201",
              "count()",
            ],
            "rollup": false,
            "source": "col-leaf",
            "value": 217,
          },
          Object {
            "key": Array [
              "500",
              "count()",
            ],
            "rollup": false,
            "source": "col-leaf",
            "value": 215,
          },
          Object {
            "key": Array [
              "406",
              "count()",
            ],
            "rollup": false,
            "source": "col-leaf",
            "value": 205,
          },
          Object {
            "key": Array [
              "count()",
            ],
            "rollup": true,
            "source": "row-leaf",
            "value": 4140,
          },
        ],
      },
      Object {
        "key": Array [
          "02",
        ],
        "source": "leaf",
        "values": Array [
          Object {
            "key": Array [
              "416",
              "count()",
            ],
            "rollup": false,
            "source": "col-leaf",
            "value": 218,
          },
          Object {
            "key": Array [
              "203",
              "count()",
            ],
            "rollup": false,
            "source": "col-leaf",
            "value": 210,
          },
          Object {
            "key": Array [
              "201",
              "count()",
            ],
            "rollup": false,
            "source": "col-leaf",
            "value": 203,
          },
          Object {
            "key": Array [
              "503",
              "count()",
            ],
            "rollup": false,
            "source": "col-leaf",
            "value": 202,
          },
          Object {
            "key": Array [
              "count()",
            ],
            "rollup": true,
            "source": "row-leaf",
            "value": 4140,
          },
        ],
      },
      Object {
        "key": Array [
          "03",
        ],
        "source": "leaf",
        "values": Array [
          Object {
            "key": Array [
              "400",
              "count()",
            ],
            "rollup": false,
            "source": "col-leaf",
            "value": 244,
          },
          Object {
            "key": Array [
              "205",
              "count()",
            ],
            "rollup": false,
            "source": "col-leaf",
            "value": 221,
          },
          Object {
            "key": Array [
              "401",
              "count()",
            ],
            "rollup": false,
            "source": "col-leaf",
            "value": 220,
          },
          Object {
            "key": Array [
              "200",
              "count()",
            ],
            "rollup": false,
            "source": "col-leaf",
            "value": 212,
          },
          Object {
            "key": Array [
              "count()",
            ],
            "rollup": true,
            "source": "row-leaf",
            "value": 4140,
          },
        ],
      },
      Object {
        "key": Array [
          "04",
        ],
        "source": "leaf",
        "values": Array [
          Object {
            "key": Array [
              "503",
              "count()",
            ],
            "rollup": false,
            "source": "col-leaf",
            "value": 227,
          },
          Object {
            "key": Array [
              "203",
              "count()",
            ],
            "rollup": false,
            "source": "col-leaf",
            "value": 220,
          },
          Object {
            "key": Array [
              "500",
              "count()",
            ],
            "rollup": false,
            "source": "col-leaf",
            "value": 220,
          },
          Object {
            "key": Array [
              "201",
              "count()",
            ],
            "rollup": false,
            "source": "col-leaf",
            "value": 212,
          },
          Object {
            "key": Array [
              "count()",
            ],
            "rollup": true,
            "source": "row-leaf",
            "value": 4140,
          },
        ],
      },
      Object {
        "key": Array [],
        "source": "non-leaf",
        "values": Array [
          Object {
            "key": Array [
              "count()",
            ],
            "rollup": true,
            "source": "row-inner",
            "value": 100000,
          },
        ],
      },
    ]
  }
>
  <GenericPlot
    chartData={
      Array [
        Object {
          "name": "Heatmap Chart",
          "transpose": true,
          "type": "heatmap",
          "x": Array [
            "100",
            "200",
            "201",
            "203",
            "204",
            "205",
            "304",
            "400",
            "401",
            "405",
            "406",
            "416",
            "500",
            "503",
          ],
          "y": Array [
            "00",
            "01",
            "02",
            "03",
            "04",
          ],
          "z": Array [
            Array [
              217,
            ],
            Array [
              undefined,
              undefined,
              undefined,
              212,
            ],
            Array [
              undefined,
              217,
              203,
              undefined,
              212,
            ],
            Array [
              206,
              undefined,
              210,
              undefined,
              220,
            ],
            Array [
              195,
            ],
            Array [
              undefined,
              undefined,
              undefined,
              221,
            ],
            Array [
              213,
            ],
            Array [
              undefined,
              undefined,
              undefined,
              244,
            ],
            Array [
              undefined,
              undefined,
              undefined,
              220,
            ],
            Array [
              undefined,
              230,
            ],
            Array [
              undefined,
              205,
            ],
            Array [
              undefined,
              undefined,
              218,
            ],
            Array [
              undefined,
              215,
              undefined,
              undefined,
              220,
            ],
            Array [
              undefined,
              undefined,
              202,
              undefined,
              227,
            ],
          ],
        },
      ]
    }
    layout={
      Object {
        "xaxis": Object {
          "type": "category",
        },
        "yaxis": Object {
          "type": "category",
        },
      }
    }
    onZoom={[Function]}
    setChartColor={[Function]}
  >
    <LoadableComponent
      config={
        Object {
          "displayModeBar": false,
          "doubleClick": false,
        }
      }
      data={
        Array [
          Object {
            "name": "Heatmap Chart",
            "transpose": true,
            "type": "heatmap",
            "x": Array [
              "100",
              "200",
              "201",
              "203",
              "204",
              "205",
              "304",
              "400",
              "401",
              "405",
              "406",
              "416",
              "500",
              "503",
            ],
            "y": Array [
              "00",
              "01",
              "02",
              "03",
              "04",
            ],
            "z": Array [
              Array [
                217,
              ],
              Array [
                undefined,
                undefined,
                undefined,
                212,
              ],
              Array [
                undefined,
                217,
                203,
                undefined,
                212,
              ],
              Array [
                206,
                undefined,
                210,
                undefined,
                220,
              ],
              Array [
                195,
              ],
              Array [
                undefined,
                undefined,
                undefined,
                221,
              ],
              Array [
                213,
              ],
              Array [
                undefined,
                undefined,
                undefined,
                244,
              ],
              Array [
                undefined,
                undefined,
                undefined,
                220,
              ],
              Array [
                undefined,
                230,
              ],
              Array [
                undefined,
                205,
              ],
              Array [
                undefined,
                undefined,
                218,
              ],
              Array [
                undefined,
                215,
                undefined,
                undefined,
                220,
              ],
              Array [
                undefined,
                undefined,
                202,
                undefined,
                227,
              ],
            ],
          },
        ]
      }
      layout={
        Object {
          "autosize": true,
          "hoverlabel": Object {
            "namelength": -1,
          },
          "legend": Object {
            "orientation": "h",
            "y": -0.14,
          },
          "margin": Object {
            "autoexpand": true,
            "b": 40,
            "l": 40,
            "pad": 0,
            "r": 10,
            "t": 10,
          },
          "showlegend": true,
          "xaxis": Object {
            "type": "category",
          },
          "yaxis": Object {
            "type": "category",
          },
        }
      }
      onClick={null}
      onLegendClick={[Function]}
      onRelayout={[Function]}
      style={
        Object {
          "height": "calc(100% - 10px)",
          "width": "100%",
        }
      }
      useResizeHandler={true}
    >
      <EmptyComponent
        config={
          Object {
            "displayModeBar": false,
            "doubleClick": false,
          }
        }
        data={
          Array [
            Object {
              "name": "Heatmap Chart",
              "transpose": true,
              "type": "heatmap",
              "x": Array [
                "100",
                "200",
                "201",
                "203",
                "204",
                "205",
                "304",
                "400",
                "401",
                "405",
                "406",
                "416",
                "500",
                "503",
              ],
              "y": Array [
                "00",
                "01",
                "02",
                "03",
                "04",
              ],
              "z": Array [
                Array [
                  217,
                ],
                Array [
                  undefined,
                  undefined,
                  undefined,
                  212,
                ],
                Array [
                  undefined,
                  217,
                  203,
                  undefined,
                  212,
                ],
                Array [
                  206,
                  undefined,
                  210,
                  undefined,
                  220,
                ],
                Array [
                  195,
                ],
                Array [
                  undefined,
                  undefined,
                  undefined,
                  221,
                ],
                Array [
                  213,
                ],
                Array [
                  undefined,
                  undefined,
                  undefined,
                  244,
                ],
                Array [
                  undefined,
                  undefined,
                  undefined,
                  220,
                ],
                Array [
                  undefined,
                  230,
                ],
                Array [
                  undefined,
                  205,
                ],
                Array [
                  undefined,
                  undefined,
                  218,
                ],
                Array [
                  undefined,
                  215,
                  undefined,
                  undefined,
                  220,
                ],
                Array [
                  undefined,
                  undefined,
                  202,
                  undefined,
                  227,
                ],
              ],
            },
          ]
        }
        layout={
          Object {
            "autosize": true,
            "hoverlabel": Object {
              "namelength": -1,
            },
            "legend": Object {
              "orientation": "h",
              "y": -0.14,
            },
            "margin": Object {
              "autoexpand": true,
              "b": 40,
              "l": 40,
              "pad": 0,
              "r": 10,
              "t": 10,
            },
            "showlegend": true,
            "xaxis": Object {
              "type": "category",
            },
            "yaxis": Object {
              "type": "category",
            },
          }
        }
        onClick={null}
        onLegendClick={[Function]}
        onRelayout={[Function]}
        style={
          Object {
            "height": "calc(100% - 10px)",
            "width": "100%",
          }
        }
        useResizeHandler={true}
      />
    </LoadableComponent>
  </GenericPlot>
</HeatmapVisualization>
`;
