[INFO] Scanning for projects...
[INFO] ------------------------------------------------------------------------
[INFO] Detecting the operating system and CPU architecture
[INFO] ------------------------------------------------------------------------
[INFO] os.detected.name: linux
[INFO] os.detected.arch: x86_64
[INFO] os.detected.bitness: 64
[INFO] os.detected.version: 6.11
[INFO] os.detected.version.major: 6
[INFO] os.detected.version.minor: 11
[INFO] os.detected.release: ubuntu
[INFO] os.detected.release.version: 24.04
[INFO] os.detected.release.like.ubuntu: true
[INFO] os.detected.release.like.debian: true
[INFO] os.detected.classifier: linux-x86_64
[INFO] ------------------------------------------------------------------------
[INFO] Reactor Build Order:
[INFO] 
[INFO] Graylog Parent POM                                                 [pom]
[INFO] Graylog Project Parent POM                                         [pom]
[INFO] Graylog                                                            [jar]
[INFO] Graylog Plugin Parent POM                                          [pom]
[INFO] graylog-storage-elasticsearch7                                     [jar]
[INFO] graylog-storage-opensearch2                                        [jar]
[INFO] DataNode                                                           [jar]
[INFO] full-backend-tests                                                 [jar]
[INFO] Graylog Plugin with Web support Parent POM                         [pom]
[INFO] graylog-plugin-archetype                               [maven-archetype]
[INFO] graylog-storage-opensearch3                                        [jar]
[INFO] Graylog Binary Distribution Tarball                                [jar]
[INFO] 
[INFO] ---------------------< org.graylog:graylog-parent >---------------------
[INFO] Building Graylog Parent POM 7.1.0-SNAPSHOT                        [1/12]
[INFO]   from pom.xml
[INFO] --------------------------------[ pom ]---------------------------------
[INFO] 
[INFO] --- enforcer:3.6.2:enforce (enforce-versions) @ graylog-parent ---
[INFO] Rule 0: org.apache.maven.enforcer.rules.dependency.BannedDependencies passed
[INFO] Rule 1: org.apache.maven.enforcer.rules.BanDuplicatePomDependencyVersions passed
[INFO] Rule 2: org.apache.maven.enforcer.rules.dependency.BanDynamicVersions passed
[INFO] Rule 3: org.apache.maven.plugins.enforcer.RestrictImports passed
[INFO] Rule 4: org.apache.maven.enforcer.rules.version.RequireMavenVersion passed
[INFO] Rule 5: org.apache.maven.enforcer.rules.version.RequireJavaVersion passed
[INFO] Rule 6: org.apache.maven.enforcer.rules.RequireOS passed
[INFO] 
[INFO] --- forbiddenapis:3.10:check (forbidden-apis-src) @ graylog-parent ---
[INFO] Skipping execution for packaging "pom"
[INFO] 
[INFO] --- dependency:3.7.0:properties (default) @ graylog-parent ---
[INFO] 
[INFO] --- forbiddenapis:3.10:testCheck (forbidden-apis-test) @ graylog-parent ---
[INFO] Skipping execution for packaging "pom"
[INFO] 
[INFO] -----------------< org.graylog:graylog-project-parent >-----------------
[INFO] Building Graylog Project Parent POM 7.1.0-SNAPSHOT                [2/12]
[INFO]   from graylog-project-parent/pom.xml
[INFO] --------------------------------[ pom ]---------------------------------
[INFO] 
[INFO] --- enforcer:3.6.2:enforce (enforce-versions) @ graylog-project-parent ---
[INFO] Rule 0: org.apache.maven.enforcer.rules.dependency.BannedDependencies passed
[INFO] Rule 1: org.apache.maven.enforcer.rules.BanDuplicatePomDependencyVersions passed
[INFO] Rule 2: org.apache.maven.enforcer.rules.dependency.BanDynamicVersions passed
[INFO] Rule 3: org.apache.maven.plugins.enforcer.RestrictImports passed
[INFO] 
[INFO] --- forbiddenapis:3.10:check (forbidden-apis-src) @ graylog-project-parent ---
[INFO] Skipping execution for packaging "pom"
[INFO] 
[INFO] --- dependency:3.7.0:properties (default) @ graylog-project-parent ---
[INFO] 
[INFO] --- forbiddenapis:3.10:testCheck (forbidden-apis-test) @ graylog-project-parent ---
[INFO] Skipping execution for packaging "pom"
[INFO] 
[INFO] --------------------< org.graylog2:graylog2-server >--------------------
[INFO] Building Graylog 7.1.0-SNAPSHOT                                   [3/12]
[INFO]   from graylog2-server/pom.xml
[INFO] --------------------------------[ jar ]---------------------------------
[INFO] 
[INFO] --- enforcer:3.6.2:enforce (enforce-versions) @ graylog2-server ---
[INFO] Rule 0: org.apache.maven.enforcer.rules.dependency.BannedDependencies passed
[INFO] Rule 1: org.apache.maven.enforcer.rules.BanDuplicatePomDependencyVersions passed
[INFO] Rule 2: org.apache.maven.enforcer.rules.dependency.BanDynamicVersions passed
[INFO] Rule 3: org.apache.maven.plugins.enforcer.RestrictImports passed
[INFO] 
[INFO] --- buildnumber:3.2.1:create (default) @ graylog2-server ---
[INFO] Executing: /bin/sh -c cd '/home/runner/work/graylog2-server/graylog2-server/graylog2-server' && 'git' 'log' '-1' '--no-merges' '--format=format:%H %aI %aE %aN'
[INFO] Working directory: /home/runner/work/graylog2-server/graylog2-server/graylog2-server
[INFO] Storing buildNumber: a95ea94508c5c3f4c0c3b50cff8e5d662fc89f35 at timestamp: 1769422442112
[INFO] Executing: /bin/sh -c cd '/home/runner/work/graylog2-server/graylog2-server/graylog2-server' && 'git' 'symbolic-ref' 'HEAD'
[INFO] Working directory: /home/runner/work/graylog2-server/graylog2-server/graylog2-server
[INFO] Storing scmBranch: copilot/sub-pr-24782
[INFO] 
[INFO] --- antlr4:4.13.2:antlr4 (antlr) @ graylog2-server ---
[INFO] No grammars to process
[INFO] ANTLR 4: Processing source directory /home/runner/work/graylog2-server/graylog2-server/graylog2-server/src/main/antlr4
[INFO] 
[INFO] --- protobuf:0.6.1:compile (default) @ graylog2-server ---
[INFO] Compiling 11 proto file(s) to /home/runner/work/graylog2-server/graylog2-server/graylog2-server/target/generated-sources/protobuf/java
[INFO] 
[INFO] --- protobuf:0.6.1:compile-custom (default) @ graylog2-server ---
[INFO] Compiling 11 proto file(s) to /home/runner/work/graylog2-server/graylog2-server/graylog2-server/target/generated-sources/protobuf/grpc-java
[INFO] 
[INFO] --- build-helper:3.6.1:parse-version (parse-version) @ graylog2-server ---
[INFO] 
[INFO] --- resources:3.4.0:resources (default-resources) @ graylog2-server ---
[INFO] skip non existing resourceDirectory /home/runner/work/graylog2-server/graylog2-server/graylog2-web-interface/target/web/build
[INFO] skip non existing resourceDirectory /home/runner/work/graylog2-server/graylog2-server/graylog2-web-interface/target/preflight/build
[INFO] Copying 110 resources from src/main/resources to target/classes
[INFO] Copying 3 resources from src/main/resources to target/classes
[INFO] Copying 11 resources from src/main/proto to target/classes
[INFO] Copying 11 resources from src/main/proto to target/classes
[INFO] The encoding used to copy filtered properties files has not been set. This means that the same encoding will be used to copy filtered properties files as when copying other filtered resources. This might not be what you want! Run your build with --debug to see which files might be affected. Read more at https://maven.apache.org/plugins/maven-resources-plugin/examples/filtering-properties-files.html
[INFO] 
[INFO] --- compiler:3.14.1:compile (default-compile) @ graylog2-server ---
[WARNING]  Parameter 'forceJavacCompilerUse' (user property 'maven.compiler.forceJavacCompilerUse') is deprecated: Use forceLegacyJavacApi instead
[INFO] Compiling 132 source files with javac [debug deprecation release 21] to target/classes
[INFO] 
[INFO] --- forbiddenapis:3.10:check (forbidden-apis-src) @ graylog2-server ---
[INFO] Scanning for classes to check...
[INFO] Reading bundled API signatures: jdk-unsafe-14
[INFO] Reading bundled API signatures: jdk-deprecated-21
[INFO] Reading bundled API signatures: jdk-reflection
[INFO] Reading bundled API signatures: jdk-non-portable
[WARNING] Bundled signatures 'commons-io-unsafe-2.21.0' not found, choosing next lower available signature: commons-io-unsafe-2.20.0
[INFO] Reading bundled API signatures: commons-io-unsafe-2.20.0
[INFO] Reading inline API signatures...
[INFO] Loading classes to check...
[INFO] Scanning classes for violations...
[INFO] Scanned 7463 class file(s) for forbidden API invocations (in 5.02s), 0 error(s).
[INFO] 
[INFO] --- exec:3.6.3:java (generate-swagger-api-definition) @ graylog2-server ---
Generating Swagger definition for API ...
Writing /home/runner/work/graylog2-server/graylog2-server/graylog2-server/target/swagger/AWS.json
Writing /home/runner/work/graylog2-server/graylog2-server/graylog2-server/target/swagger/AWS/Config.json
Writing /home/runner/work/graylog2-server/graylog2-server/graylog2-server/target/swagger/AWSCloudTrail.json
Writing /home/runner/work/graylog2-server/graylog2-server/graylog2-server/target/swagger/AWSKinesisAuto.json
Writing /home/runner/work/graylog2-server/graylog2-server/graylog2-server/target/swagger/Authorization/Capabilities.json
Writing /home/runner/work/graylog2-server/graylog2-server/graylog2-server/target/swagger/Authorization/GrantsOverview.json
Writing /home/runner/work/graylog2-server/graylog2-server/graylog2-server/target/swagger/Authorization/Roles.json
Writing /home/runner/work/graylog2-server/graylog2-server/graylog2-server/target/swagger/Authorization/Shares.json
Writing /home/runner/work/graylog2-server/graylog2-server/graylog2-server/target/swagger/CA.json
Writing /home/runner/work/graylog2-server/graylog2-server/graylog2-server/target/swagger/Certificate Renewal.json
Writing /home/runner/work/graylog2-server/graylog2-server/graylog2-server/target/swagger/Certificates.json
Writing /home/runner/work/graylog2-server/graylog2-server/graylog2-server/target/swagger/Client Certificates.json
Writing /home/runner/work/graylog2-server/graylog2-server/graylog2-server/target/swagger/Cluster.json
Writing /home/runner/work/graylog2-server/graylog2-server/graylog2-server/target/swagger/Cluster/Debug/SupportBundle.json
Writing /home/runner/work/graylog2-server/graylog2-server/graylog2-server/target/swagger/Cluster/Deflector.json
Writing /home/runner/work/graylog2-server/graylog2-server/graylog2-server/target/swagger/Cluster/InputState.json
Writing /home/runner/work/graylog2-server/graylog2-server/graylog2-server/target/swagger/Cluster/Jobs.json
Writing /home/runner/work/graylog2-server/graylog2-server/graylog2-server/target/swagger/Cluster/Journal.json
Writing /home/runner/work/graylog2-server/graylog2-server/graylog2-server/target/swagger/Cluster/LoadBalancers.json
Writing /home/runner/work/graylog2-server/graylog2-server/graylog2-server/target/swagger/Cluster/LookupTable.json
Writing /home/runner/work/graylog2-server/graylog2-server/graylog2-server/target/swagger/Cluster/Metrics.json
Writing /home/runner/work/graylog2-server/graylog2-server/graylog2-server/target/swagger/Cluster/Node/Metrics.json
Writing /home/runner/work/graylog2-server/graylog2-server/graylog2-server/target/swagger/Cluster/Plugins.json
Writing /home/runner/work/graylog2-server/graylog2-server/graylog2-server/target/swagger/Cluster/Processing.json
Writing /home/runner/work/graylog2-server/graylog2-server/graylog2-server/target/swagger/Cluster/Processing/Status.json
Writing /home/runner/work/graylog2-server/graylog2-server/graylog2-server/target/swagger/Cluster/System/Loggers.json
Writing /home/runner/work/graylog2-server/graylog2-server/graylog2-server/target/swagger/ContentStream.json
Writing /home/runner/work/graylog2-server/graylog2-server/graylog2-server/target/swagger/Dashboards.json
Writing /home/runner/work/graylog2-server/graylog2-server/graylog2-server/target/swagger/DataNodes/API.json
Writing /home/runner/work/graylog2-server/graylog2-server/graylog2-server/target/swagger/DataNodes/REST/API.json
Writing /home/runner/work/graylog2-server/graylog2-server/graylog2-server/target/swagger/Datanode.json
Writing /home/runner/work/graylog2-server/graylog2-server/graylog2-server/target/swagger/DatanodeUpgrade.json
Writing /home/runner/work/graylog2-server/graylog2-server/graylog2-server/target/swagger/Documentation.json
Writing /home/runner/work/graylog2-server/graylog2-server/graylog2-server/target/swagger/Enterprise.json
Writing /home/runner/work/graylog2-server/graylog2-server/graylog2-server/target/swagger/EntityLists.json
Writing /home/runner/work/graylog2-server/graylog2-server/graylog2-server/target/swagger/EntityScope.json
Writing /home/runner/work/graylog2-server/graylog2-server/graylog2-server/target/swagger/EntitySuggestions.json
Writing /home/runner/work/graylog2-server/graylog2-server/graylog2-server/target/swagger/Events.json
Writing /home/runner/work/graylog2-server/graylog2-server/graylog2-server/target/swagger/Events/Definitions.json
Writing /home/runner/work/graylog2-server/graylog2-server/graylog2-server/target/swagger/Events/EntityTypes.json
Writing /home/runner/work/graylog2-server/graylog2-server/graylog2-server/target/swagger/Events/Notifications.json
Writing /home/runner/work/graylog2-server/graylog2-server/graylog2-server/target/swagger/Extractors.json
Writing /home/runner/work/graylog2-server/graylog2-server/graylog2-server/target/swagger/FavoriteFields.json
Writing /home/runner/work/graylog2-server/graylog2-server/graylog2-server/target/swagger/Favorites.json
Writing /home/runner/work/graylog2-server/graylog2-server/graylog2-server/target/swagger/FieldTypes.json
Writing /home/runner/work/graylog2-server/graylog2-server/graylog2-server/target/swagger/Hello World.json
Writing /home/runner/work/graylog2-server/graylog2-server/graylog2-server/target/swagger/Indexer/Cluster.json
Writing /home/runner/work/graylog2-server/graylog2-server/graylog2-server/target/swagger/Indexer/Failures.json
Writing /home/runner/work/graylog2-server/graylog2-server/graylog2-server/target/swagger/Indexer/Indices.json
Writing /home/runner/work/graylog2-server/graylog2-server/graylog2-server/target/swagger/Indexer/Indices/Templates.json
Writing /home/runner/work/graylog2-server/graylog2-server/graylog2-server/target/swagger/Indexer/Overview.json
Writing /home/runner/work/graylog2-server/graylog2-server/graylog2-server/target/swagger/Legacy/Search/Absolute.json
Writing /home/runner/work/graylog2-server/graylog2-server/graylog2-server/target/swagger/Legacy/Search/Keyword.json
Writing /home/runner/work/graylog2-server/graylog2-server/graylog2-server/target/swagger/Legacy/Search/Relative.json
Writing /home/runner/work/graylog2-server/graylog2-server/graylog2-server/target/swagger/MCP.json
Writing /home/runner/work/graylog2-server/graylog2-server/graylog2-server/target/swagger/Messages.json
Writing /home/runner/work/graylog2-server/graylog2-server/graylog2-server/target/swagger/Migration.json
Writing /home/runner/work/graylog2-server/graylog2-server/graylog2-server/target/swagger/Pipelines/Connections.json
Writing /home/runner/work/graylog2-server/graylog2-server/graylog2-server/target/swagger/Pipelines/Pipelines.json
Writing /home/runner/work/graylog2-server/graylog2-server/graylog2-server/target/swagger/Pipelines/Rulebuilder.json
Writing /home/runner/work/graylog2-server/graylog2-server/graylog2-server/target/swagger/Pipelines/Rules.json
Writing /home/runner/work/graylog2-server/graylog2-server/graylog2-server/target/swagger/Pipelines/Simulator.json
Writing /home/runner/work/graylog2-server/graylog2-server/graylog2-server/target/swagger/QuickJump.json
Writing /home/runner/work/graylog2-server/graylog2-server/graylog2-server/target/swagger/ReindexMigration.json
Writing /home/runner/work/graylog2-server/graylog2-server/graylog2-server/target/swagger/Roles.json
Writing /home/runner/work/graylog2-server/graylog2-server/graylog2-server/target/swagger/Search.json
Writing /home/runner/work/graylog2-server/graylog2-server/graylog2-server/target/swagger/Search/Decorators.json
Writing /home/runner/work/graylog2-server/graylog2-server/graylog2-server/target/swagger/Search/Export.json
Writing /home/runner/work/graylog2-server/graylog2-server/graylog2-server/target/swagger/Search/Functions.json
Writing /home/runner/work/graylog2-server/graylog2-server/graylog2-server/target/swagger/Search/Messages.json
Writing /home/runner/work/graylog2-server/graylog2-server/graylog2-server/target/swagger/Search/Metadata.json
Writing /home/runner/work/graylog2-server/graylog2-server/graylog2-server/target/swagger/Search/Pivot/Export.json
Writing /home/runner/work/graylog2-server/graylog2-server/graylog2-server/target/swagger/Search/Query Strings.json
Writing /home/runner/work/graylog2-server/graylog2-server/graylog2-server/target/swagger/Search/Saved.json
Writing /home/runner/work/graylog2-server/graylog2-server/graylog2-server/target/swagger/Search/Simple.json
Writing /home/runner/work/graylog2-server/graylog2-server/graylog2-server/target/swagger/Search/Suggestions.json
Writing /home/runner/work/graylog2-server/graylog2-server/graylog2-server/target/swagger/Search/Validation.json
Writing /home/runner/work/graylog2-server/graylog2-server/graylog2-server/target/swagger/SearchJobs.json
Writing /home/runner/work/graylog2-server/graylog2-server/graylog2-server/target/swagger/Sidecar.json
Writing /home/runner/work/graylog2-server/graylog2-server/graylog2-server/target/swagger/Sidecar/Administration.json
Writing /home/runner/work/graylog2-server/graylog2-server/graylog2-server/target/swagger/Sidecar/Collector/Actions.json
Writing /home/runner/work/graylog2-server/graylog2-server/graylog2-server/target/swagger/Sidecar/Collectors.json
Writing /home/runner/work/graylog2-server/graylog2-server/graylog2-server/target/swagger/Sidecar/ConfigurationVariables.json
Writing /home/runner/work/graylog2-server/graylog2-server/graylog2-server/target/swagger/Sidecar/Configurations.json
Writing /home/runner/work/graylog2-server/graylog2-server/graylog2-server/target/swagger/StartPage.json
Writing /home/runner/work/graylog2-server/graylog2-server/graylog2-server/target/swagger/StaticFields.json
Writing /home/runner/work/graylog2-server/graylog2-server/graylog2-server/target/swagger/Stream/Destinations/Filters.json
Writing /home/runner/work/graylog2-server/graylog2-server/graylog2-server/target/swagger/Stream/Destinations/Filters/Builder.json
Writing /home/runner/work/graylog2-server/graylog2-server/graylog2-server/target/swagger/Stream/RoutingRules.json
Writing /home/runner/work/graylog2-server/graylog2-server/graylog2-server/target/swagger/StreamOutputs.json
Writing /home/runner/work/graylog2-server/graylog2-server/graylog2-server/target/swagger/StreamRules.json
Writing /home/runner/work/graylog2-server/graylog2-server/graylog2-server/target/swagger/StreamRulesInputs.json
Writing /home/runner/work/graylog2-server/graylog2-server/graylog2-server/target/swagger/Streams.json
Writing /home/runner/work/graylog2-server/graylog2-server/graylog2-server/target/swagger/System.json
Writing /home/runner/work/graylog2-server/graylog2-server/graylog2-server/target/swagger/System/Authentication/HTTPHeaderAuthConfig.json
Writing /home/runner/work/graylog2-server/graylog2-server/graylog2-server/target/swagger/System/Authentication/Services.json
Writing /home/runner/work/graylog2-server/graylog2-server/graylog2-server/target/swagger/System/Authentication/Services/Backends.json
Writing /home/runner/work/graylog2-server/graylog2-server/graylog2-server/target/swagger/System/Authentication/Services/Configuration.json
Writing /home/runner/work/graylog2-server/graylog2-server/graylog2-server/target/swagger/System/Authentication/Services/Test.json
Writing /home/runner/work/graylog2-server/graylog2-server/graylog2-server/target/swagger/System/Catalog.json
Writing /home/runner/work/graylog2-server/graylog2-server/graylog2-server/target/swagger/System/Cluster.json
Writing /home/runner/work/graylog2-server/graylog2-server/graylog2-server/target/swagger/System/ClusterConfig.json
Writing /home/runner/work/graylog2-server/graylog2-server/graylog2-server/target/swagger/System/ClusterStats.json
Writing /home/runner/work/graylog2-server/graylog2-server/graylog2-server/target/swagger/System/ClusterTraffic.json
Writing /home/runner/work/graylog2-server/graylog2-server/graylog2-server/target/swagger/System/Codecs/Types.json
Writing /home/runner/work/graylog2-server/graylog2-server/graylog2-server/target/swagger/System/Configuration.json
Writing /home/runner/work/graylog2-server/graylog2-server/graylog2-server/target/swagger/System/ContentPacks.json
Writing /home/runner/work/graylog2-server/graylog2-server/graylog2-server/target/swagger/System/Datanodes.json
Writing /home/runner/work/graylog2-server/graylog2-server/graylog2-server/target/swagger/System/Debug/Events.json
Writing /home/runner/work/graylog2-server/graylog2-server/graylog2-server/target/swagger/System/Debug/Streams.json
Writing /home/runner/work/graylog2-server/graylog2-server/graylog2-server/target/swagger/System/Debug/SupportBundle.json
Writing /home/runner/work/graylog2-server/graylog2-server/graylog2-server/target/swagger/System/Deflector.json
Writing /home/runner/work/graylog2-server/graylog2-server/graylog2-server/target/swagger/System/FieldTypes.json
Writing /home/runner/work/graylog2-server/graylog2-server/graylog2-server/target/swagger/System/Fields.json
Writing /home/runner/work/graylog2-server/graylog2-server/graylog2-server/target/swagger/System/GettingStartedGuides.json
Writing /home/runner/work/graylog2-server/graylog2-server/graylog2-server/target/swagger/System/Grok.json
Writing /home/runner/work/graylog2-server/graylog2-server/graylog2-server/target/swagger/System/IndexRanges.json
Writing /home/runner/work/graylog2-server/graylog2-server/graylog2-server/target/swagger/System/IndexSetDefaults.json
Writing /home/runner/work/graylog2-server/graylog2-server/graylog2-server/target/swagger/System/IndexSets.json
Writing /home/runner/work/graylog2-server/graylog2-server/graylog2-server/target/swagger/System/IndexSets/FieldTypeProfiles.json
Writing /home/runner/work/graylog2-server/graylog2-server/graylog2-server/target/swagger/System/IndexSets/Templates.json
Writing /home/runner/work/graylog2-server/graylog2-server/graylog2-server/target/swagger/System/IndexSets/Types.json
Writing /home/runner/work/graylog2-server/graylog2-server/graylog2-server/target/swagger/System/Indices/Retention.json
Writing /home/runner/work/graylog2-server/graylog2-server/graylog2-server/target/swagger/System/Indices/Rotation.json
Writing /home/runner/work/graylog2-server/graylog2-server/graylog2-server/target/swagger/System/InputStates.json
Writing /home/runner/work/graylog2-server/graylog2-server/graylog2-server/target/swagger/System/Inputs.json
Writing /home/runner/work/graylog2-server/graylog2-server/graylog2-server/target/swagger/System/Inputs/Types.json
Writing /home/runner/work/graylog2-server/graylog2-server/graylog2-server/target/swagger/System/Jobs.json
Writing /home/runner/work/graylog2-server/graylog2-server/graylog2-server/target/swagger/System/Journal.json
Writing /home/runner/work/graylog2-server/graylog2-server/graylog2-server/target/swagger/System/LoadBalancers.json
Writing /home/runner/work/graylog2-server/graylog2-server/graylog2-server/target/swagger/System/Loggers.json
Writing /home/runner/work/graylog2-server/graylog2-server/graylog2-server/target/swagger/System/Lookup.json
Writing /home/runner/work/graylog2-server/graylog2-server/graylog2-server/target/swagger/System/MessageProcessors.json
Writing /home/runner/work/graylog2-server/graylog2-server/graylog2-server/target/swagger/System/Messages.json
Writing /home/runner/work/graylog2-server/graylog2-server/graylog2-server/target/swagger/System/Metrics.json
Writing /home/runner/work/graylog2-server/graylog2-server/graylog2-server/target/swagger/System/Monitoring.json
Writing /home/runner/work/graylog2-server/graylog2-server/graylog2-server/target/swagger/System/Notification/Message.json
Writing /home/runner/work/graylog2-server/graylog2-server/graylog2-server/target/swagger/System/Notifications.json
Writing /home/runner/work/graylog2-server/graylog2-server/graylog2-server/target/swagger/System/Outputs.json
Writing /home/runner/work/graylog2-server/graylog2-server/graylog2-server/target/swagger/System/Permissions.json
Writing /home/runner/work/graylog2-server/graylog2-server/graylog2-server/target/swagger/System/Plugins.json
Writing /home/runner/work/graylog2-server/graylog2-server/graylog2-server/target/swagger/System/Processing.json
Writing /home/runner/work/graylog2-server/graylog2-server/graylog2-server/target/swagger/System/Processing/Status.json
Writing /home/runner/work/graylog2-server/graylog2-server/graylog2-server/target/swagger/System/SearchVersion.json
Writing /home/runner/work/graylog2-server/graylog2-server/graylog2-server/target/swagger/System/ServiceManager.json
Writing /home/runner/work/graylog2-server/graylog2-server/graylog2-server/target/swagger/System/Sessions.json
Writing /home/runner/work/graylog2-server/graylog2-server/graylog2-server/target/swagger/System/Stats.json
Writing /home/runner/work/graylog2-server/graylog2-server/graylog2-server/target/swagger/System/Throughput.json
Writing /home/runner/work/graylog2-server/graylog2-server/graylog2-server/target/swagger/System/UrlAllowlist.json
Writing /home/runner/work/graylog2-server/graylog2-server/graylog2-server/target/swagger/Telemetry.json
Writing /home/runner/work/graylog2-server/graylog2-server/graylog2-server/target/swagger/Token-Usage.json
Writing /home/runner/work/graylog2-server/graylog2-server/graylog2-server/target/swagger/Users.json
Writing /home/runner/work/graylog2-server/graylog2-server/graylog2-server/target/swagger/Views.json
Writing /home/runner/work/graylog2-server/graylog2-server/graylog2-server/target/swagger/Views/QualifyingViews.json
Done.
[INFO] 
[INFO] --- resources:3.4.0:testResources (default-testResources) @ graylog2-server ---
[INFO] Copying 1 resource from src/test/resources to target/test-classes
[INFO] Copying 535 resources from src/test/resources to target/test-classes
[INFO] The encoding used to copy filtered properties files has not been set. This means that the same encoding will be used to copy filtered properties files as when copying other filtered resources. This might not be what you want! Run your build with --debug to see which files might be affected. Read more at https://maven.apache.org/plugins/maven-resources-plugin/examples/filtering-properties-files.html
[INFO] 
[INFO] --- compiler:3.14.1:testCompile (default-testCompile) @ graylog2-server ---
[WARNING]  Parameter 'forceJavacCompilerUse' (user property 'maven.compiler.forceJavacCompilerUse') is deprecated: Use forceLegacyJavacApi instead
[INFO] Compiling 1 source file with javac [debug deprecation release 21] to target/test-classes
[INFO] 
[INFO] --- dependency:3.7.0:properties (default) @ graylog2-server ---
[INFO] 
[INFO] --- forbiddenapis:3.10:testCheck (forbidden-apis-test) @ graylog2-server ---
[INFO] Scanning for classes to check...
[INFO] Reading bundled API signatures: jdk-unsafe-14
[INFO] Reading bundled API signatures: jdk-deprecated-21
[INFO] Reading bundled API signatures: jdk-reflection
[INFO] Reading bundled API signatures: jdk-non-portable
[WARNING] Bundled signatures 'commons-io-unsafe-2.21.0' not found, choosing next lower available signature: commons-io-unsafe-2.20.0
[INFO] Reading bundled API signatures: commons-io-unsafe-2.20.0
[INFO] Reading inline API signatures...
[INFO] Loading classes to check...
[INFO] Scanning classes for violations...
[INFO] Scanned 1544 class file(s) for forbidden API invocations (in 1.50s), 0 error(s).
[INFO] 
[INFO] --- surefire:3.5.4:test (default-test) @ graylog2-server ---
[INFO] Using auto detected provider org.apache.maven.surefire.junitplatform.JUnitPlatformProvider
[INFO] 
[INFO] -------------------------------------------------------
[INFO]  T E S T S
[INFO] -------------------------------------------------------
[INFO] Running org.graylog2.cluster.lock.RefreshingLockServiceTest
OpenJDK 64-Bit Server VM warning: Sharing is only supported for boot loader classes because bootstrap classpath has been appended
[INFO] Tests run: 2, Failures: 0, Errors: 0, Skipped: 0, Time elapsed: 0.869 s -- in org.graylog2.cluster.lock.RefreshingLockServiceTest
[INFO] 
[INFO] Results:
[INFO] 
[INFO] Tests run: 2, Failures: 0, Errors: 0, Skipped: 0
[INFO] 
[INFO] 
[INFO] -------------< org.graylog.plugins:graylog-plugin-parent >--------------
[INFO] Building Graylog Plugin Parent POM 7.1.0-SNAPSHOT                 [4/12]
[INFO]   from graylog-plugin-parent/pom.xml
[INFO] --------------------------------[ pom ]---------------------------------
Downloading from central: https://repo.maven.apache.org/maven2/io/opentelemetry/opentelemetry-api/1.57.0/opentelemetry-api-1.57.0.pom
Progress (1): 1.0 kBProgress (1): 1.8 kB                    Downloaded from central: https://repo.maven.apache.org/maven2/io/opentelemetry/opentelemetry-api/1.57.0/opentelemetry-api-1.57.0.pom (1.8 kB at 7.4 kB/s)
Downloading from central: https://repo.maven.apache.org/maven2/io/opentelemetry/opentelemetry-context/1.57.0/opentelemetry-context-1.57.0.pom
Progress (1): 988 BProgress (1): 1.8 kB                    Downloaded from central: https://repo.maven.apache.org/maven2/io/opentelemetry/opentelemetry-context/1.57.0/opentelemetry-context-1.57.0.pom (1.8 kB at 49 kB/s)
Downloading from central: https://repo.maven.apache.org/maven2/io/opentelemetry/opentelemetry-common/1.57.0/opentelemetry-common-1.57.0.pom
Progress (1): 1.0 kBProgress (1): 1.6 kB                    Downloaded from central: https://repo.maven.apache.org/maven2/io/opentelemetry/opentelemetry-common/1.57.0/opentelemetry-common-1.57.0.pom (1.6 kB at 47 kB/s)
Downloading from central: https://repo.maven.apache.org/maven2/com/google/errorprone/error_prone_annotations/2.43.0/error_prone_annotations-2.43.0.pom
Progress (1): 759 BProgress (1): 2.7 kBProgress (1): 4.3 kB                    Downloaded from central: https://repo.maven.apache.org/maven2/com/google/errorprone/error_prone_annotations/2.43.0/error_prone_annotations-2.43.0.pom (4.3 kB at 133 kB/s)
Downloading from central: https://repo.maven.apache.org/maven2/com/google/errorprone/error_prone_parent/2.43.0/error_prone_parent-2.43.0.pom
Progress (1): 728 BProgress (1): 2.2 kBProgress (1): 4.1 kBProgress (1): 6.4 kBProgress (1): 11 kB Progress (1): 14 kBProgress (1): 16 kB                   Downloaded from central: https://repo.maven.apache.org/maven2/com/google/errorprone/error_prone_parent/2.43.0/error_prone_parent-2.43.0.pom (16 kB at 482 kB/s)
Downloading from central: https://repo.maven.apache.org/maven2/com/google/guava/guava/maven-metadata.xml
Progress (1): 4.8 kBProgress (1): 5.7 kB                    Downloaded from central: https://repo.maven.apache.org/maven2/com/google/guava/guava/maven-metadata.xml (5.7 kB at 184 kB/s)
Downloading from central: https://repo.maven.apache.org/maven2/com/google/guava/guava/10.0.1/guava-10.0.1.pom
Progress (1): 898 BProgress (1): 3.2 kBProgress (1): 5.4 kB                    Downloaded from central: https://repo.maven.apache.org/maven2/com/google/guava/guava/10.0.1/guava-10.0.1.pom (5.4 kB at 168 kB/s)
Downloading from central: https://repo.maven.apache.org/maven2/com/google/guava/guava-parent/10.0.1/guava-parent-10.0.1.pom
Progress (1): 1.1 kBProgress (1): 2.0 kB                    Downloaded from central: https://repo.maven.apache.org/maven2/com/google/guava/guava-parent/10.0.1/guava-parent-10.0.1.pom (2.0 kB at 63 kB/s)
Downloading from central: https://repo.maven.apache.org/maven2/com/google/code/findbugs/jsr305/1.3.9/jsr305-1.3.9.pom
Progress (1): 965 B                   Downloaded from central: https://repo.maven.apache.org/maven2/com/google/code/findbugs/jsr305/1.3.9/jsr305-1.3.9.pom (965 B at 30 kB/s)
Downloading from central: https://repo.maven.apache.org/maven2/com/google/guava/guava/11.0-rc1/guava-11.0-rc1.pom
Progress (1): 898 BProgress (1): 3.2 kBProgress (1): 5.5 kB                    Downloaded from central: https://repo.maven.apache.org/maven2/com/google/guava/guava/11.0-rc1/guava-11.0-rc1.pom (5.5 kB at 177 kB/s)
Downloading from central: https://repo.maven.apache.org/maven2/com/google/guava/guava-parent/11.0-rc1/guava-parent-11.0-rc1.pom
Progress (1): 1.1 kBProgress (1): 2.0 kB                    Downloaded from central: https://repo.maven.apache.org/maven2/com/google/guava/guava-parent/11.0-rc1/guava-parent-11.0-rc1.pom (2.0 kB at 75 kB/s)
Downloading from central: https://repo.maven.apache.org/maven2/com/google/guava/guava/11.0/guava-11.0.pom
Progress (1): 907 BProgress (1): 3.2 kBProgress (1): 5.5 kB                    Downloaded from central: https://repo.maven.apache.org/maven2/com/google/guava/guava/11.0/guava-11.0.pom (5.5 kB at 238 kB/s)
Downloading from central: https://repo.maven.apache.org/maven2/com/google/guava/guava-parent/11.0/guava-parent-11.0.pom
Progress (1): 1.1 kBProgress (1): 2.0 kB                    Downloaded from central: https://repo.maven.apache.org/maven2/com/google/guava/guava-parent/11.0/guava-parent-11.0.pom (2.0 kB at 67 kB/s)
Downloading from central: https://repo.maven.apache.org/maven2/com/google/guava/guava/11.0.1/guava-11.0.1.pom
Progress (1): 898 BProgress (1): 3.2 kBProgress (1): 5.5 kB                    Downloaded from central: https://repo.maven.apache.org/maven2/com/google/guava/guava/11.0.1/guava-11.0.1.pom (5.5 kB at 182 kB/s)
Downloading from central: https://repo.maven.apache.org/maven2/com/google/guava/guava-parent/11.0.1/guava-parent-11.0.1.pom
Progress (1): 1.1 kBProgress (1): 2.0 kB                    Downloaded from central: https://repo.maven.apache.org/maven2/com/google/guava/guava-parent/11.0.1/guava-parent-11.0.1.pom (2.0 kB at 59 kB/s)
Downloading from central: https://repo.maven.apache.org/maven2/com/google/guava/guava/11.0.2/guava-11.0.2.pom
Progress (1): 898 BProgress (1): 3.2 kBProgress (1): 5.5 kB                    Downloaded from central: https://repo.maven.apache.org/maven2/com/google/guava/guava/11.0.2/guava-11.0.2.pom (5.5 kB at 182 kB/s)
Downloading from central: https://repo.maven.apache.org/maven2/com/google/guava/guava-parent/11.0.2/guava-parent-11.0.2.pom
Progress (1): 1.1 kBProgress (1): 2.0 kB                    Downloaded from central: https://repo.maven.apache.org/maven2/com/google/guava/guava-parent/11.0.2/guava-parent-11.0.2.pom (2.0 kB at 65 kB/s)
Downloading from central: https://repo.maven.apache.org/maven2/com/google/guava/guava/12.0-rc1/guava-12.0-rc1.pom
Progress (1): 895 BProgress (1): 3.2 kBProgress (1): 5.5 kB                    Downloaded from central: https://repo.maven.apache.org/maven2/com/google/guava/guava/12.0-rc1/guava-12.0-rc1.pom (5.5 kB at 189 kB/s)
Downloading from central: https://repo.maven.apache.org/maven2/com/google/guava/guava-parent/12.0-rc1/guava-parent-12.0-rc1.pom
Progress (1): 1.1 kBProgress (1): 2.0 kB                    Downloaded from central: https://repo.maven.apache.org/maven2/com/google/guava/guava-parent/12.0-rc1/guava-parent-12.0-rc1.pom (2.0 kB at 63 kB/s)
Downloading from central: https://repo.maven.apache.org/maven2/com/google/guava/guava/12.0-rc2/guava-12.0-rc2.pom
Progress (1): 1.0 kBProgress (1): 3.8 kBProgress (1): 5.3 kB                    Downloaded from central: https://repo.maven.apache.org/maven2/com/google/guava/guava/12.0-rc2/guava-12.0-rc2.pom (5.3 kB at 183 kB/s)
Downloading from central: https://repo.maven.apache.org/maven2/com/google/guava/guava-parent/12.0-rc2/guava-parent-12.0-rc2.pom
Progress (1): 1.1 kBProgress (1): 2.5 kB                    Downloaded from central: https://repo.maven.apache.org/maven2/com/google/guava/guava-parent/12.0-rc2/guava-parent-12.0-rc2.pom (2.5 kB at 81 kB/s)
Downloading from central: https://repo.maven.apache.org/maven2/com/google/guava/guava/12.0/guava-12.0.pom
Progress (1): 1.0 kBProgress (1): 3.8 kBProgress (1): 5.3 kB                    Downloaded from central: https://repo.maven.apache.org/maven2/com/google/guava/guava/12.0/guava-12.0.pom (5.3 kB at 171 kB/s)
Downloading from central: https://repo.maven.apache.org/maven2/com/google/guava/guava-parent/12.0/guava-parent-12.0.pom
Progress (1): 1.1 kBProgress (1): 2.8 kB                    Downloaded from central: https://repo.maven.apache.org/maven2/com/google/guava/guava-parent/12.0/guava-parent-12.0.pom (2.8 kB at 92 kB/s)
Downloading from central: https://repo.maven.apache.org/maven2/com/google/guava/guava/12.0.1/guava-12.0.1.pom
Progress (1): 1.0 kBProgress (1): 3.8 kBProgress (1): 5.3 kB                    Downloaded from central: https://repo.maven.apache.org/maven2/com/google/guava/guava/12.0.1/guava-12.0.1.pom (5.3 kB at 197 kB/s)
Downloading from central: https://repo.maven.apache.org/maven2/com/google/guava/guava-parent/12.0.1/guava-parent-12.0.1.pom
Progress (1): 1.1 kBProgress (1): 2.5 kB                    Downloaded from central: https://repo.maven.apache.org/maven2/com/google/guava/guava-parent/12.0.1/guava-parent-12.0.1.pom (2.5 kB at 92 kB/s)
Downloading from central: https://repo.maven.apache.org/maven2/com/google/guava/guava/13.0-rc1/guava-13.0-rc1.pom
Progress (1): 992 BProgress (1): 3.8 kBProgress (1): 5.3 kB                    Downloaded from central: https://repo.maven.apache.org/maven2/com/google/guava/guava/13.0-rc1/guava-13.0-rc1.pom (5.3 kB at 173 kB/s)
Downloading from central: https://repo.maven.apache.org/maven2/com/google/guava/guava-parent/13.0-rc1/guava-parent-13.0-rc1.pom
Progress (1): 1.1 kBProgress (1): 2.6 kB                    Downloaded from central: https://repo.maven.apache.org/maven2/com/google/guava/guava-parent/13.0-rc1/guava-parent-13.0-rc1.pom (2.6 kB at 98 kB/s)
Downloading from central: https://repo.maven.apache.org/maven2/com/google/guava/guava/13.0-rc2/guava-13.0-rc2.pom
Progress (1): 991 BProgress (1): 3.8 kBProgress (1): 5.3 kB                    Downloaded from central: https://repo.maven.apache.org/maven2/com/google/guava/guava/13.0-rc2/guava-13.0-rc2.pom (5.3 kB at 198 kB/s)
Downloading from central: https://repo.maven.apache.org/maven2/com/google/guava/guava-parent/13.0-rc2/guava-parent-13.0-rc2.pom
Progress (1): 1.1 kBProgress (1): 2.6 kB                    Downloaded from central: https://repo.maven.apache.org/maven2/com/google/guava/guava-parent/13.0-rc2/guava-parent-13.0-rc2.pom (2.6 kB at 88 kB/s)
Downloading from central: https://repo.maven.apache.org/maven2/com/google/guava/guava/13.0/guava-13.0.pom
Progress (1): 998 BProgress (1): 3.8 kBProgress (1): 5.3 kB                    Downloaded from central: https://repo.maven.apache.org/maven2/com/google/guava/guava/13.0/guava-13.0.pom (5.3 kB at 191 kB/s)
Downloading from central: https://repo.maven.apache.org/maven2/com/google/guava/guava-parent/13.0/guava-parent-13.0.pom
Progress (1): 1.1 kBProgress (1): 2.6 kB                    Downloaded from central: https://repo.maven.apache.org/maven2/com/google/guava/guava-parent/13.0/guava-parent-13.0.pom (2.6 kB at 88 kB/s)
Downloading from central: https://repo.maven.apache.org/maven2/com/google/guava/guava/13.0.1/guava-13.0.1.pom
Progress (1): 990 BProgress (1): 3.8 kBProgress (1): 5.3 kB                    Downloaded from central: https://repo.maven.apache.org/maven2/com/google/guava/guava/13.0.1/guava-13.0.1.pom (5.3 kB at 191 kB/s)
Downloading from central: https://repo.maven.apache.org/maven2/com/google/guava/guava-parent/13.0.1/guava-parent-13.0.1.pom
Progress (1): 1.1 kBProgress (1): 2.6 kB                    Downloaded from central: https://repo.maven.apache.org/maven2/com/google/guava/guava-parent/13.0.1/guava-parent-13.0.1.pom (2.6 kB at 88 kB/s)
Downloading from central: https://repo.maven.apache.org/maven2/com/google/guava/guava/14.0-rc1/guava-14.0-rc1.pom
Progress (1): 1.0 kBProgress (1): 3.9 kBProgress (1): 5.3 kB                    Downloaded from central: https://repo.maven.apache.org/maven2/com/google/guava/guava/14.0-rc1/guava-14.0-rc1.pom (5.3 kB at 195 kB/s)
Downloading from central: https://repo.maven.apache.org/maven2/com/google/guava/guava-parent/14.0-rc1/guava-parent-14.0-rc1.pom
Progress (1): 1.1 kBProgress (1): 2.6 kB                    Downloaded from central: https://repo.maven.apache.org/maven2/com/google/guava/guava-parent/14.0-rc1/guava-parent-14.0-rc1.pom (2.6 kB at 98 kB/s)
Downloading from central: https://repo.maven.apache.org/maven2/com/google/guava/guava/14.0-rc2/guava-14.0-rc2.pom
Progress (1): 995 BProgress (1): 3.9 kBProgress (1): 5.4 kB                    Downloaded from central: https://repo.maven.apache.org/maven2/com/google/guava/guava/14.0-rc2/guava-14.0-rc2.pom (5.4 kB at 207 kB/s)
Downloading from central: https://repo.maven.apache.org/maven2/com/google/guava/guava-parent/14.0-rc2/guava-parent-14.0-rc2.pom
Progress (1): 1.1 kBProgress (1): 2.6 kB                    Downloaded from central: https://repo.maven.apache.org/maven2/com/google/guava/guava-parent/14.0-rc2/guava-parent-14.0-rc2.pom (2.6 kB at 95 kB/s)
Downloading from central: https://repo.maven.apache.org/maven2/com/google/guava/guava/14.0-rc3/guava-14.0-rc3.pom
Progress (1): 995 BProgress (1): 3.9 kBProgress (1): 5.4 kB                    Downloaded from central: https://repo.maven.apache.org/maven2/com/google/guava/guava/14.0-rc3/guava-14.0-rc3.pom (5.4 kB at 199 kB/s)
Downloading from central: https://repo.maven.apache.org/maven2/com/google/guava/guava-parent/14.0-rc3/guava-parent-14.0-rc3.pom
Progress (1): 1.1 kBProgress (1): 2.6 kB                    Downloaded from central: https://repo.maven.apache.org/maven2/com/google/guava/guava-parent/14.0-rc3/guava-parent-14.0-rc3.pom (2.6 kB at 91 kB/s)
Downloading from central: https://repo.maven.apache.org/maven2/com/google/guava/guava/14.0/guava-14.0.pom
Progress (1): 994 BProgress (1): 3.9 kBProgress (1): 5.4 kB                    Downloaded from central: https://repo.maven.apache.org/maven2/com/google/guava/guava/14.0/guava-14.0.pom (5.4 kB at 199 kB/s)
Downloading from central: https://repo.maven.apache.org/maven2/com/google/guava/guava-parent/14.0/guava-parent-14.0.pom
Progress (1): 1.1 kBProgress (1): 2.6 kB                    Downloaded from central: https://repo.maven.apache.org/maven2/com/google/guava/guava-parent/14.0/guava-parent-14.0.pom (2.6 kB at 82 kB/s)
Downloading from central: https://repo.maven.apache.org/maven2/com/google/guava/guava/14.0.1/guava-14.0.1.pom
Progress (1): 996 BProgress (1): 3.9 kBProgress (1): 5.4 kB                    Downloaded from central: https://repo.maven.apache.org/maven2/com/google/guava/guava/14.0.1/guava-14.0.1.pom (5.4 kB at 192 kB/s)
Downloading from central: https://repo.maven.apache.org/maven2/com/google/guava/guava-parent/14.0.1/guava-parent-14.0.1.pom
Progress (1): 1.1 kBProgress (1): 2.6 kB                    Downloaded from central: https://repo.maven.apache.org/maven2/com/google/guava/guava-parent/14.0.1/guava-parent-14.0.1.pom (2.6 kB at 91 kB/s)
Downloading from central: https://repo.maven.apache.org/maven2/com/google/guava/guava/15.0-rc1/guava-15.0-rc1.pom
Progress (1): 973 BProgress (1): 3.0 kBProgress (1): 5.4 kBProgress (1): 6.3 kB                    Downloaded from central: https://repo.maven.apache.org/maven2/com/google/guava/guava/15.0-rc1/guava-15.0-rc1.pom (6.3 kB at 223 kB/s)
Downloading from central: https://repo.maven.apache.org/maven2/com/google/guava/guava-parent/15.0-rc1/guava-parent-15.0-rc1.pom
Progress (1): 1.1 kBProgress (1): 2.9 kBProgress (1): 6.3 kBProgress (1): 7.3 kB                    Downloaded from central: https://repo.maven.apache.org/maven2/com/google/guava/guava-parent/15.0-rc1/guava-parent-15.0-rc1.pom (7.3 kB at 253 kB/s)
Downloading from central: https://repo.maven.apache.org/maven2/com/google/guava/guava/15.0/guava-15.0.pom
Progress (1): 982 BProgress (1): 3.0 kBProgress (1): 5.4 kBProgress (1): 6.3 kB                    Downloaded from central: https://repo.maven.apache.org/maven2/com/google/guava/guava/15.0/guava-15.0.pom (6.3 kB at 250 kB/s)
Downloading from central: https://repo.maven.apache.org/maven2/com/google/guava/guava-parent/15.0/guava-parent-15.0.pom
Progress (1): 1.1 kBProgress (1): 2.9 kBProgress (1): 6.3 kBProgress (1): 7.3 kB                    Downloaded from central: https://repo.maven.apache.org/maven2/com/google/guava/guava-parent/15.0/guava-parent-15.0.pom (7.3 kB at 262 kB/s)
Downloading from central: https://repo.maven.apache.org/maven2/com/google/guava/guava/16.0-rc1/guava-16.0-rc1.pom
Progress (1): 954 BProgress (1): 2.8 kBProgress (1): 5.2 kBProgress (1): 6.1 kB                    Downloaded from central: https://repo.maven.apache.org/maven2/com/google/guava/guava/16.0-rc1/guava-16.0-rc1.pom (6.1 kB at 185 kB/s)
Downloading from central: https://repo.maven.apache.org/maven2/com/google/guava/guava-parent/16.0-rc1/guava-parent-16.0-rc1.pom
Progress (1): 1.0 kBProgress (1): 2.9 kBProgress (1): 6.3 kBProgress (1): 7.3 kB                    Downloaded from central: https://repo.maven.apache.org/maven2/com/google/guava/guava-parent/16.0-rc1/guava-parent-16.0-rc1.pom (7.3 kB at 253 kB/s)
Downloading from central: https://repo.maven.apache.org/maven2/com/google/guava/guava/16.0/guava-16.0.pom
Progress (1): 959 BProgress (1): 2.8 kBProgress (1): 5.3 kBProgress (1): 6.1 kB                    Downloaded from central: https://repo.maven.apache.org/maven2/com/google/guava/guava/16.0/guava-16.0.pom (6.1 kB at 218 kB/s)
Downloading from central: https://repo.maven.apache.org/maven2/com/google/guava/guava-parent/16.0/guava-parent-16.0.pom
Progress (1): 1.1 kBProgress (1): 2.9 kBProgress (1): 6.3 kBProgress (1): 7.3 kB                    Downloaded from central: https://repo.maven.apache.org/maven2/com/google/guava/guava-parent/16.0/guava-parent-16.0.pom (7.3 kB at 272 kB/s)
Downloading from central: https://repo.maven.apache.org/maven2/com/google/guava/guava/16.0.1/guava-16.0.1.pom
Progress (1): 956 BProgress (1): 2.8 kBProgress (1): 5.3 kBProgress (1): 6.1 kB                    Downloaded from central: https://repo.maven.apache.org/maven2/com/google/guava/guava/16.0.1/guava-16.0.1.pom (6.1 kB at 218 kB/s)
Downloading from central: https://repo.maven.apache.org/maven2/com/google/guava/guava-parent/16.0.1/guava-parent-16.0.1.pom
Progress (1): 1.1 kBProgress (1): 2.9 kBProgress (1): 6.3 kBProgress (1): 7.3 kB                    Downloaded from central: https://repo.maven.apache.org/maven2/com/google/guava/guava-parent/16.0.1/guava-parent-16.0.1.pom (7.3 kB at 306 kB/s)
Downloading from central: https://repo.maven.apache.org/maven2/com/google/guava/guava/17.0-rc1/guava-17.0-rc1.pom
Progress (1): 957 BProgress (1): 2.8 kBProgress (1): 5.1 kBProgress (1): 5.6 kB                    Downloaded from central: https://repo.maven.apache.org/maven2/com/google/guava/guava/17.0-rc1/guava-17.0-rc1.pom (5.6 kB at 225 kB/s)
Downloading from central: https://repo.maven.apache.org/maven2/com/google/guava/guava-parent/17.0-rc1/guava-parent-17.0-rc1.pom
Progress (1): 1.0 kBProgress (1): 2.9 kBProgress (1): 6.2 kBProgress (1): 7.8 kB                    Downloaded from central: https://repo.maven.apache.org/maven2/com/google/guava/guava-parent/17.0-rc1/guava-parent-17.0-rc1.pom (7.8 kB at 314 kB/s)
Downloading from central: https://repo.maven.apache.org/maven2/com/google/guava/guava/17.0-rc2/guava-17.0-rc2.pom
Progress (1): 956 BProgress (1): 2.8 kBProgress (1): 5.1 kBProgress (1): 5.6 kB                    Downloaded from central: https://repo.maven.apache.org/maven2/com/google/guava/guava/17.0-rc2/guava-17.0-rc2.pom (5.6 kB at 225 kB/s)
Downloading from central: https://repo.maven.apache.org/maven2/com/google/guava/guava-parent/17.0-rc2/guava-parent-17.0-rc2.pom
Progress (1): 1.0 kBProgress (1): 2.9 kBProgress (1): 6.2 kBProgress (1): 7.8 kB                    Downloaded from central: https://repo.maven.apache.org/maven2/com/google/guava/guava-parent/17.0-rc2/guava-parent-17.0-rc2.pom (7.8 kB at 341 kB/s)
Downloading from central: https://repo.maven.apache.org/maven2/com/google/guava/guava/17.0/guava-17.0.pom
Progress (1): 959 BProgress (1): 2.8 kBProgress (1): 5.1 kBProgress (1): 5.6 kB                    Downloaded from central: https://repo.maven.apache.org/maven2/com/google/guava/guava/17.0/guava-17.0.pom (5.6 kB at 225 kB/s)
Downloading from central: https://repo.maven.apache.org/maven2/com/google/guava/guava-parent/17.0/guava-parent-17.0.pom
Progress (1): 1.0 kBProgress (1): 2.9 kBProgress (1): 6.3 kBProgress (1): 7.8 kB                    Downloaded from central: https://repo.maven.apache.org/maven2/com/google/guava/guava-parent/17.0/guava-parent-17.0.pom (7.8 kB at 301 kB/s)
Downloading from central: https://repo.maven.apache.org/maven2/com/google/guava/guava/18.0-rc1/guava-18.0-rc1.pom
Progress (1): 954 BProgress (1): 2.8 kBProgress (1): 5.0 kBProgress (1): 5.7 kB                    Downloaded from central: https://repo.maven.apache.org/maven2/com/google/guava/guava/18.0-rc1/guava-18.0-rc1.pom (5.7 kB at 236 kB/s)
Downloading from central: https://repo.maven.apache.org/maven2/com/google/guava/guava-parent/18.0-rc1/guava-parent-18.0-rc1.pom
Progress (1): 1.0 kBProgress (1): 2.9 kBProgress (1): 6.2 kBProgress (1): 7.7 kB                    Downloaded from central: https://repo.maven.apache.org/maven2/com/google/guava/guava-parent/18.0-rc1/guava-parent-18.0-rc1.pom (7.7 kB at 308 kB/s)
Downloading from central: https://repo.maven.apache.org/maven2/com/google/guava/guava/18.0-rc2/guava-18.0-rc2.pom
Progress (1): 954 BProgress (1): 2.8 kBProgress (1): 5.0 kBProgress (1): 5.7 kB                    Downloaded from central: https://repo.maven.apache.org/maven2/com/google/guava/guava/18.0-rc2/guava-18.0-rc2.pom (5.7 kB at 236 kB/s)
Downloading from central: https://repo.maven.apache.org/maven2/com/google/guava/guava-parent/18.0-rc2/guava-parent-18.0-rc2.pom
Progress (1): 1.1 kBProgress (1): 2.9 kBProgress (1): 6.3 kBProgress (1): 7.7 kB                    Downloaded from central: https://repo.maven.apache.org/maven2/com/google/guava/guava-parent/18.0-rc2/guava-parent-18.0-rc2.pom (7.7 kB at 296 kB/s)
Downloading from central: https://repo.maven.apache.org/maven2/com/google/guava/guava/18.0/guava-18.0.pom
Progress (1): 955 BProgress (1): 2.8 kBProgress (1): 5.0 kBProgress (1): 5.7 kB                    Downloaded from central: https://repo.maven.apache.org/maven2/com/google/guava/guava/18.0/guava-18.0.pom (5.7 kB at 210 kB/s)
Downloading from central: https://repo.maven.apache.org/maven2/com/google/guava/guava-parent/18.0/guava-parent-18.0.pom
Progress (1): 1.1 kBProgress (1): 2.9 kBProgress (1): 6.3 kBProgress (1): 7.7 kB                    Downloaded from central: https://repo.maven.apache.org/maven2/com/google/guava/guava-parent/18.0/guava-parent-18.0.pom (7.7 kB at 274 kB/s)
Downloading from central: https://repo.maven.apache.org/maven2/com/google/guava/guava/19.0-rc1/guava-19.0-rc1.pom
Progress (1): 939 BProgress (1): 2.9 kBProgress (1): 5.2 kBProgress (1): 6.8 kB                    Downloaded from central: https://repo.maven.apache.org/maven2/com/google/guava/guava/19.0-rc1/guava-19.0-rc1.pom (6.8 kB at 295 kB/s)
Downloading from central: https://repo.maven.apache.org/maven2/com/google/guava/guava-parent/19.0-rc1/guava-parent-19.0-rc1.pom
Progress (1): 964 BProgress (1): 2.8 kBProgress (1): 6.1 kBProgress (1): 9.9 kB                    Downloaded from central: https://repo.maven.apache.org/maven2/com/google/guava/guava-parent/19.0-rc1/guava-parent-19.0-rc1.pom (9.9 kB at 341 kB/s)
Downloading from central: https://repo.maven.apache.org/maven2/com/google/guava/guava/19.0-rc2/guava-19.0-rc2.pom
Progress (1): 939 BProgress (1): 2.9 kBProgress (1): 5.2 kBProgress (1): 6.8 kB                    Downloaded from central: https://repo.maven.apache.org/maven2/com/google/guava/guava/19.0-rc2/guava-19.0-rc2.pom (6.8 kB at 283 kB/s)
Downloading from central: https://repo.maven.apache.org/maven2/com/google/guava/guava-parent/19.0-rc2/guava-parent-19.0-rc2.pom
Progress (1): 964 BProgress (1): 2.8 kBProgress (1): 6.1 kBProgress (1): 9.9 kB                    Downloaded from central: https://repo.maven.apache.org/maven2/com/google/guava/guava-parent/19.0-rc2/guava-parent-19.0-rc2.pom (9.9 kB at 395 kB/s)
Downloading from central: https://repo.maven.apache.org/maven2/com/google/guava/guava/19.0-rc3/guava-19.0-rc3.pom
Progress (1): 939 BProgress (1): 2.9 kBProgress (1): 5.2 kBProgress (1): 6.8 kB                    Downloaded from central: https://repo.maven.apache.org/maven2/com/google/guava/guava/19.0-rc3/guava-19.0-rc3.pom (6.8 kB at 243 kB/s)
Downloading from central: https://repo.maven.apache.org/maven2/com/google/guava/guava-parent/19.0-rc3/guava-parent-19.0-rc3.pom
Progress (1): 984 BProgress (1): 2.9 kBProgress (1): 6.1 kBProgress (1): 7.8 kBProgress (1): 9.9 kB                    Downloaded from central: https://repo.maven.apache.org/maven2/com/google/guava/guava-parent/19.0-rc3/guava-parent-19.0-rc3.pom (9.9 kB at 366 kB/s)
Downloading from central: https://repo.maven.apache.org/maven2/com/google/guava/guava/19.0/guava-19.0.pom
Progress (1): 947 BProgress (1): 2.9 kBProgress (1): 5.2 kBProgress (1): 6.8 kB                    Downloaded from central: https://repo.maven.apache.org/maven2/com/google/guava/guava/19.0/guava-19.0.pom (6.8 kB at 194 kB/s)
Downloading from central: https://repo.maven.apache.org/maven2/com/google/guava/guava-parent/19.0/guava-parent-19.0.pom
Progress (1): 964 BProgress (1): 2.8 kBProgress (1): 6.1 kBProgress (1): 9.9 kB                    Downloaded from central: https://repo.maven.apache.org/maven2/com/google/guava/guava-parent/19.0/guava-parent-19.0.pom (9.9 kB at 329 kB/s)
Downloading from central: https://repo.maven.apache.org/maven2/com/google/guava/guava/20.0-rc1/guava-20.0-rc1.pom
Progress (1): 942 BProgress (1): 2.9 kBProgress (1): 5.2 kBProgress (1): 6.8 kB                    Downloaded from central: https://repo.maven.apache.org/maven2/com/google/guava/guava/20.0-rc1/guava-20.0-rc1.pom (6.8 kB at 244 kB/s)
Downloading from central: https://repo.maven.apache.org/maven2/com/google/guava/guava-parent/20.0-rc1/guava-parent-20.0-rc1.pom
Progress (1): 968 BProgress (1): 2.8 kBProgress (1): 6.1 kBProgress (1): 9.9 kB                    Downloaded from central: https://repo.maven.apache.org/maven2/com/google/guava/guava-parent/20.0-rc1/guava-parent-20.0-rc1.pom (9.9 kB at 412 kB/s)
Downloading from central: https://repo.maven.apache.org/maven2/com/google/guava/guava/20.0/guava-20.0.pom
Progress (1): 952 BProgress (1): 3.0 kBProgress (1): 5.2 kBProgress (1): 6.8 kB                    Downloaded from central: https://repo.maven.apache.org/maven2/com/google/guava/guava/20.0/guava-20.0.pom (6.8 kB at 285 kB/s)
Downloading from central: https://repo.maven.apache.org/maven2/com/google/guava/guava-parent/20.0/guava-parent-20.0.pom
Progress (1): 964 BProgress (1): 2.8 kBProgress (1): 6.1 kBProgress (1): 9.9 kB                    Downloaded from central: https://repo.maven.apache.org/maven2/com/google/guava/guava-parent/20.0/guava-parent-20.0.pom (9.9 kB at 412 kB/s)
Downloading from central: https://repo.maven.apache.org/maven2/com/google/guava/guava/21.0-rc1/guava-21.0-rc1.pom
Progress (1): 937 BProgress (1): 2.9 kBProgress (1): 5.2 kBProgress (1): 7.0 kB                    Downloaded from central: https://repo.maven.apache.org/maven2/com/google/guava/guava/21.0-rc1/guava-21.0-rc1.pom (7.0 kB at 260 kB/s)
Downloading from central: https://repo.maven.apache.org/maven2/com/google/guava/guava-parent/21.0-rc1/guava-parent-21.0-rc1.pom
Progress (1): 964 BProgress (1): 2.8 kBProgress (1): 6.1 kBProgress (1): 9.7 kB                    Downloaded from central: https://repo.maven.apache.org/maven2/com/google/guava/guava-parent/21.0-rc1/guava-parent-21.0-rc1.pom (9.7 kB at 440 kB/s)
Downloading from central: https://repo.maven.apache.org/maven2/com/google/guava/guava/21.0-rc2/guava-21.0-rc2.pom
Progress (1): 937 BProgress (1): 2.9 kBProgress (1): 5.2 kBProgress (1): 7.0 kB                    Downloaded from central: https://repo.maven.apache.org/maven2/com/google/guava/guava/21.0-rc2/guava-21.0-rc2.pom (7.0 kB at 280 kB/s)
Downloading from central: https://repo.maven.apache.org/maven2/com/google/guava/guava-parent/21.0-rc2/guava-parent-21.0-rc2.pom
Progress (1): 964 BProgress (1): 2.8 kBProgress (1): 6.1 kBProgress (1): 9.7 kB                    Downloaded from central: https://repo.maven.apache.org/maven2/com/google/guava/guava-parent/21.0-rc2/guava-parent-21.0-rc2.pom (9.7 kB at 420 kB/s)
Downloading from central: https://repo.maven.apache.org/maven2/com/google/guava/guava/21.0/guava-21.0.pom
Progress (1): 938 BProgress (1): 2.9 kBProgress (1): 5.2 kBProgress (1): 7.0 kB                    Downloaded from central: https://repo.maven.apache.org/maven2/com/google/guava/guava/21.0/guava-21.0.pom (7.0 kB at 305 kB/s)
Downloading from central: https://repo.maven.apache.org/maven2/com/google/guava/guava-parent/21.0/guava-parent-21.0.pom
Progress (1): 964 BProgress (1): 2.8 kBProgress (1): 6.1 kBProgress (1): 9.7 kB                    Downloaded from central: https://repo.maven.apache.org/maven2/com/google/guava/guava-parent/21.0/guava-parent-21.0.pom (9.7 kB at 403 kB/s)
Downloading from central: https://repo.maven.apache.org/maven2/com/google/guava/guava/22.0-rc1/guava-22.0-rc1.pom
Progress (1): 1.0 kBProgress (1): 2.9 kBProgress (1): 5.2 kBProgress (1): 5.7 kB                    Downloaded from central: https://repo.maven.apache.org/maven2/com/google/guava/guava/22.0-rc1/guava-22.0-rc1.pom (5.7 kB at 258 kB/s)
Downloading from central: https://repo.maven.apache.org/maven2/com/google/guava/guava-parent/22.0-rc1/guava-parent-22.0-rc1.pom
Progress (1): 984 BProgress (1): 2.9 kBProgress (1): 6.1 kBProgress (1): 8.9 kB                    Downloaded from central: https://repo.maven.apache.org/maven2/com/google/guava/guava-parent/22.0-rc1/guava-parent-22.0-rc1.pom (8.9 kB at 385 kB/s)
Downloading from central: https://repo.maven.apache.org/maven2/com/google/errorprone/error_prone_annotations/2.0.18/error_prone_annotations-2.0.18.pom
Progress (1): 853 BProgress (1): 1.6 kB                    Downloaded from central: https://repo.maven.apache.org/maven2/com/google/errorprone/error_prone_annotations/2.0.18/error_prone_annotations-2.0.18.pom (1.6 kB at 56 kB/s)
Downloading from central: https://repo.maven.apache.org/maven2/com/google/errorprone/error_prone_parent/2.0.18/error_prone_parent-2.0.18.pom
Progress (1): 760 BProgress (1): 2.4 kBProgress (1): 5.0 kB                    Downloaded from central: https://repo.maven.apache.org/maven2/com/google/errorprone/error_prone_parent/2.0.18/error_prone_parent-2.0.18.pom (5.0 kB at 201 kB/s)
Downloading from central: https://repo.maven.apache.org/maven2/com/google/j2objc/j2objc-annotations/1.1/j2objc-annotations-1.1.pom
Progress (1): 857 BProgress (1): 2.8 kB                    Downloaded from central: https://repo.maven.apache.org/maven2/com/google/j2objc/j2objc-annotations/1.1/j2objc-annotations-1.1.pom (2.8 kB at 126 kB/s)
Downloading from central: https://repo.maven.apache.org/maven2/org/codehaus/mojo/animal-sniffer-annotations/1.14/animal-sniffer-annotations-1.14.pom
Progress (1): 802 BProgress (1): 2.0 kBProgress (1): 2.5 kB                    Downloaded from central: https://repo.maven.apache.org/maven2/org/codehaus/mojo/animal-sniffer-annotations/1.14/animal-sniffer-annotations-1.14.pom (2.5 kB at 98 kB/s)
Downloading from central: https://repo.maven.apache.org/maven2/org/codehaus/mojo/animal-sniffer-parent/1.14/animal-sniffer-parent-1.14.pom
Progress (1): 785 BProgress (1): 2.0 kBProgress (1): 3.8 kBProgress (1): 4.4 kB                    Downloaded from central: https://repo.maven.apache.org/maven2/org/codehaus/mojo/animal-sniffer-parent/1.14/animal-sniffer-parent-1.14.pom (4.4 kB at 162 kB/s)
Downloading from central: https://repo.maven.apache.org/maven2/org/codehaus/mojo/mojo-parent/34/mojo-parent-34.pom
Progress (1): 753 BProgress (1): 2.8 kBProgress (1): 4.6 kBProgress (1): 8.5 kBProgress (1): 13 kB Progress (1): 15 kBProgress (1): 19 kBProgress (1): 24 kBProgress (1): 24 kB                   Downloaded from central: https://repo.maven.apache.org/maven2/org/codehaus/mojo/mojo-parent/34/mojo-parent-34.pom (24 kB at 1.1 MB/s)
Downloading from central: https://repo.maven.apache.org/maven2/org/codehaus/codehaus-parent/4/codehaus-parent-4.pom
Progress (1): 844 BProgress (1): 2.4 kBProgress (1): 4.8 kBProgress (1): 4.8 kB                    Downloaded from central: https://repo.maven.apache.org/maven2/org/codehaus/codehaus-parent/4/codehaus-parent-4.pom (4.8 kB at 156 kB/s)
Downloading from central: https://repo.maven.apache.org/maven2/com/google/guava/guava/22.0-rc1-android/guava-22.0-rc1-android.pom
Progress (1): 999 BProgress (1): 2.8 kBProgress (1): 5.1 kBProgress (1): 5.7 kB                    Downloaded from central: https://repo.maven.apache.org/maven2/com/google/guava/guava/22.0-rc1-android/guava-22.0-rc1-android.pom (5.7 kB at 211 kB/s)
Downloading from central: https://repo.maven.apache.org/maven2/com/google/guava/guava-parent/22.0-rc1-android/guava-parent-22.0-rc1-android.pom
Progress (1): 970 BProgress (1): 2.8 kBProgress (1): 5.4 kBProgress (1): 8.6 kB                    Downloaded from central: https://repo.maven.apache.org/maven2/com/google/guava/guava-parent/22.0-rc1-android/guava-parent-22.0-rc1-android.pom (8.6 kB at 393 kB/s)
Downloading from central: https://repo.maven.apache.org/maven2/com/google/guava/guava/22.0/guava-22.0.pom
Progress (1): 1.0 kBProgress (1): 2.9 kBProgress (1): 5.2 kBProgress (1): 5.7 kB                    Downloaded from central: https://repo.maven.apache.org/maven2/com/google/guava/guava/22.0/guava-22.0.pom (5.7 kB at 236 kB/s)
Downloading from central: https://repo.maven.apache.org/maven2/com/google/guava/guava-parent/22.0/guava-parent-22.0.pom
Progress (1): 980 BProgress (1): 2.9 kBProgress (1): 6.1 kBProgress (1): 8.9 kB                    Downloaded from central: https://repo.maven.apache.org/maven2/com/google/guava/guava-parent/22.0/guava-parent-22.0.pom (8.9 kB at 385 kB/s)
Downloading from central: https://repo.maven.apache.org/maven2/com/google/guava/guava/22.0-android/guava-22.0-android.pom
Progress (1): 1.0 kBProgress (1): 2.8 kBProgress (1): 5.2 kBProgress (1): 5.7 kB                    Downloaded from central: https://repo.maven.apache.org/maven2/com/google/guava/guava/22.0-android/guava-22.0-android.pom (5.7 kB at 219 kB/s)
Downloading from central: https://repo.maven.apache.org/maven2/com/google/guava/guava-parent/22.0-android/guava-parent-22.0-android.pom
Progress (1): 968 BProgress (1): 2.8 kBProgress (1): 5.4 kBProgress (1): 8.6 kB                    Downloaded from central: https://repo.maven.apache.org/maven2/com/google/guava/guava-parent/22.0-android/guava-parent-22.0-android.pom (8.6 kB at 375 kB/s)
Downloading from central: https://repo.maven.apache.org/maven2/com/google/guava/guava/23.0-rc1/guava-23.0-rc1.pom
Progress (1): 1.2 kBProgress (1): 2.9 kBProgress (1): 5.2 kBProgress (1): 5.6 kB                    Downloaded from central: https://repo.maven.apache.org/maven2/com/google/guava/guava/23.0-rc1/guava-23.0-rc1.pom (5.6 kB at 243 kB/s)
Downloading from central: https://repo.maven.apache.org/maven2/com/google/guava/guava-parent/23.0-rc1/guava-parent-23.0-rc1.pom
Progress (1): 963 BProgress (1): 2.8 kBProgress (1): 5.9 kBProgress (1): 8.5 kBProgress (1): 9.3 kB                    Downloaded from central: https://repo.maven.apache.org/maven2/com/google/guava/guava-parent/23.0-rc1/guava-parent-23.0-rc1.pom (9.3 kB at 374 kB/s)
Downloading from central: https://repo.maven.apache.org/maven2/com/google/guava/guava/23.0-rc1-android/guava-23.0-rc1-android.pom
Progress (1): 1.2 kBProgress (1): 2.9 kBProgress (1): 5.2 kBProgress (1): 5.6 kB                    Downloaded from central: https://repo.maven.apache.org/maven2/com/google/guava/guava/23.0-rc1-android/guava-23.0-rc1-android.pom (5.6 kB at 255 kB/s)
Downloading from central: https://repo.maven.apache.org/maven2/com/google/guava/guava-parent/23.0-rc1-android/guava-parent-23.0-rc1-android.pom
Progress (1): 954 BProgress (1): 2.7 kBProgress (1): 5.1 kBProgress (1): 7.8 kBProgress (1): 9.1 kB                    Downloaded from central: https://repo.maven.apache.org/maven2/com/google/guava/guava-parent/23.0-rc1-android/guava-parent-23.0-rc1-android.pom (9.1 kB at 338 kB/s)
Downloading from central: https://repo.maven.apache.org/maven2/com/google/guava/guava/23.0/guava-23.0.pom
Progress (1): 1.2 kBProgress (1): 3.0 kBProgress (1): 5.2 kBProgress (1): 5.6 kB                    Downloaded from central: https://repo.maven.apache.org/maven2/com/google/guava/guava/23.0/guava-23.0.pom (5.6 kB at 207 kB/s)
Downloading from central: https://repo.maven.apache.org/maven2/com/google/guava/guava-parent/23.0/guava-parent-23.0.pom
Progress (1): 961 BProgress (1): 2.8 kBProgress (1): 5.9 kBProgress (1): 8.5 kBProgress (1): 9.3 kB                    Downloaded from central: https://repo.maven.apache.org/maven2/com/google/guava/guava-parent/23.0/guava-parent-23.0.pom (9.3 kB at 346 kB/s)
Downloading from central: https://repo.maven.apache.org/maven2/com/google/guava/guava/23.0-android/guava-23.0-android.pom
Progress (1): 1.2 kBProgress (1): 2.9 kBProgress (1): 5.2 kBProgress (1): 5.6 kB                    Downloaded from central: https://repo.maven.apache.org/maven2/com/google/guava/guava/23.0-android/guava-23.0-android.pom (5.6 kB at 224 kB/s)
Downloading from central: https://repo.maven.apache.org/maven2/com/google/guava/guava-parent/23.0-android/guava-parent-23.0-android.pom
Progress (1): 950 BProgress (1): 2.8 kBProgress (1): 5.1 kBProgress (1): 7.8 kBProgress (1): 9.1 kB                    Downloaded from central: https://repo.maven.apache.org/maven2/com/google/guava/guava-parent/23.0-android/guava-parent-23.0-android.pom (9.1 kB at 338 kB/s)
Downloading from central: https://repo.maven.apache.org/maven2/com/google/guava/guava/23.1-android/guava-23.1-android.pom
Progress (1): 1.2 kBProgress (1): 2.9 kBProgress (1): 5.2 kBProgress (1): 5.6 kB                    Downloaded from central: https://repo.maven.apache.org/maven2/com/google/guava/guava/23.1-android/guava-23.1-android.pom (5.6 kB at 224 kB/s)
Downloading from central: https://repo.maven.apache.org/maven2/com/google/guava/guava-parent/23.1-android/guava-parent-23.1-android.pom
Progress (1): 950 BProgress (1): 2.7 kBProgress (1): 5.1 kBProgress (1): 7.8 kBProgress (1): 9.1 kB                    Downloaded from central: https://repo.maven.apache.org/maven2/com/google/guava/guava-parent/23.1-android/guava-parent-23.1-android.pom (9.1 kB at 456 kB/s)
Downloading from central: https://repo.maven.apache.org/maven2/com/google/guava/guava/23.1-jre/guava-23.1-jre.pom
Progress (1): 1.2 kBProgress (1): 2.9 kBProgress (1): 5.2 kBProgress (1): 5.6 kB                    Downloaded from central: https://repo.maven.apache.org/maven2/com/google/guava/guava/23.1-jre/guava-23.1-jre.pom (5.6 kB at 243 kB/s)
Downloading from central: https://repo.maven.apache.org/maven2/com/google/guava/guava-parent/23.1-jre/guava-parent-23.1-jre.pom
Progress (1): 963 BProgress (1): 2.8 kBProgress (1): 5.8 kBProgress (1): 8.5 kBProgress (1): 9.3 kB                    Downloaded from central: https://repo.maven.apache.org/maven2/com/google/guava/guava-parent/23.1-jre/guava-parent-23.1-jre.pom (9.3 kB at 389 kB/s)
Downloading from central: https://repo.maven.apache.org/maven2/com/google/guava/guava/23.2-android/guava-23.2-android.pom
Progress (1): 1.2 kBProgress (1): 2.9 kBProgress (1): 5.2 kBProgress (1): 5.9 kB                    Downloaded from central: https://repo.maven.apache.org/maven2/com/google/guava/guava/23.2-android/guava-23.2-android.pom (5.9 kB at 204 kB/s)
Downloading from central: https://repo.maven.apache.org/maven2/com/google/guava/guava-parent/23.2-android/guava-parent-23.2-android.pom
Progress (1): 962 BProgress (1): 2.8 kBProgress (1): 5.4 kBProgress (1): 8.2 kBProgress (1): 8.9 kB                    Downloaded from central: https://repo.maven.apache.org/maven2/com/google/guava/guava-parent/23.2-android/guava-parent-23.2-android.pom (8.9 kB at 298 kB/s)
Downloading from central: https://repo.maven.apache.org/maven2/com/google/guava/guava/23.2-jre/guava-23.2-jre.pom
Progress (1): 1.2 kBProgress (1): 2.9 kBProgress (1): 5.2 kBProgress (1): 5.9 kB                    Downloaded from central: https://repo.maven.apache.org/maven2/com/google/guava/guava/23.2-jre/guava-23.2-jre.pom (5.9 kB at 227 kB/s)
Downloading from central: https://repo.maven.apache.org/maven2/com/google/guava/guava-parent/23.2-jre/guava-parent-23.2-jre.pom
Progress (1): 963 BProgress (1): 2.8 kBProgress (1): 6.0 kBProgress (1): 9.1 kB                    Downloaded from central: https://repo.maven.apache.org/maven2/com/google/guava/guava-parent/23.2-jre/guava-parent-23.2-jre.pom (9.1 kB at 366 kB/s)
Downloading from central: https://repo.maven.apache.org/maven2/com/google/guava/guava/23.3-android/guava-23.3-android.pom
Progress (1): 1.2 kBProgress (1): 2.9 kBProgress (1): 5.2 kBProgress (1): 5.9 kB                    Downloaded from central: https://repo.maven.apache.org/maven2/com/google/guava/guava/23.3-android/guava-23.3-android.pom (5.9 kB at 219 kB/s)
Downloading from central: https://repo.maven.apache.org/maven2/com/google/guava/guava-parent/23.3-android/guava-parent-23.3-android.pom
Progress (1): 962 BProgress (1): 2.8 kBProgress (1): 5.4 kBProgress (1): 8.2 kBProgress (1): 8.9 kB                    Downloaded from central: https://repo.maven.apache.org/maven2/com/google/guava/guava-parent/23.3-android/guava-parent-23.3-android.pom (8.9 kB at 308 kB/s)
Downloading from central: https://repo.maven.apache.org/maven2/com/google/guava/guava/23.3-jre/guava-23.3-jre.pom
Progress (1): 1.2 kBProgress (1): 2.9 kBProgress (1): 5.2 kBProgress (1): 5.9 kB                    Downloaded from central: https://repo.maven.apache.org/maven2/com/google/guava/guava/23.3-jre/guava-23.3-jre.pom (5.9 kB at 204 kB/s)
Downloading from central: https://repo.maven.apache.org/maven2/com/google/guava/guava-parent/23.3-jre/guava-parent-23.3-jre.pom
Progress (1): 963 BProgress (1): 2.8 kBProgress (1): 6.0 kBProgress (1): 9.1 kB                    Downloaded from central: https://repo.maven.apache.org/maven2/com/google/guava/guava-parent/23.3-jre/guava-parent-23.3-jre.pom (9.1 kB at 327 kB/s)
Downloading from central: https://repo.maven.apache.org/maven2/com/google/guava/guava/23.4-android/guava-23.4-android.pom
Progress (1): 1.2 kBProgress (1): 2.9 kBProgress (1): 5.1 kBProgress (1): 6.8 kB                    Downloaded from central: https://repo.maven.apache.org/maven2/com/google/guava/guava/23.4-android/guava-23.4-android.pom (6.8 kB at 273 kB/s)
Downloading from central: https://repo.maven.apache.org/maven2/com/google/guava/guava-parent/23.4-android/guava-parent-23.4-android.pom
Progress (1): 962 BProgress (1): 2.8 kBProgress (1): 5.4 kBProgress (1): 7.2 kBProgress (1): 9.8 kB                    Downloaded from central: https://repo.maven.apache.org/maven2/com/google/guava/guava-parent/23.4-android/guava-parent-23.4-android.pom (9.8 kB at 425 kB/s)
Downloading from central: https://repo.maven.apache.org/maven2/com/google/guava/guava/23.4-jre/guava-23.4-jre.pom
Progress (1): 1.2 kBProgress (1): 2.9 kBProgress (1): 5.1 kBProgress (1): 6.8 kB                    Downloaded from central: https://repo.maven.apache.org/maven2/com/google/guava/guava/23.4-jre/guava-23.4-jre.pom (6.8 kB at 297 kB/s)
Downloading from central: https://repo.maven.apache.org/maven2/com/google/guava/guava-parent/23.4-jre/guava-parent-23.4-jre.pom
Progress (1): 960 BProgress (1): 2.8 kBProgress (1): 6.0 kBProgress (1): 7.3 kBProgress (1): 10.0 kB                     Downloaded from central: https://repo.maven.apache.org/maven2/com/google/guava/guava-parent/23.4-jre/guava-parent-23.4-jre.pom (10.0 kB at 454 kB/s)
Downloading from central: https://repo.maven.apache.org/maven2/com/google/guava/guava/23.5-android/guava-23.5-android.pom
Progress (1): 1.1 kBProgress (1): 2.9 kBProgress (1): 5.0 kBProgress (1): 7.0 kB                    Downloaded from central: https://repo.maven.apache.org/maven2/com/google/guava/guava/23.5-android/guava-23.5-android.pom (7.0 kB at 293 kB/s)
Downloading from central: https://repo.maven.apache.org/maven2/com/google/guava/guava-parent/23.5-android/guava-parent-23.5-android.pom
Progress (1): 961 BProgress (1): 2.8 kBProgress (1): 5.3 kBProgress (1): 7.2 kBProgress (1): 9.9 kB                    Downloaded from central: https://repo.maven.apache.org/maven2/com/google/guava/guava-parent/23.5-android/guava-parent-23.5-android.pom (9.9 kB at 452 kB/s)
Downloading from central: https://repo.maven.apache.org/maven2/org/checkerframework/checker-qual/2.0.0/checker-qual-2.0.0.pom
Progress (1): 1.2 kBProgress (1): 4.2 kB                    Downloaded from central: https://repo.maven.apache.org/maven2/org/checkerframework/checker-qual/2.0.0/checker-qual-2.0.0.pom (4.2 kB at 175 kB/s)
Downloading from central: https://repo.maven.apache.org/maven2/com/google/guava/guava/23.5-jre/guava-23.5-jre.pom
Progress (1): 1.2 kBProgress (1): 2.9 kBProgress (1): 5.1 kBProgress (1): 7.0 kB                    Downloaded from central: https://repo.maven.apache.org/maven2/com/google/guava/guava/23.5-jre/guava-23.5-jre.pom (7.0 kB at 305 kB/s)
Downloading from central: https://repo.maven.apache.org/maven2/com/google/guava/guava-parent/23.5-jre/guava-parent-23.5-jre.pom
Progress (1): 960 BProgress (1): 2.8 kBProgress (1): 6.0 kBProgress (1): 7.3 kBProgress (1): 10 kB                    Downloaded from central: https://repo.maven.apache.org/maven2/com/google/guava/guava-parent/23.5-jre/guava-parent-23.5-jre.pom (10 kB at 442 kB/s)
Downloading from central: https://repo.maven.apache.org/maven2/com/google/guava/guava/23.6-android/guava-23.6-android.pom
Progress (1): 1.1 kBProgress (1): 2.9 kBProgress (1): 4.9 kBProgress (1): 6.5 kBProgress (1): 7.8 kB                    Downloaded from central: https://repo.maven.apache.org/maven2/com/google/guava/guava/23.6-android/guava-23.6-android.pom (7.8 kB at 261 kB/s)
Downloading from central: https://repo.maven.apache.org/maven2/com/google/guava/guava-parent/23.6-android/guava-parent-23.6-android.pom
Progress (1): 955 BProgress (1): 2.8 kBProgress (1): 5.2 kBProgress (1): 7.2 kBProgress (1): 9.9 kB                    Downloaded from central: https://repo.maven.apache.org/maven2/com/google/guava/guava-parent/23.6-android/guava-parent-23.6-android.pom (9.9 kB at 367 kB/s)
Downloading from central: https://repo.maven.apache.org/maven2/org/checkerframework/checker-compat-qual/2.0.0/checker-compat-qual-2.0.0.pom
Progress (1): 1.2 kBProgress (1): 4.2 kB                    Downloaded from central: https://repo.maven.apache.org/maven2/org/checkerframework/checker-compat-qual/2.0.0/checker-compat-qual-2.0.0.pom (4.2 kB at 162 kB/s)
Downloading from central: https://repo.maven.apache.org/maven2/com/google/errorprone/error_prone_annotations/2.1.3/error_prone_annotations-2.1.3.pom
Progress (1): 837 BProgress (1): 1.8 kB                    Downloaded from central: https://repo.maven.apache.org/maven2/com/google/errorprone/error_prone_annotations/2.1.3/error_prone_annotations-2.1.3.pom (1.8 kB at 75 kB/s)
Downloading from central: https://repo.maven.apache.org/maven2/com/google/errorprone/error_prone_parent/2.1.3/error_prone_parent-2.1.3.pom
Progress (1): 759 BProgress (1): 2.4 kBProgress (1): 5.1 kB                    Downloaded from central: https://repo.maven.apache.org/maven2/com/google/errorprone/error_prone_parent/2.1.3/error_prone_parent-2.1.3.pom (5.1 kB at 189 kB/s)
Downloading from central: https://repo.maven.apache.org/maven2/com/google/guava/guava/23.6-jre/guava-23.6-jre.pom
Progress (1): 1.1 kBProgress (1): 2.9 kBProgress (1): 5.0 kBProgress (1): 6.5 kBProgress (1): 7.8 kB                    Downloaded from central: https://repo.maven.apache.org/maven2/com/google/guava/guava/23.6-jre/guava-23.6-jre.pom (7.8 kB at 326 kB/s)
Downloading from central: https://repo.maven.apache.org/maven2/com/google/guava/guava-parent/23.6-jre/guava-parent-23.6-jre.pom
Progress (1): 957 BProgress (1): 2.8 kBProgress (1): 5.9 kBProgress (1): 7.3 kBProgress (1): 10 kB                    Downloaded from central: https://repo.maven.apache.org/maven2/com/google/guava/guava-parent/23.6-jre/guava-parent-23.6-jre.pom (10 kB at 405 kB/s)
Downloading from central: https://repo.maven.apache.org/maven2/com/google/guava/guava/23.6.1-android/guava-23.6.1-android.pom
Progress (1): 1.1 kBProgress (1): 2.9 kBProgress (1): 4.9 kBProgress (1): 6.5 kBProgress (1): 7.8 kB                    Downloaded from central: https://repo.maven.apache.org/maven2/com/google/guava/guava/23.6.1-android/guava-23.6.1-android.pom (7.8 kB at 341 kB/s)
Downloading from central: https://repo.maven.apache.org/maven2/com/google/guava/guava-parent/23.6.1-android/guava-parent-23.6.1-android.pom
Progress (1): 950 BProgress (1): 2.8 kBProgress (1): 5.2 kBProgress (1): 7.2 kBProgress (1): 9.9 kB                    Downloaded from central: https://repo.maven.apache.org/maven2/com/google/guava/guava-parent/23.6.1-android/guava-parent-23.6.1-android.pom (9.9 kB at 431 kB/s)
Downloading from central: https://repo.maven.apache.org/maven2/com/google/guava/guava/23.6.1-jre/guava-23.6.1-jre.pom
Progress (1): 1.1 kBProgress (1): 2.9 kBProgress (1): 4.9 kBProgress (1): 6.5 kBProgress (1): 7.8 kB                    Downloaded from central: https://repo.maven.apache.org/maven2/com/google/guava/guava/23.6.1-jre/guava-23.6.1-jre.pom (7.8 kB at 341 kB/s)
Downloading from central: https://repo.maven.apache.org/maven2/com/google/guava/guava-parent/23.6.1-jre/guava-parent-23.6.1-jre.pom
Progress (1): 953 BProgress (1): 2.8 kBProgress (1): 5.9 kBProgress (1): 7.3 kBProgress (1): 10 kB                    Downloaded from central: https://repo.maven.apache.org/maven2/com/google/guava/guava-parent/23.6.1-jre/guava-parent-23.6.1-jre.pom (10 kB at 440 kB/s)
Downloading from central: https://repo.maven.apache.org/maven2/com/google/guava/guava/24.0-android/guava-24.0-android.pom
Progress (1): 1.1 kBProgress (1): 2.9 kBProgress (1): 4.9 kBProgress (1): 6.5 kBProgress (1): 7.8 kB                    Downloaded from central: https://repo.maven.apache.org/maven2/com/google/guava/guava/24.0-android/guava-24.0-android.pom (7.8 kB at 299 kB/s)
Downloading from central: https://repo.maven.apache.org/maven2/com/google/guava/guava-parent/24.0-android/guava-parent-24.0-android.pom
Progress (1): 987 BProgress (1): 2.8 kBProgress (1): 5.4 kBProgress (1): 7.4 kBProgress (1): 10 kB                    Downloaded from central: https://repo.maven.apache.org/maven2/com/google/guava/guava-parent/24.0-android/guava-parent-24.0-android.pom (10 kB at 407 kB/s)
Downloading from central: https://repo.maven.apache.org/maven2/com/google/guava/guava/24.0-jre/guava-24.0-jre.pom
Progress (1): 1.1 kBProgress (1): 2.9 kBProgress (1): 4.9 kBProgress (1): 6.5 kBProgress (1): 7.8 kB                    Downloaded from central: https://repo.maven.apache.org/maven2/com/google/guava/guava/24.0-jre/guava-24.0-jre.pom (7.8 kB at 324 kB/s)
Downloading from central: https://repo.maven.apache.org/maven2/com/google/guava/guava-parent/24.0-jre/guava-parent-24.0-jre.pom
Progress (1): 993 BProgress (1): 2.8 kBProgress (1): 6.1 kBProgress (1): 7.5 kBProgress (1): 10 kB                    Downloaded from central: https://repo.maven.apache.org/maven2/com/google/guava/guava-parent/24.0-jre/guava-parent-24.0-jre.pom (10 kB at 452 kB/s)
Downloading from central: https://repo.maven.apache.org/maven2/com/google/guava/guava/24.1-android/guava-24.1-android.pom
Progress (1): 1.1 kBProgress (1): 2.9 kBProgress (1): 4.9 kBProgress (1): 6.5 kBProgress (1): 7.8 kB                    Downloaded from central: https://repo.maven.apache.org/maven2/com/google/guava/guava/24.1-android/guava-24.1-android.pom (7.8 kB at 338 kB/s)
Downloading from central: https://repo.maven.apache.org/maven2/com/google/guava/guava-parent/24.1-android/guava-parent-24.1-android.pom
Progress (1): 987 BProgress (1): 2.8 kBProgress (1): 5.4 kBProgress (1): 7.4 kBProgress (1): 10 kB                    Downloaded from central: https://repo.maven.apache.org/maven2/com/google/guava/guava-parent/24.1-android/guava-parent-24.1-android.pom (10 kB at 463 kB/s)
Downloading from central: https://repo.maven.apache.org/maven2/com/google/guava/guava/24.1-jre/guava-24.1-jre.pom
Progress (1): 1.1 kBProgress (1): 2.9 kBProgress (1): 4.9 kBProgress (1): 6.5 kBProgress (1): 7.8 kB                    Downloaded from central: https://repo.maven.apache.org/maven2/com/google/guava/guava/24.1-jre/guava-24.1-jre.pom (7.8 kB at 338 kB/s)
Downloading from central: https://repo.maven.apache.org/maven2/com/google/guava/guava-parent/24.1-jre/guava-parent-24.1-jre.pom
Progress (1): 983 BProgress (1): 2.8 kBProgress (1): 6.1 kBProgress (1): 7.5 kBProgress (1): 10 kB                    Downloaded from central: https://repo.maven.apache.org/maven2/com/google/guava/guava-parent/24.1-jre/guava-parent-24.1-jre.pom (10 kB at 433 kB/s)
Downloading from central: https://repo.maven.apache.org/maven2/com/google/guava/guava/24.1.1-android/guava-24.1.1-android.pom
Progress (1): 1.1 kBProgress (1): 2.9 kBProgress (1): 4.9 kBProgress (1): 6.5 kBProgress (1): 7.8 kB                    Downloaded from central: https://repo.maven.apache.org/maven2/com/google/guava/guava/24.1.1-android/guava-24.1.1-android.pom (7.8 kB at 311 kB/s)
Downloading from central: https://repo.maven.apache.org/maven2/com/google/guava/guava-parent/24.1.1-android/guava-parent-24.1.1-android.pom
Progress (1): 988 BProgress (1): 2.8 kBProgress (1): 5.4 kBProgress (1): 7.4 kBProgress (1): 10 kB                    Downloaded from central: https://repo.maven.apache.org/maven2/com/google/guava/guava-parent/24.1.1-android/guava-parent-24.1.1-android.pom (10 kB at 407 kB/s)
Downloading from central: https://repo.maven.apache.org/maven2/com/google/guava/guava/24.1.1-jre/guava-24.1.1-jre.pom
Progress (1): 1.1 kBProgress (1): 2.9 kBProgress (1): 4.9 kBProgress (1): 6.5 kBProgress (1): 7.8 kB                    Downloaded from central: https://repo.maven.apache.org/maven2/com/google/guava/guava/24.1.1-jre/guava-24.1.1-jre.pom (7.8 kB at 311 kB/s)
Downloading from central: https://repo.maven.apache.org/maven2/com/google/guava/guava-parent/24.1.1-jre/guava-parent-24.1.1-jre.pom
Progress (1): 1.0 kBProgress (1): 2.9 kBProgress (1): 5.5 kBProgress (1): 7.3 kBProgress (1): 10 kB                    Downloaded from central: https://repo.maven.apache.org/maven2/com/google/guava/guava-parent/24.1.1-jre/guava-parent-24.1.1-jre.pom (10 kB at 416 kB/s)
Downloading from central: https://repo.maven.apache.org/maven2/com/google/guava/guava/25.0-android/guava-25.0-android.pom
Progress (1): 1.1 kBProgress (1): 2.9 kBProgress (1): 4.9 kBProgress (1): 6.5 kBProgress (1): 7.8 kB                    Downloaded from central: https://repo.maven.apache.org/maven2/com/google/guava/guava/25.0-android/guava-25.0-android.pom (7.8 kB at 278 kB/s)
Downloading from central: https://repo.maven.apache.org/maven2/com/google/guava/guava-parent/25.0-android/guava-parent-25.0-android.pom
Progress (1): 987 BProgress (1): 2.8 kBProgress (1): 5.4 kBProgress (1): 7.4 kBProgress (1): 10 kB                    Downloaded from central: https://repo.maven.apache.org/maven2/com/google/guava/guava-parent/25.0-android/guava-parent-25.0-android.pom (10 kB at 443 kB/s)
Downloading from central: https://repo.maven.apache.org/maven2/com/google/guava/guava/25.0-jre/guava-25.0-jre.pom
Progress (1): 1.1 kBProgress (1): 2.9 kBProgress (1): 4.9 kBProgress (1): 6.5 kBProgress (1): 7.8 kB                    Downloaded from central: https://repo.maven.apache.org/maven2/com/google/guava/guava/25.0-jre/guava-25.0-jre.pom (7.8 kB at 338 kB/s)
Downloading from central: https://repo.maven.apache.org/maven2/com/google/guava/guava-parent/25.0-jre/guava-parent-25.0-jre.pom
Progress (1): 983 BProgress (1): 2.7 kBProgress (1): 6.1 kBProgress (1): 7.5 kBProgress (1): 10 kB                    Downloaded from central: https://repo.maven.apache.org/maven2/com/google/guava/guava-parent/25.0-jre/guava-parent-25.0-jre.pom (10 kB at 416 kB/s)
Downloading from central: https://repo.maven.apache.org/maven2/com/google/guava/guava/25.1-android/guava-25.1-android.pom
Progress (1): 1.1 kBProgress (1): 2.9 kBProgress (1): 4.9 kBProgress (1): 6.5 kBProgress (1): 7.8 kB                    Downloaded from central: https://repo.maven.apache.org/maven2/com/google/guava/guava/25.1-android/guava-25.1-android.pom (7.8 kB at 324 kB/s)
Downloading from central: https://repo.maven.apache.org/maven2/com/google/guava/guava-parent/25.1-android/guava-parent-25.1-android.pom
Progress (1): 987 BProgress (1): 2.8 kBProgress (1): 5.4 kBProgress (1): 7.4 kBProgress (1): 10 kB                    Downloaded from central: https://repo.maven.apache.org/maven2/com/google/guava/guava-parent/25.1-android/guava-parent-25.1-android.pom (10 kB at 407 kB/s)
Downloading from central: https://repo.maven.apache.org/maven2/com/google/guava/guava/25.1-jre/guava-25.1-jre.pom
Progress (1): 1.2 kBProgress (1): 2.9 kBProgress (1): 4.9 kBProgress (1): 6.5 kBProgress (1): 7.8 kB                    Downloaded from central: https://repo.maven.apache.org/maven2/com/google/guava/guava/25.1-jre/guava-25.1-jre.pom (7.8 kB at 324 kB/s)
Downloading from central: https://repo.maven.apache.org/maven2/com/google/guava/guava-parent/25.1-jre/guava-parent-25.1-jre.pom
Progress (1): 982 BProgress (1): 2.7 kBProgress (1): 6.1 kBProgress (1): 7.5 kBProgress (1): 10 kB                    Downloaded from central: https://repo.maven.apache.org/maven2/com/google/guava/guava-parent/25.1-jre/guava-parent-25.1-jre.pom (10 kB at 416 kB/s)
Downloading from central: https://repo.maven.apache.org/maven2/com/google/guava/guava/26.0-android/guava-26.0-android.pom
Progress (1): 1.1 kBProgress (1): 2.9 kBProgress (1): 4.9 kBProgress (1): 6.5 kBProgress (1): 7.8 kB                    Downloaded from central: https://repo.maven.apache.org/maven2/com/google/guava/guava/26.0-android/guava-26.0-android.pom (7.8 kB at 311 kB/s)
Downloading from central: https://repo.maven.apache.org/maven2/org/checkerframework/checker-compat-qual/2.5.2/checker-compat-qual-2.5.2.pom
Progress (1): 1.2 kBProgress (1): 2.7 kB                    Downloaded from central: https://repo.maven.apache.org/maven2/org/checkerframework/checker-compat-qual/2.5.2/checker-compat-qual-2.5.2.pom (2.7 kB at 114 kB/s)
Downloading from central: https://repo.maven.apache.org/maven2/com/google/guava/guava/26.0-jre/guava-26.0-jre.pom
Progress (1): 1.2 kBProgress (1): 2.9 kBProgress (1): 4.9 kBProgress (1): 6.5 kBProgress (1): 7.8 kB                    Downloaded from central: https://repo.maven.apache.org/maven2/com/google/guava/guava/26.0-jre/guava-26.0-jre.pom (7.8 kB at 311 kB/s)
Downloading from central: https://repo.maven.apache.org/maven2/com/google/guava/guava-parent/26.0-jre/guava-parent-26.0-jre.pom
Progress (1): 982 BProgress (1): 2.7 kBProgress (1): 6.1 kBProgress (1): 7.5 kBProgress (1): 10 kB                    Downloaded from central: https://repo.maven.apache.org/maven2/com/google/guava/guava-parent/26.0-jre/guava-parent-26.0-jre.pom (10 kB at 452 kB/s)
Downloading from central: https://repo.maven.apache.org/maven2/org/checkerframework/checker-qual/2.5.2/checker-qual-2.5.2.pom
Progress (1): 1.1 kBProgress (1): 2.5 kB                    Downloaded from central: https://repo.maven.apache.org/maven2/org/checkerframework/checker-qual/2.5.2/checker-qual-2.5.2.pom (2.5 kB at 103 kB/s)
Downloading from central: https://repo.maven.apache.org/maven2/com/google/guava/guava/27.0-android/guava-27.0-android.pom
Progress (1): 1.1 kBProgress (1): 3.0 kBProgress (1): 5.1 kBProgress (1): 6.6 kBProgress (1): 8.1 kB                    Downloaded from central: https://repo.maven.apache.org/maven2/com/google/guava/guava/27.0-android/guava-27.0-android.pom (8.1 kB at 339 kB/s)
Downloading from central: https://repo.maven.apache.org/maven2/com/google/guava/guava-parent/27.0-android/guava-parent-27.0-android.pom
Progress (1): 1.0 kBProgress (1): 2.9 kBProgress (1): 5.2 kBProgress (1): 7.3 kBProgress (1): 10 kB                    Downloaded from central: https://repo.maven.apache.org/maven2/com/google/guava/guava-parent/27.0-android/guava-parent-27.0-android.pom (10 kB at 392 kB/s)
Downloading from central: https://repo.maven.apache.org/maven2/com/google/guava/failureaccess/1.0/failureaccess-1.0.pom
Progress (1): 1.0 kBProgress (1): 1.7 kB                    Downloaded from central: https://repo.maven.apache.org/maven2/com/google/guava/failureaccess/1.0/failureaccess-1.0.pom (1.7 kB at 67 kB/s)
Downloading from central: https://repo.maven.apache.org/maven2/com/google/errorprone/error_prone_annotations/2.2.0/error_prone_annotations-2.2.0.pom
Progress (1): 840 BProgress (1): 1.8 kB                    Downloaded from central: https://repo.maven.apache.org/maven2/com/google/errorprone/error_prone_annotations/2.2.0/error_prone_annotations-2.2.0.pom (1.8 kB at 71 kB/s)
Downloading from central: https://repo.maven.apache.org/maven2/com/google/errorprone/error_prone_parent/2.2.0/error_prone_parent-2.2.0.pom
Progress (1): 759 BProgress (1): 2.4 kBProgress (1): 5.1 kB                    Downloaded from central: https://repo.maven.apache.org/maven2/com/google/errorprone/error_prone_parent/2.2.0/error_prone_parent-2.2.0.pom (5.1 kB at 221 kB/s)
Downloading from central: https://repo.maven.apache.org/maven2/org/codehaus/mojo/animal-sniffer-annotations/1.17/animal-sniffer-annotations-1.17.pom
Progress (1): 797 BProgress (1): 2.0 kBProgress (1): 2.6 kB                    Downloaded from central: https://repo.maven.apache.org/maven2/org/codehaus/mojo/animal-sniffer-annotations/1.17/animal-sniffer-annotations-1.17.pom (2.6 kB at 112 kB/s)
Downloading from central: https://repo.maven.apache.org/maven2/org/codehaus/mojo/animal-sniffer-parent/1.17/animal-sniffer-parent-1.17.pom
Progress (1): 771 BProgress (1): 1.9 kBProgress (1): 3.7 kBProgress (1): 7.6 kBProgress (1): 8.6 kB                    Downloaded from central: https://repo.maven.apache.org/maven2/org/codehaus/mojo/animal-sniffer-parent/1.17/animal-sniffer-parent-1.17.pom (8.6 kB at 359 kB/s)
Downloading from central: https://repo.maven.apache.org/maven2/org/codehaus/mojo/mojo-parent/40/mojo-parent-40.pom
Progress (1): 722 BProgress (1): 2.5 kBProgress (1): 5.5 kBProgress (1): 7.3 kBProgress (1): 9.7 kBProgress (1): 15 kB Progress (1): 19 kBProgress (1): 21 kBProgress (1): 24 kBProgress (1): 28 kBProgress (1): 33 kBProgress (1): 34 kB                   Downloaded from central: https://repo.maven.apache.org/maven2/org/codehaus/mojo/mojo-parent/40/mojo-parent-40.pom (34 kB at 1.3 MB/s)
Downloading from central: https://repo.maven.apache.org/maven2/com/google/guava/guava/27.0-jre/guava-27.0-jre.pom
Progress (1): 1.1 kBProgress (1): 3.0 kBProgress (1): 5.1 kBProgress (1): 6.7 kBProgress (1): 8.1 kB                    Downloaded from central: https://repo.maven.apache.org/maven2/com/google/guava/guava/27.0-jre/guava-27.0-jre.pom (8.1 kB at 312 kB/s)
Downloading from central: https://repo.maven.apache.org/maven2/com/google/guava/guava-parent/27.0-jre/guava-parent-27.0-jre.pom
Progress (1): 982 BProgress (1): 2.7 kBProgress (1): 6.1 kBProgress (1): 7.5 kBProgress (1): 10 kB                    Downloaded from central: https://repo.maven.apache.org/maven2/com/google/guava/guava-parent/27.0-jre/guava-parent-27.0-jre.pom (10 kB at 371 kB/s)
Downloading from central: https://repo.maven.apache.org/maven2/com/google/guava/guava/27.0.1-android/guava-27.0.1-android.pom
Progress (1): 1.1 kBProgress (1): 3.0 kBProgress (1): 5.2 kBProgress (1): 6.7 kBProgress (1): 8.3 kB                    Downloaded from central: https://repo.maven.apache.org/maven2/com/google/guava/guava/27.0.1-android/guava-27.0.1-android.pom (8.3 kB at 346 kB/s)
Downloading from central: https://repo.maven.apache.org/maven2/com/google/guava/guava-parent/27.0.1-android/guava-parent-27.0.1-android.pom
Progress (1): 986 BProgress (1): 2.8 kBProgress (1): 5.4 kBProgress (1): 7.4 kBProgress (1): 10 kB                    Downloaded from central: https://repo.maven.apache.org/maven2/com/google/guava/guava-parent/27.0.1-android/guava-parent-27.0.1-android.pom (10 kB at 443 kB/s)
Downloading from central: https://repo.maven.apache.org/maven2/com/google/guava/guava/27.0.1-jre/guava-27.0.1-jre.pom
Progress (1): 1.1 kBProgress (1): 3.0 kBProgress (1): 5.2 kBProgress (1): 6.7 kBProgress (1): 8.3 kB                    Downloaded from central: https://repo.maven.apache.org/maven2/com/google/guava/guava/27.0.1-jre/guava-27.0.1-jre.pom (8.3 kB at 345 kB/s)
Downloading from central: https://repo.maven.apache.org/maven2/com/google/guava/guava-parent/27.0.1-jre/guava-parent-27.0.1-jre.pom
Progress (1): 983 BProgress (1): 2.7 kBProgress (1): 6.1 kBProgress (1): 7.5 kBProgress (1): 10 kB                    Downloaded from central: https://repo.maven.apache.org/maven2/com/google/guava/guava-parent/27.0.1-jre/guava-parent-27.0.1-jre.pom (10 kB at 473 kB/s)
Downloading from central: https://repo.maven.apache.org/maven2/com/google/guava/guava/27.1-android/guava-27.1-android.pom
Progress (1): 1.1 kBProgress (1): 3.0 kBProgress (1): 5.1 kBProgress (1): 6.4 kBProgress (1): 8.4 kB                    Downloaded from central: https://repo.maven.apache.org/maven2/com/google/guava/guava/27.1-android/guava-27.1-android.pom (8.4 kB at 352 kB/s)
Downloading from central: https://repo.maven.apache.org/maven2/com/google/guava/guava-parent/27.1-android/guava-parent-27.1-android.pom
Progress (1): 980 BProgress (1): 2.7 kBProgress (1): 5.4 kBProgress (1): 7.4 kBProgress (1): 10 kB                    Downloaded from central: https://repo.maven.apache.org/maven2/com/google/guava/guava-parent/27.1-android/guava-parent-27.1-android.pom (10 kB at 445 kB/s)
Downloading from central: https://repo.maven.apache.org/maven2/com/google/guava/guava/27.1-jre/guava-27.1-jre.pom
Progress (1): 1.1 kBProgress (1): 3.0 kBProgress (1): 5.1 kBProgress (1): 6.4 kBProgress (1): 8.4 kB                    Downloaded from central: https://repo.maven.apache.org/maven2/com/google/guava/guava/27.1-jre/guava-27.1-jre.pom (8.4 kB at 241 kB/s)
Downloading from central: https://repo.maven.apache.org/maven2/com/google/guava/guava-parent/27.1-jre/guava-parent-27.1-jre.pom
Progress (1): 980 BProgress (1): 2.7 kBProgress (1): 6.0 kBProgress (1): 7.5 kBProgress (1): 10 kB                    Downloaded from central: https://repo.maven.apache.org/maven2/com/google/guava/guava-parent/27.1-jre/guava-parent-27.1-jre.pom (10 kB at 402 kB/s)
Downloading from central: https://repo.maven.apache.org/maven2/com/google/guava/guava/28.0-android/guava-28.0-android.pom
Progress (1): 1.1 kBProgress (1): 3.0 kBProgress (1): 5.1 kBProgress (1): 6.5 kBProgress (1): 8.7 kB                    Downloaded from central: https://repo.maven.apache.org/maven2/com/google/guava/guava/28.0-android/guava-28.0-android.pom (8.7 kB at 379 kB/s)
Downloading from central: https://repo.maven.apache.org/maven2/com/google/guava/guava-parent/28.0-android/guava-parent-28.0-android.pom
Progress (1): 910 BProgress (1): 2.8 kBProgress (1): 5.3 kBProgress (1): 7.7 kBProgress (1): 9.6 kBProgress (1): 13 kB                    Downloaded from central: https://repo.maven.apache.org/maven2/com/google/guava/guava-parent/28.0-android/guava-parent-28.0-android.pom (13 kB at 592 kB/s)
Downloading from central: https://repo.maven.apache.org/maven2/org/checkerframework/checker-compat-qual/2.5.5/checker-compat-qual-2.5.5.pom
Progress (1): 1.2 kBProgress (1): 2.7 kB                    Downloaded from central: https://repo.maven.apache.org/maven2/org/checkerframework/checker-compat-qual/2.5.5/checker-compat-qual-2.5.5.pom (2.7 kB at 119 kB/s)
Downloading from central: https://repo.maven.apache.org/maven2/com/google/errorprone/error_prone_annotations/2.3.2/error_prone_annotations-2.3.2.pom
Progress (1): 840 BProgress (1): 1.8 kB                    Downloaded from central: https://repo.maven.apache.org/maven2/com/google/errorprone/error_prone_annotations/2.3.2/error_prone_annotations-2.3.2.pom (1.8 kB at 85 kB/s)
Downloading from central: https://repo.maven.apache.org/maven2/com/google/errorprone/error_prone_parent/2.3.2/error_prone_parent-2.3.2.pom
Progress (1): 759 BProgress (1): 2.4 kBProgress (1): 5.2 kB                    Downloaded from central: https://repo.maven.apache.org/maven2/com/google/errorprone/error_prone_parent/2.3.2/error_prone_parent-2.3.2.pom (5.2 kB at 215 kB/s)
Downloading from central: https://repo.maven.apache.org/maven2/com/google/guava/guava/28.0-jre/guava-28.0-jre.pom
Progress (1): 1.1 kBProgress (1): 3.0 kBProgress (1): 5.1 kBProgress (1): 6.5 kBProgress (1): 8.7 kB                    Downloaded from central: https://repo.maven.apache.org/maven2/com/google/guava/guava/28.0-jre/guava-28.0-jre.pom (8.7 kB at 323 kB/s)
Downloading from central: https://repo.maven.apache.org/maven2/com/google/guava/guava-parent/28.0-jre/guava-parent-28.0-jre.pom
Progress (1): 906 BProgress (1): 2.8 kBProgress (1): 5.8 kBProgress (1): 7.8 kBProgress (1): 10 kB Progress (1): 13 kB                   Downloaded from central: https://repo.maven.apache.org/maven2/com/google/guava/guava-parent/28.0-jre/guava-parent-28.0-jre.pom (13 kB at 630 kB/s)
Downloading from central: https://repo.maven.apache.org/maven2/org/checkerframework/checker-qual/2.8.1/checker-qual-2.8.1.pom
Progress (1): 1.1 kBProgress (1): 2.4 kB                    Downloaded from central: https://repo.maven.apache.org/maven2/org/checkerframework/checker-qual/2.8.1/checker-qual-2.8.1.pom (2.4 kB at 96 kB/s)
Downloading from central: https://repo.maven.apache.org/maven2/com/google/guava/guava/28.1-android/guava-28.1-android.pom
Progress (1): 1.1 kBProgress (1): 3.0 kBProgress (1): 5.1 kBProgress (1): 6.5 kBProgress (1): 8.7 kB                    Downloaded from central: https://repo.maven.apache.org/maven2/com/google/guava/guava/28.1-android/guava-28.1-android.pom (8.7 kB at 349 kB/s)
Downloading from central: https://repo.maven.apache.org/maven2/com/google/guava/guava-parent/28.1-android/guava-parent-28.1-android.pom
Progress (1): 908 BProgress (1): 2.8 kBProgress (1): 5.3 kBProgress (1): 7.7 kBProgress (1): 9.6 kBProgress (1): 13 kB                    Downloaded from central: https://repo.maven.apache.org/maven2/com/google/guava/guava-parent/28.1-android/guava-parent-28.1-android.pom (13 kB at 542 kB/s)
Downloading from central: https://repo.maven.apache.org/maven2/org/codehaus/mojo/animal-sniffer-annotations/1.18/animal-sniffer-annotations-1.18.pom
Progress (1): 797 BProgress (1): 2.0 kBProgress (1): 2.6 kB                    Downloaded from central: https://repo.maven.apache.org/maven2/org/codehaus/mojo/animal-sniffer-annotations/1.18/animal-sniffer-annotations-1.18.pom (2.6 kB at 112 kB/s)
Downloading from central: https://repo.maven.apache.org/maven2/org/codehaus/mojo/animal-sniffer-parent/1.18/animal-sniffer-parent-1.18.pom
Progress (1): 770 BProgress (1): 1.9 kBProgress (1): 3.7 kBProgress (1): 7.6 kBProgress (1): 9.1 kB                    Downloaded from central: https://repo.maven.apache.org/maven2/org/codehaus/mojo/animal-sniffer-parent/1.18/animal-sniffer-parent-1.18.pom (9.1 kB at 364 kB/s)
Downloading from central: https://repo.maven.apache.org/maven2/org/codehaus/mojo/mojo-parent/50/mojo-parent-50.pom
Progress (1): 715 BProgress (1): 2.5 kBProgress (1): 6.0 kBProgress (1): 7.9 kBProgress (1): 10 kB Progress (1): 15 kBProgress (1): 19 kBProgress (1): 21 kBProgress (1): 25 kBProgress (1): 29 kBProgress (1): 34 kB                   Downloaded from central: https://repo.maven.apache.org/maven2/org/codehaus/mojo/mojo-parent/50/mojo-parent-50.pom (34 kB at 1.4 MB/s)
Downloading from central: https://repo.maven.apache.org/maven2/com/google/guava/guava/28.1-jre/guava-28.1-jre.pom
Progress (1): 1.1 kBProgress (1): 3.0 kBProgress (1): 5.1 kBProgress (1): 6.5 kBProgress (1): 8.7 kB                    Downloaded from central: https://repo.maven.apache.org/maven2/com/google/guava/guava/28.1-jre/guava-28.1-jre.pom (8.7 kB at 436 kB/s)
Downloading from central: https://repo.maven.apache.org/maven2/com/google/guava/guava-parent/28.1-jre/guava-parent-28.1-jre.pom
Progress (1): 906 BProgress (1): 2.8 kBProgress (1): 5.8 kBProgress (1): 7.8 kBProgress (1): 10 kB Progress (1): 13 kB                   Downloaded from central: https://repo.maven.apache.org/maven2/com/google/guava/guava-parent/28.1-jre/guava-parent-28.1-jre.pom (13 kB at 551 kB/s)
Downloading from central: https://repo.maven.apache.org/maven2/com/google/guava/guava/28.2-android/guava-28.2-android.pom
Progress (1): 1.0 kBProgress (1): 3.0 kBProgress (1): 4.9 kBProgress (1): 6.8 kBProgress (1): 8.6 kBProgress (1): 11 kB                    Downloaded from central: https://repo.maven.apache.org/maven2/com/google/guava/guava/28.2-android/guava-28.2-android.pom (11 kB at 497 kB/s)
Downloading from central: https://repo.maven.apache.org/maven2/com/google/guava/guava-parent/28.2-android/guava-parent-28.2-android.pom
Progress (1): 968 BProgress (1): 2.8 kBProgress (1): 5.2 kBProgress (1): 7.5 kBProgress (1): 9.4 kBProgress (1): 13 kB                    Downloaded from central: https://repo.maven.apache.org/maven2/com/google/guava/guava-parent/28.2-android/guava-parent-28.2-android.pom (13 kB at 516 kB/s)
Downloading from central: https://repo.maven.apache.org/maven2/com/google/errorprone/error_prone_annotations/2.3.4/error_prone_annotations-2.3.4.pom
Progress (1): 835 BProgress (1): 2.1 kB                    Downloaded from central: https://repo.maven.apache.org/maven2/com/google/errorprone/error_prone_annotations/2.3.4/error_prone_annotations-2.3.4.pom (2.1 kB at 101 kB/s)
Downloading from central: https://repo.maven.apache.org/maven2/com/google/errorprone/error_prone_parent/2.3.4/error_prone_parent-2.3.4.pom
Progress (1): 752 BProgress (1): 2.4 kBProgress (1): 5.0 kBProgress (1): 5.4 kB                    Downloaded from central: https://repo.maven.apache.org/maven2/com/google/errorprone/error_prone_parent/2.3.4/error_prone_parent-2.3.4.pom (5.4 kB at 246 kB/s)
Downloading from central: https://repo.maven.apache.org/maven2/com/google/guava/guava/28.2-jre/guava-28.2-jre.pom
Progress (1): 1.0 kBProgress (1): 3.0 kBProgress (1): 4.9 kBProgress (1): 6.8 kBProgress (1): 8.7 kBProgress (1): 11 kB                    Downloaded from central: https://repo.maven.apache.org/maven2/com/google/guava/guava/28.2-jre/guava-28.2-jre.pom (11 kB at 420 kB/s)
Downloading from central: https://repo.maven.apache.org/maven2/com/google/guava/guava-parent/28.2-jre/guava-parent-28.2-jre.pom
Progress (1): 965 BProgress (1): 2.9 kBProgress (1): 5.6 kBProgress (1): 7.6 kBProgress (1): 10 kB Progress (1): 13 kB                   Downloaded from central: https://repo.maven.apache.org/maven2/com/google/guava/guava-parent/28.2-jre/guava-parent-28.2-jre.pom (13 kB at 571 kB/s)
Downloading from central: https://repo.maven.apache.org/maven2/org/checkerframework/checker-qual/2.10.0/checker-qual-2.10.0.pom
Progress (1): 1.1 kBProgress (1): 2.4 kB                    Downloaded from central: https://repo.maven.apache.org/maven2/org/checkerframework/checker-qual/2.10.0/checker-qual-2.10.0.pom (2.4 kB at 114 kB/s)
Downloading from central: https://repo.maven.apache.org/maven2/com/google/guava/guava/29.0-android/guava-29.0-android.pom
Progress (1): 1.0 kBProgress (1): 3.0 kBProgress (1): 4.9 kBProgress (1): 6.8 kBProgress (1): 8.6 kBProgress (1): 11 kB                    Downloaded from central: https://repo.maven.apache.org/maven2/com/google/guava/guava/29.0-android/guava-29.0-android.pom (11 kB at 497 kB/s)
Downloading from central: https://repo.maven.apache.org/maven2/com/google/guava/guava-parent/29.0-android/guava-parent-29.0-android.pom
Progress (1): 967 BProgress (1): 2.8 kBProgress (1): 5.1 kBProgress (1): 7.5 kBProgress (1): 9.4 kBProgress (1): 13 kB                    Downloaded from central: https://repo.maven.apache.org/maven2/com/google/guava/guava-parent/29.0-android/guava-parent-29.0-android.pom (13 kB at 496 kB/s)
Downloading from central: https://repo.maven.apache.org/maven2/com/google/guava/guava/29.0-jre/guava-29.0-jre.pom
Progress (1): 1.0 kBProgress (1): 3.0 kBProgress (1): 4.9 kBProgress (1): 6.8 kBProgress (1): 8.7 kBProgress (1): 11 kB                    Downloaded from central: https://repo.maven.apache.org/maven2/com/google/guava/guava/29.0-jre/guava-29.0-jre.pom (11 kB at 455 kB/s)
Downloading from central: https://repo.maven.apache.org/maven2/com/google/guava/guava-parent/29.0-jre/guava-parent-29.0-jre.pom
Progress (1): 965 BProgress (1): 2.9 kBProgress (1): 5.6 kBProgress (1): 7.6 kBProgress (1): 10 kB Progress (1): 13 kB                   Downloaded from central: https://repo.maven.apache.org/maven2/com/google/guava/guava-parent/29.0-jre/guava-parent-29.0-jre.pom (13 kB at 547 kB/s)
Downloading from central: https://repo.maven.apache.org/maven2/org/checkerframework/checker-qual/2.11.1/checker-qual-2.11.1.pom
Progress (1): 1.1 kBProgress (1): 2.4 kB                    Downloaded from central: https://repo.maven.apache.org/maven2/org/checkerframework/checker-qual/2.11.1/checker-qual-2.11.1.pom (2.4 kB at 100 kB/s)
Downloading from central: https://repo.maven.apache.org/maven2/com/google/guava/guava/30.0-android/guava-30.0-android.pom
Progress (1): 1.1 kBProgress (1): 3.0 kBProgress (1): 4.9 kBProgress (1): 6.8 kBProgress (1): 8.6 kBProgress (1): 11 kB                    Downloaded from central: https://repo.maven.apache.org/maven2/com/google/guava/guava/30.0-android/guava-30.0-android.pom (11 kB at 497 kB/s)
Downloading from central: https://repo.maven.apache.org/maven2/com/google/guava/guava-parent/30.0-android/guava-parent-30.0-android.pom
Progress (1): 968 BProgress (1): 2.8 kBProgress (1): 5.2 kBProgress (1): 7.5 kBProgress (1): 9.4 kBProgress (1): 13 kB                    Downloaded from central: https://repo.maven.apache.org/maven2/com/google/guava/guava-parent/30.0-android/guava-parent-30.0-android.pom (13 kB at 432 kB/s)
Downloading from central: https://repo.maven.apache.org/maven2/com/google/guava/guava/30.0-jre/guava-30.0-jre.pom
Progress (1): 1.0 kBProgress (1): 3.0 kBProgress (1): 4.9 kBProgress (1): 6.8 kBProgress (1): 8.7 kBProgress (1): 11 kB                    Downloaded from central: https://repo.maven.apache.org/maven2/com/google/guava/guava/30.0-jre/guava-30.0-jre.pom (11 kB at 437 kB/s)
Downloading from central: https://repo.maven.apache.org/maven2/com/google/guava/guava-parent/30.0-jre/guava-parent-30.0-jre.pom
Progress (1): 966 BProgress (1): 2.8 kBProgress (1): 5.6 kBProgress (1): 7.6 kBProgress (1): 10.0 kBProgress (1): 13 kB                     Downloaded from central: https://repo.maven.apache.org/maven2/com/google/guava/guava-parent/30.0-jre/guava-parent-30.0-jre.pom (13 kB at 572 kB/s)
Downloading from central: https://repo.maven.apache.org/maven2/org/checkerframework/checker-qual/3.5.0/checker-qual-3.5.0.pom
Progress (1): 1.2 kBProgress (1): 2.2 kB                    Downloaded from central: https://repo.maven.apache.org/maven2/org/checkerframework/checker-qual/3.5.0/checker-qual-3.5.0.pom (2.2 kB at 77 kB/s)
Downloading from central: https://repo.maven.apache.org/maven2/com/google/guava/guava/30.1-android/guava-30.1-android.pom
Progress (1): 1.0 kBProgress (1): 3.0 kBProgress (1): 5.3 kBProgress (1): 6.9 kBProgress (1): 8.7 kBProgress (1): 11 kB Progress (1): 12 kB                   Downloaded from central: https://repo.maven.apache.org/maven2/com/google/guava/guava/30.1-android/guava-30.1-android.pom (12 kB at 509 kB/s)
Downloading from central: https://repo.maven.apache.org/maven2/com/google/guava/guava-parent/30.1-android/guava-parent-30.1-android.pom
Progress (1): 966 BProgress (1): 2.8 kBProgress (1): 5.2 kBProgress (1): 7.7 kBProgress (1): 9.2 kBProgress (1): 13 kB Progress (1): 13 kB                   Downloaded from central: https://repo.maven.apache.org/maven2/com/google/guava/guava-parent/30.1-android/guava-parent-30.1-android.pom (13 kB at 605 kB/s)
Downloading from central: https://repo.maven.apache.org/maven2/com/google/guava/guava/30.1-jre/guava-30.1-jre.pom
Progress (1): 1.1 kBProgress (1): 3.0 kBProgress (1): 5.3 kBProgress (1): 6.9 kBProgress (1): 8.7 kBProgress (1): 11 kB Progress (1): 12 kB                   Downloaded from central: https://repo.maven.apache.org/maven2/com/google/guava/guava/30.1-jre/guava-30.1-jre.pom (12 kB at 531 kB/s)
Downloading from central: https://repo.maven.apache.org/maven2/com/google/guava/guava-parent/30.1-jre/guava-parent-30.1-jre.pom
Progress (1): 967 BProgress (1): 2.8 kBProgress (1): 5.2 kBProgress (1): 7.6 kBProgress (1): 9.4 kBProgress (1): 14 kB                    Downloaded from central: https://repo.maven.apache.org/maven2/com/google/guava/guava-parent/30.1-jre/guava-parent-30.1-jre.pom (14 kB at 564 kB/s)
Downloading from central: https://repo.maven.apache.org/maven2/com/google/guava/guava/30.1.1-android/guava-30.1.1-android.pom
Progress (1): 1.0 kBProgress (1): 3.0 kBProgress (1): 5.3 kBProgress (1): 6.9 kBProgress (1): 8.7 kBProgress (1): 11 kB Progress (1): 12 kB                   Downloaded from central: https://repo.maven.apache.org/maven2/com/google/guava/guava/30.1.1-android/guava-30.1.1-android.pom (12 kB at 306 kB/s)
Downloading from central: https://repo.maven.apache.org/maven2/com/google/guava/guava-parent/30.1.1-android/guava-parent-30.1.1-android.pom
Progress (1): 857 BProgress (1): 2.1 kBProgress (1): 4.2 kBProgress (1): 6.5 kBProgress (1): 8.8 kBProgress (1): 11 kB Progress (1): 14 kB                   Downloaded from central: https://repo.maven.apache.org/maven2/com/google/guava/guava-parent/30.1.1-android/guava-parent-30.1.1-android.pom (14 kB at 561 kB/s)
Downloading from central: https://repo.maven.apache.org/maven2/com/google/errorprone/error_prone_annotations/2.5.1/error_prone_annotations-2.5.1.pom
Progress (1): 835 BProgress (1): 2.1 kB                    Downloaded from central: https://repo.maven.apache.org/maven2/com/google/errorprone/error_prone_annotations/2.5.1/error_prone_annotations-2.5.1.pom (2.1 kB at 96 kB/s)
Downloading from central: https://repo.maven.apache.org/maven2/com/google/errorprone/error_prone_parent/2.5.1/error_prone_parent-2.5.1.pom
Progress (1): 745 BProgress (1): 2.4 kBProgress (1): 4.9 kBProgress (1): 7.0 kB                    Downloaded from central: https://repo.maven.apache.org/maven2/com/google/errorprone/error_prone_parent/2.5.1/error_prone_parent-2.5.1.pom (7.0 kB at 303 kB/s)
Downloading from central: https://repo.maven.apache.org/maven2/com/google/guava/guava/30.1.1-jre/guava-30.1.1-jre.pom
Progress (1): 1.0 kBProgress (1): 3.0 kBProgress (1): 5.3 kBProgress (1): 6.9 kBProgress (1): 8.7 kBProgress (1): 11 kB Progress (1): 12 kB                   Downloaded from central: https://repo.maven.apache.org/maven2/com/google/guava/guava/30.1.1-jre/guava-30.1.1-jre.pom (12 kB at 581 kB/s)
Downloading from central: https://repo.maven.apache.org/maven2/com/google/guava/guava-parent/30.1.1-jre/guava-parent-30.1.1-jre.pom
Progress (1): 856 BProgress (1): 2.1 kBProgress (1): 4.2 kBProgress (1): 6.9 kBProgress (1): 8.8 kBProgress (1): 12 kB Progress (1): 14 kB                   Downloaded from central: https://repo.maven.apache.org/maven2/com/google/guava/guava-parent/30.1.1-jre/guava-parent-30.1.1-jre.pom (14 kB at 593 kB/s)
Downloading from central: https://repo.maven.apache.org/maven2/org/checkerframework/checker-qual/3.8.0/checker-qual-3.8.0.pom
Progress (1): 1.2 kBProgress (1): 2.2 kB                    Downloaded from central: https://repo.maven.apache.org/maven2/org/checkerframework/checker-qual/3.8.0/checker-qual-3.8.0.pom (2.2 kB at 102 kB/s)
Downloading from central: https://repo.maven.apache.org/maven2/com/google/guava/guava/31.0-android/guava-31.0-android.pom
Progress (1): 1.1 kBProgress (1): 2.9 kBProgress (1): 4.9 kBProgress (1): 6.4 kBProgress (1): 8.3 kBProgress (1): 11 kB Progress (1): 12 kB                   Downloaded from central: https://repo.maven.apache.org/maven2/com/google/guava/guava/31.0-android/guava-31.0-android.pom (12 kB at 480 kB/s)
Downloading from central: https://repo.maven.apache.org/maven2/com/google/guava/guava-parent/31.0-android/guava-parent-31.0-android.pom
Progress (1): 905 BProgress (1): 2.7 kBProgress (1): 5.2 kBProgress (1): 7.7 kBProgress (1): 9.3 kBProgress (1): 13 kB Progress (1): 14 kB                   Downloaded from central: https://repo.maven.apache.org/maven2/com/google/guava/guava-parent/31.0-android/guava-parent-31.0-android.pom (14 kB at 604 kB/s)
Downloading from central: https://repo.maven.apache.org/maven2/com/google/guava/guava/31.0-jre/guava-31.0-jre.pom
Progress (1): 1.1 kBProgress (1): 2.9 kBProgress (1): 4.9 kBProgress (1): 6.9 kBProgress (1): 8.6 kBProgress (1): 11 kB                    Downloaded from central: https://repo.maven.apache.org/maven2/com/google/guava/guava/31.0-jre/guava-31.0-jre.pom (11 kB at 498 kB/s)
Downloading from central: https://repo.maven.apache.org/maven2/com/google/guava/guava-parent/31.0-jre/guava-parent-31.0-jre.pom
Progress (1): 913 BProgress (1): 2.7 kBProgress (1): 5.2 kBProgress (1): 7.7 kBProgress (1): 9.5 kBProgress (1): 14 kB                    Downloaded from central: https://repo.maven.apache.org/maven2/com/google/guava/guava-parent/31.0-jre/guava-parent-31.0-jre.pom (14 kB at 553 kB/s)
Downloading from central: https://repo.maven.apache.org/maven2/com/google/guava/guava/31.0.1-android/guava-31.0.1-android.pom
Progress (1): 1.1 kBProgress (1): 2.9 kBProgress (1): 4.9 kBProgress (1): 6.4 kBProgress (1): 8.3 kBProgress (1): 11 kB Progress (1): 12 kB                   Downloaded from central: https://repo.maven.apache.org/maven2/com/google/guava/guava/31.0.1-android/guava-31.0.1-android.pom (12 kB at 501 kB/s)
Downloading from central: https://repo.maven.apache.org/maven2/com/google/guava/guava-parent/31.0.1-android/guava-parent-31.0.1-android.pom
Progress (1): 904 BProgress (1): 2.7 kBProgress (1): 5.2 kBProgress (1): 7.7 kBProgress (1): 9.3 kBProgress (1): 13 kB Progress (1): 14 kB                   Downloaded from central: https://repo.maven.apache.org/maven2/com/google/guava/guava-parent/31.0.1-android/guava-parent-31.0.1-android.pom (14 kB at 631 kB/s)
Downloading from central: https://repo.maven.apache.org/maven2/com/google/guava/guava/31.1-android/guava-31.1-android.pom
Progress (1): 1.1 kBProgress (1): 2.9 kBProgress (1): 4.9 kBProgress (1): 6.8 kBProgress (1): 8.5 kBProgress (1): 11 kB                    Downloaded from central: https://repo.maven.apache.org/maven2/com/google/guava/guava/31.1-android/guava-31.1-android.pom (11 kB at 458 kB/s)
Downloading from central: https://repo.maven.apache.org/maven2/com/google/guava/guava-parent/31.1-android/guava-parent-31.1-android.pom
Progress (1): 901 BProgress (1): 2.6 kBProgress (1): 5.1 kBProgress (1): 7.1 kBProgress (1): 9.0 kBProgress (1): 12 kB Progress (1): 15 kBProgress (1): 15 kB                   Downloaded from central: https://repo.maven.apache.org/maven2/com/google/guava/guava-parent/31.1-android/guava-parent-31.1-android.pom (15 kB at 675 kB/s)
Downloading from central: https://repo.maven.apache.org/maven2/com/google/errorprone/error_prone_annotations/2.11.0/error_prone_annotations-2.11.0.pom
Progress (1): 835 BProgress (1): 2.2 kB                    Downloaded from central: https://repo.maven.apache.org/maven2/com/google/errorprone/error_prone_annotations/2.11.0/error_prone_annotations-2.11.0.pom (2.2 kB at 94 kB/s)
Downloading from central: https://repo.maven.apache.org/maven2/com/google/errorprone/error_prone_parent/2.11.0/error_prone_parent-2.11.0.pom
Progress (1): 729 BProgress (1): 2.2 kBProgress (1): 4.2 kBProgress (1): 8.5 kBProgress (1): 11 kB                    Downloaded from central: https://repo.maven.apache.org/maven2/com/google/errorprone/error_prone_parent/2.11.0/error_prone_parent-2.11.0.pom (11 kB at 429 kB/s)
Downloading from central: https://repo.maven.apache.org/maven2/com/google/guava/guava/31.1-jre/guava-31.1-jre.pom
Progress (1): 1.1 kBProgress (1): 2.9 kBProgress (1): 4.9 kBProgress (1): 6.8 kBProgress (1): 8.5 kBProgress (1): 11 kB                    Downloaded from central: https://repo.maven.apache.org/maven2/com/google/guava/guava/31.1-jre/guava-31.1-jre.pom (11 kB at 458 kB/s)
Downloading from central: https://repo.maven.apache.org/maven2/com/google/guava/guava-parent/31.1-jre/guava-parent-31.1-jre.pom
Progress (1): 913 BProgress (1): 2.7 kBProgress (1): 5.1 kBProgress (1): 7.8 kBProgress (1): 9.4 kBProgress (1): 14 kB Progress (1): 15 kB                   Downloaded from central: https://repo.maven.apache.org/maven2/com/google/guava/guava-parent/31.1-jre/guava-parent-31.1-jre.pom (15 kB at 567 kB/s)
Downloading from central: https://repo.maven.apache.org/maven2/com/google/guava/guava/32.0.0-android/guava-32.0.0-android.pom
Progress (1): 1.1 kBProgress (1): 2.6 kBProgress (1): 4.7 kBProgress (1): 6.3 kBProgress (1): 8.3 kBProgress (1): 11 kB Progress (1): 11 kB                   Downloaded from central: https://repo.maven.apache.org/maven2/com/google/guava/guava/32.0.0-android/guava-32.0.0-android.pom (11 kB at 334 kB/s)
Downloading from central: https://repo.maven.apache.org/maven2/com/google/guava/guava-parent/32.0.0-android/guava-parent-32.0.0-android.pom
Progress (1): 889 BProgress (1): 2.6 kBProgress (1): 4.6 kBProgress (1): 6.7 kBProgress (1): 9.1 kBProgress (1): 11 kB Progress (1): 14 kBProgress (1): 16 kBProgress (1): 18 kBProgress (1): 20 kBProgress (1): 21 kB                   Downloaded from central: https://repo.maven.apache.org/maven2/com/google/guava/guava-parent/32.0.0-android/guava-parent-32.0.0-android.pom (21 kB at 804 kB/s)
Downloading from central: https://repo.maven.apache.org/maven2/com/google/guava/guava/32.0.0-jre/guava-32.0.0-jre.pom
Progress (1): 1.1 kBProgress (1): 2.7 kBProgress (1): 4.7 kBProgress (1): 6.3 kBProgress (1): 8.4 kBProgress (1): 11 kB Progress (1): 11 kB                   Downloaded from central: https://repo.maven.apache.org/maven2/com/google/guava/guava/32.0.0-jre/guava-32.0.0-jre.pom (11 kB at 473 kB/s)
Downloading from central: https://repo.maven.apache.org/maven2/com/google/guava/guava-parent/32.0.0-jre/guava-parent-32.0.0-jre.pom
Progress (1): 886 BProgress (1): 2.6 kBProgress (1): 4.7 kBProgress (1): 6.9 kBProgress (1): 9.2 kBProgress (1): 11 kB Progress (1): 15 kBProgress (1): 17 kBProgress (1): 19 kBProgress (1): 21 kB                   Downloaded from central: https://repo.maven.apache.org/maven2/com/google/guava/guava-parent/32.0.0-jre/guava-parent-32.0.0-jre.pom (21 kB at 832 kB/s)
Downloading from central: https://repo.maven.apache.org/maven2/com/google/guava/guava/32.0.1-android/guava-32.0.1-android.pom
Progress (1): 1.1 kBProgress (1): 2.6 kBProgress (1): 4.7 kBProgress (1): 6.3 kBProgress (1): 8.3 kBProgress (1): 11 kB Progress (1): 11 kB                   Downloaded from central: https://repo.maven.apache.org/maven2/com/google/guava/guava/32.0.1-android/guava-32.0.1-android.pom (11 kB at 437 kB/s)
Downloading from central: https://repo.maven.apache.org/maven2/com/google/guava/guava-parent/32.0.1-android/guava-parent-32.0.1-android.pom
Progress (1): 887 BProgress (1): 2.6 kBProgress (1): 4.6 kBProgress (1): 6.7 kBProgress (1): 9.1 kBProgress (1): 11 kB Progress (1): 14 kBProgress (1): 16 kBProgress (1): 18 kBProgress (1): 20 kBProgress (1): 21 kB                   Downloaded from central: https://repo.maven.apache.org/maven2/com/google/guava/guava-parent/32.0.1-android/guava-parent-32.0.1-android.pom (21 kB at 837 kB/s)
Downloading from central: https://repo.maven.apache.org/maven2/com/google/guava/guava/32.1.0-android/guava-32.1.0-android.pom
Progress (1): 911 BProgress (1): 2.5 kBProgress (1): 4.7 kBProgress (1): 6.3 kBProgress (1): 8.1 kBProgress (1): 11 kB Progress (1): 13 kB                   Downloaded from central: https://repo.maven.apache.org/maven2/com/google/guava/guava/32.1.0-android/guava-32.1.0-android.pom (13 kB at 534 kB/s)
Downloading from central: https://repo.maven.apache.org/maven2/com/google/guava/guava-parent/32.1.0-android/guava-parent-32.1.0-android.pom
Progress (1): 888 BProgress (1): 2.6 kBProgress (1): 4.8 kBProgress (1): 6.7 kBProgress (1): 8.8 kBProgress (1): 11 kB Progress (1): 14 kBProgress (1): 17 kBProgress (1): 18 kBProgress (1): 20 kBProgress (1): 22 kB                   Downloaded from central: https://repo.maven.apache.org/maven2/com/google/guava/guava-parent/32.1.0-android/guava-parent-32.1.0-android.pom (22 kB at 906 kB/s)
Downloading from central: https://repo.maven.apache.org/maven2/com/google/guava/guava/32.1.0-jre/guava-32.1.0-jre.pom
Progress (1): 911 BProgress (1): 2.5 kBProgress (1): 4.7 kBProgress (1): 6.3 kBProgress (1): 8.1 kBProgress (1): 11 kB Progress (1): 13 kB                   Downloaded from central: https://repo.maven.apache.org/maven2/com/google/guava/guava/32.1.0-jre/guava-32.1.0-jre.pom (13 kB at 556 kB/s)
Downloading from central: https://repo.maven.apache.org/maven2/com/google/guava/guava-parent/32.1.0-jre/guava-parent-32.1.0-jre.pom
Progress (1): 887 BProgress (1): 2.6 kBProgress (1): 4.8 kBProgress (1): 6.7 kBProgress (1): 9.4 kBProgress (1): 11 kB Progress (1): 16 kBProgress (1): 17 kBProgress (1): 19 kBProgress (1): 21 kBProgress (1): 22 kB                   Downloaded from central: https://repo.maven.apache.org/maven2/com/google/guava/guava-parent/32.1.0-jre/guava-parent-32.1.0-jre.pom (22 kB at 801 kB/s)
Downloading from central: https://repo.maven.apache.org/maven2/com/google/guava/guava/32.1.1-android/guava-32.1.1-android.pom
Progress (1): 910 BProgress (1): 2.5 kBProgress (1): 4.7 kBProgress (1): 6.3 kBProgress (1): 8.1 kBProgress (1): 11 kB Progress (1): 13 kB                   Downloaded from central: https://repo.maven.apache.org/maven2/com/google/guava/guava/32.1.1-android/guava-32.1.1-android.pom (13 kB at 512 kB/s)
Downloading from central: https://repo.maven.apache.org/maven2/com/google/guava/guava-parent/32.1.1-android/guava-parent-32.1.1-android.pom
Progress (1): 887 BProgress (1): 2.6 kBProgress (1): 4.8 kBProgress (1): 6.7 kBProgress (1): 9.1 kBProgress (1): 11 kB Progress (1): 14 kBProgress (1): 17 kBProgress (1): 18 kBProgress (1): 20 kBProgress (1): 22 kB                   Downloaded from central: https://repo.maven.apache.org/maven2/com/google/guava/guava-parent/32.1.1-android/guava-parent-32.1.1-android.pom (22 kB at 905 kB/s)
Downloading from central: https://repo.maven.apache.org/maven2/com/google/guava/guava/32.1.1-jre/guava-32.1.1-jre.pom
Progress (1): 910 BProgress (1): 2.5 kBProgress (1): 4.7 kBProgress (1): 6.3 kBProgress (1): 8.1 kBProgress (1): 11 kB Progress (1): 13 kB                   Downloaded from central: https://repo.maven.apache.org/maven2/com/google/guava/guava/32.1.1-jre/guava-32.1.1-jre.pom (13 kB at 492 kB/s)
Downloading from central: https://repo.maven.apache.org/maven2/com/google/guava/guava-parent/32.1.1-jre/guava-parent-32.1.1-jre.pom
Progress (1): 887 BProgress (1): 2.6 kBProgress (1): 4.8 kBProgress (1): 6.7 kBProgress (1): 9.5 kBProgress (1): 11 kB Progress (1): 16 kBProgress (1): 17 kBProgress (1): 19 kBProgress (1): 21 kBProgress (1): 22 kB                   Downloaded from central: https://repo.maven.apache.org/maven2/com/google/guava/guava-parent/32.1.1-jre/guava-parent-32.1.1-jre.pom (22 kB at 900 kB/s)
Downloading from central: https://repo.maven.apache.org/maven2/com/google/guava/guava/32.1.2-android/guava-32.1.2-android.pom
Progress (1): 910 BProgress (1): 2.5 kBProgress (1): 4.7 kBProgress (1): 6.3 kBProgress (1): 8.1 kBProgress (1): 11 kB Progress (1): 13 kB                   Downloaded from central: https://repo.maven.apache.org/maven2/com/google/guava/guava/32.1.2-android/guava-32.1.2-android.pom (13 kB at 536 kB/s)
Downloading from central: https://repo.maven.apache.org/maven2/com/google/guava/guava-parent/32.1.2-android/guava-parent-32.1.2-android.pom
Progress (1): 877 BProgress (1): 2.6 kBProgress (1): 4.8 kBProgress (1): 6.7 kBProgress (1): 9.1 kBProgress (1): 11 kB Progress (1): 14 kBProgress (1): 16 kBProgress (1): 17 kBProgress (1): 19 kBProgress (1): 20 kB                   Downloaded from central: https://repo.maven.apache.org/maven2/com/google/guava/guava-parent/32.1.2-android/guava-parent-32.1.2-android.pom (20 kB at 853 kB/s)
Downloading from central: https://repo.maven.apache.org/maven2/com/google/guava/guava/32.1.2-jre/guava-32.1.2-jre.pom
Progress (1): 909 BProgress (1): 2.5 kBProgress (1): 4.7 kBProgress (1): 6.3 kBProgress (1): 8.1 kBProgress (1): 11 kB Progress (1): 13 kB                   Downloaded from central: https://repo.maven.apache.org/maven2/com/google/guava/guava/32.1.2-jre/guava-32.1.2-jre.pom (13 kB at 535 kB/s)
Downloading from central: https://repo.maven.apache.org/maven2/com/google/guava/guava-parent/32.1.2-jre/guava-parent-32.1.2-jre.pom
Progress (1): 887 BProgress (1): 2.6 kBProgress (1): 4.9 kBProgress (1): 6.8 kBProgress (1): 9.5 kBProgress (1): 11 kB Progress (1): 14 kBProgress (1): 16 kBProgress (1): 18 kBProgress (1): 20 kB                   Downloaded from central: https://repo.maven.apache.org/maven2/com/google/guava/guava-parent/32.1.2-jre/guava-parent-32.1.2-jre.pom (20 kB at 796 kB/s)
Downloading from central: https://repo.maven.apache.org/maven2/com/google/guava/guava/32.1.3-android/guava-32.1.3-android.pom
Progress (1): 910 BProgress (1): 2.5 kBProgress (1): 4.7 kBProgress (1): 6.3 kBProgress (1): 8.1 kBProgress (1): 11 kB Progress (1): 13 kB                   Downloaded from central: https://repo.maven.apache.org/maven2/com/google/guava/guava/32.1.3-android/guava-32.1.3-android.pom (13 kB at 559 kB/s)
Downloading from central: https://repo.maven.apache.org/maven2/com/google/guava/guava-parent/32.1.3-android/guava-parent-32.1.3-android.pom
Progress (1): 874 BProgress (1): 2.5 kBProgress (1): 4.7 kBProgress (1): 6.7 kBProgress (1): 8.8 kBProgress (1): 11 kB Progress (1): 13 kBProgress (1): 15 kBProgress (1): 17 kBProgress (1): 19 kBProgress (1): 21 kB                   Downloaded from central: https://repo.maven.apache.org/maven2/com/google/guava/guava-parent/32.1.3-android/guava-parent-32.1.3-android.pom (21 kB at 795 kB/s)
Downloading from central: https://repo.maven.apache.org/maven2/com/google/guava/guava/33.0.0-android/guava-33.0.0-android.pom
Progress (1): 911 BProgress (1): 2.5 kBProgress (1): 4.7 kBProgress (1): 6.3 kBProgress (1): 8.1 kBProgress (1): 11 kB Progress (1): 13 kB                   Downloaded from central: https://repo.maven.apache.org/maven2/com/google/guava/guava/33.0.0-android/guava-33.0.0-android.pom (13 kB at 546 kB/s)
Downloading from central: https://repo.maven.apache.org/maven2/com/google/guava/guava-parent/33.0.0-android/guava-parent-33.0.0-android.pom
Progress (1): 875 BProgress (1): 2.5 kBProgress (1): 4.6 kBProgress (1): 6.7 kBProgress (1): 9.0 kBProgress (1): 11 kB Progress (1): 13 kBProgress (1): 14 kBProgress (1): 16 kBProgress (1): 18 kBProgress (1): 19 kB                   Downloaded from central: https://repo.maven.apache.org/maven2/com/google/guava/guava-parent/33.0.0-android/guava-parent-33.0.0-android.pom (19 kB at 829 kB/s)
Downloading from central: https://repo.maven.apache.org/maven2/com/google/guava/failureaccess/1.0.2/failureaccess-1.0.2.pom
Progress (1): 975 BProgress (1): 3.3 kB                    Downloaded from central: https://repo.maven.apache.org/maven2/com/google/guava/failureaccess/1.0.2/failureaccess-1.0.2.pom (3.3 kB at 159 kB/s)
Downloading from central: https://repo.maven.apache.org/maven2/org/checkerframework/checker-qual/3.41.0/checker-qual-3.41.0.pom
Progress (1): 952 BProgress (1): 2.1 kB                    Downloaded from central: https://repo.maven.apache.org/maven2/org/checkerframework/checker-qual/3.41.0/checker-qual-3.41.0.pom (2.1 kB at 91 kB/s)
Downloading from central: https://repo.maven.apache.org/maven2/com/google/errorprone/error_prone_annotations/2.23.0/error_prone_annotations-2.23.0.pom
Progress (1): 840 BProgress (1): 1.8 kB                    Downloaded from central: https://repo.maven.apache.org/maven2/com/google/errorprone/error_prone_annotations/2.23.0/error_prone_annotations-2.23.0.pom (1.8 kB at 83 kB/s)
Downloading from central: https://repo.maven.apache.org/maven2/com/google/errorprone/error_prone_parent/2.23.0/error_prone_parent-2.23.0.pom
Progress (1): 722 BProgress (1): 2.1 kBProgress (1): 4.1 kBProgress (1): 6.5 kBProgress (1): 11 kB Progress (1): 13 kB                   Downloaded from central: https://repo.maven.apache.org/maven2/com/google/errorprone/error_prone_parent/2.23.0/error_prone_parent-2.23.0.pom (13 kB at 557 kB/s)
Downloading from central: https://repo.maven.apache.org/maven2/com/google/guava/guava/33.0.0-jre/guava-33.0.0-jre.pom
Progress (1): 910 BProgress (1): 2.5 kBProgress (1): 4.7 kBProgress (1): 6.3 kBProgress (1): 8.1 kBProgress (1): 11 kB Progress (1): 13 kB                   Downloaded from central: https://repo.maven.apache.org/maven2/com/google/guava/guava/33.0.0-jre/guava-33.0.0-jre.pom (13 kB at 597 kB/s)
Downloading from central: https://repo.maven.apache.org/maven2/com/google/guava/guava-parent/33.0.0-jre/guava-parent-33.0.0-jre.pom
Progress (1): 904 BProgress (1): 2.5 kBProgress (1): 4.7 kBProgress (1): 6.8 kBProgress (1): 9.2 kBProgress (1): 11 kB Progress (1): 13 kBProgress (1): 15 kBProgress (1): 17 kBProgress (1): 19 kB                   Downloaded from central: https://repo.maven.apache.org/maven2/com/google/guava/guava-parent/33.0.0-jre/guava-parent-33.0.0-jre.pom (19 kB at 717 kB/s)
Downloading from central: https://repo.maven.apache.org/maven2/com/google/guava/guava/33.1.0-android/guava-33.1.0-android.pom
Progress (1): 952 BProgress (1): 2.9 kBProgress (1): 4.8 kBProgress (1): 6.4 kBProgress (1): 9.1 kB                    Downloaded from central: https://repo.maven.apache.org/maven2/com/google/guava/guava/33.1.0-android/guava-33.1.0-android.pom (9.1 kB at 379 kB/s)
Downloading from central: https://repo.maven.apache.org/maven2/com/google/guava/guava-parent/33.1.0-android/guava-parent-33.1.0-android.pom
Progress (1): 875 BProgress (1): 2.5 kBProgress (1): 4.7 kBProgress (1): 6.7 kBProgress (1): 8.8 kBProgress (1): 11 kB Progress (1): 13 kBProgress (1): 15 kBProgress (1): 16 kBProgress (1): 18 kBProgress (1): 20 kB                   Downloaded from central: https://repo.maven.apache.org/maven2/com/google/guava/guava-parent/33.1.0-android/guava-parent-33.1.0-android.pom (20 kB at 863 kB/s)
Downloading from central: https://repo.maven.apache.org/maven2/org/checkerframework/checker-qual/3.42.0/checker-qual-3.42.0.pom
Progress (1): 940 BProgress (1): 2.1 kB                    Downloaded from central: https://repo.maven.apache.org/maven2/org/checkerframework/checker-qual/3.42.0/checker-qual-3.42.0.pom (2.1 kB at 100 kB/s)
Downloading from central: https://repo.maven.apache.org/maven2/com/google/errorprone/error_prone_annotations/2.26.1/error_prone_annotations-2.26.1.pom
Progress (1): 759 BProgress (1): 2.7 kBProgress (1): 4.3 kB                    Downloaded from central: https://repo.maven.apache.org/maven2/com/google/errorprone/error_prone_annotations/2.26.1/error_prone_annotations-2.26.1.pom (4.3 kB at 185 kB/s)
Downloading from central: https://repo.maven.apache.org/maven2/com/google/errorprone/error_prone_parent/2.26.1/error_prone_parent-2.26.1.pom
Progress (1): 719 BProgress (1): 2.1 kBProgress (1): 4.1 kBProgress (1): 6.5 kBProgress (1): 11 kB Progress (1): 13 kB                   Downloaded from central: https://repo.maven.apache.org/maven2/com/google/errorprone/error_prone_parent/2.26.1/error_prone_parent-2.26.1.pom (13 kB at 525 kB/s)
Downloading from central: https://repo.maven.apache.org/maven2/com/google/guava/guava/33.1.0-jre/guava-33.1.0-jre.pom
Progress (1): 953 BProgress (1): 2.9 kBProgress (1): 4.8 kBProgress (1): 6.4 kBProgress (1): 9.1 kB                    Downloaded from central: https://repo.maven.apache.org/maven2/com/google/guava/guava/33.1.0-jre/guava-33.1.0-jre.pom (9.1 kB at 395 kB/s)
Downloading from central: https://repo.maven.apache.org/maven2/com/google/guava/guava-parent/33.1.0-jre/guava-parent-33.1.0-jre.pom
Progress (1): 901 BProgress (1): 2.5 kBProgress (1): 4.7 kBProgress (1): 6.7 kBProgress (1): 9.4 kBProgress (1): 11 kB Progress (1): 13 kBProgress (1): 15 kBProgress (1): 17 kBProgress (1): 19 kBProgress (1): 19 kB                   Downloaded from central: https://repo.maven.apache.org/maven2/com/google/guava/guava-parent/33.1.0-jre/guava-parent-33.1.0-jre.pom (19 kB at 810 kB/s)
Downloading from central: https://repo.maven.apache.org/maven2/com/google/guava/guava/33.2.0-android/guava-33.2.0-android.pom
Progress (1): 941 BProgress (1): 2.9 kBProgress (1): 4.8 kBProgress (1): 6.4 kBProgress (1): 9.1 kB                    Downloaded from central: https://repo.maven.apache.org/maven2/com/google/guava/guava/33.2.0-android/guava-33.2.0-android.pom (9.1 kB at 364 kB/s)
Downloading from central: https://repo.maven.apache.org/maven2/com/google/guava/guava-parent/33.2.0-android/guava-parent-33.2.0-android.pom
Progress (1): 873 BProgress (1): 2.5 kBProgress (1): 4.6 kBProgress (1): 6.6 kBProgress (1): 8.7 kBProgress (1): 11 kB Progress (1): 13 kBProgress (1): 15 kBProgress (1): 16 kBProgress (1): 18 kBProgress (1): 20 kB                   Downloaded from central: https://repo.maven.apache.org/maven2/com/google/guava/guava-parent/33.2.0-android/guava-parent-33.2.0-android.pom (20 kB at 827 kB/s)
Downloading from central: https://repo.maven.apache.org/maven2/com/google/guava/guava/33.2.0-jre/guava-33.2.0-jre.pom
Progress (1): 951 BProgress (1): 2.9 kBProgress (1): 4.8 kBProgress (1): 6.4 kBProgress (1): 9.1 kB                    Downloaded from central: https://repo.maven.apache.org/maven2/com/google/guava/guava/33.2.0-jre/guava-33.2.0-jre.pom (9.1 kB at 363 kB/s)
Downloading from central: https://repo.maven.apache.org/maven2/com/google/guava/guava-parent/33.2.0-jre/guava-parent-33.2.0-jre.pom
Progress (1): 875 BProgress (1): 2.5 kBProgress (1): 4.7 kBProgress (1): 6.7 kBProgress (1): 9.4 kBProgress (1): 11 kB Progress (1): 13 kBProgress (1): 15 kBProgress (1): 17 kBProgress (1): 19 kBProgress (1): 19 kB                   Downloaded from central: https://repo.maven.apache.org/maven2/com/google/guava/guava-parent/33.2.0-jre/guava-parent-33.2.0-jre.pom (19 kB at 777 kB/s)
Downloading from central: https://repo.maven.apache.org/maven2/com/google/guava/guava/33.2.1-android/guava-33.2.1-android.pom
Progress (1): 941 BProgress (1): 2.9 kBProgress (1): 4.8 kBProgress (1): 6.4 kBProgress (1): 9.1 kB                    Downloaded from central: https://repo.maven.apache.org/maven2/com/google/guava/guava/33.2.1-android/guava-33.2.1-android.pom (9.1 kB at 396 kB/s)
Downloading from central: https://repo.maven.apache.org/maven2/com/google/guava/guava-parent/33.2.1-android/guava-parent-33.2.1-android.pom
Progress (1): 873 BProgress (1): 2.5 kBProgress (1): 4.6 kBProgress (1): 6.6 kBProgress (1): 8.7 kBProgress (1): 11 kB Progress (1): 13 kBProgress (1): 15 kBProgress (1): 16 kBProgress (1): 18 kBProgress (1): 20 kB                   Downloaded from central: https://repo.maven.apache.org/maven2/com/google/guava/guava-parent/33.2.1-android/guava-parent-33.2.1-android.pom (20 kB at 827 kB/s)
Downloading from central: https://repo.maven.apache.org/maven2/com/google/guava/guava/33.2.1-jre/guava-33.2.1-jre.pom
Progress (1): 1.1 kBProgress (1): 3.0 kBProgress (1): 4.6 kBProgress (1): 6.3 kBProgress (1): 9.1 kB                    Downloaded from central: https://repo.maven.apache.org/maven2/com/google/guava/guava/33.2.1-jre/guava-33.2.1-jre.pom (9.1 kB at 379 kB/s)
Downloading from central: https://repo.maven.apache.org/maven2/com/google/guava/guava-parent/33.2.1-jre/guava-parent-33.2.1-jre.pom
Progress (1): 894 BProgress (1): 2.5 kBProgress (1): 4.7 kBProgress (1): 6.7 kBProgress (1): 9.4 kBProgress (1): 11 kB Progress (1): 13 kBProgress (1): 15 kBProgress (1): 17 kBProgress (1): 19 kBProgress (1): 19 kB                   Downloaded from central: https://repo.maven.apache.org/maven2/com/google/guava/guava-parent/33.2.1-jre/guava-parent-33.2.1-jre.pom (19 kB at 810 kB/s)
Downloading from central: https://repo.maven.apache.org/maven2/com/google/guava/guava/33.3.0-android/guava-33.3.0-android.pom
Progress (1): 952 BProgress (1): 3.0 kBProgress (1): 4.9 kBProgress (1): 6.6 kBProgress (1): 9.3 kB                    Downloaded from central: https://repo.maven.apache.org/maven2/com/google/guava/guava/33.3.0-android/guava-33.3.0-android.pom (9.3 kB at 405 kB/s)
Downloading from central: https://repo.maven.apache.org/maven2/com/google/guava/guava-parent/33.3.0-android/guava-parent-33.3.0-android.pom
Progress (1): 808 BProgress (1): 2.4 kBProgress (1): 4.2 kBProgress (1): 5.9 kBProgress (1): 8.2 kBProgress (1): 11 kB Progress (1): 13 kBProgress (1): 16 kBProgress (1): 18 kBProgress (1): 20 kBProgress (1): 21 kB                   Downloaded from central: https://repo.maven.apache.org/maven2/com/google/guava/guava-parent/33.3.0-android/guava-parent-33.3.0-android.pom (21 kB at 743 kB/s)
Downloading from central: https://repo.maven.apache.org/maven2/org/checkerframework/checker-qual/3.43.0/checker-qual-3.43.0.pom
Progress (1): 952 BProgress (1): 2.1 kB                    Downloaded from central: https://repo.maven.apache.org/maven2/org/checkerframework/checker-qual/3.43.0/checker-qual-3.43.0.pom (2.1 kB at 100 kB/s)
Downloading from central: https://repo.maven.apache.org/maven2/com/google/errorprone/error_prone_annotations/2.28.0/error_prone_annotations-2.28.0.pom
Progress (1): 759 BProgress (1): 2.8 kBProgress (1): 4.3 kB                    Downloaded from central: https://repo.maven.apache.org/maven2/com/google/errorprone/error_prone_annotations/2.28.0/error_prone_annotations-2.28.0.pom (4.3 kB at 202 kB/s)
Downloading from central: https://repo.maven.apache.org/maven2/com/google/errorprone/error_prone_parent/2.28.0/error_prone_parent-2.28.0.pom
Progress (1): 720 BProgress (1): 2.1 kBProgress (1): 4.1 kBProgress (1): 6.5 kBProgress (1): 11 kB Progress (1): 13 kB                   Downloaded from central: https://repo.maven.apache.org/maven2/com/google/errorprone/error_prone_parent/2.28.0/error_prone_parent-2.28.0.pom (13 kB at 571 kB/s)
Downloading from central: https://repo.maven.apache.org/maven2/com/google/guava/guava/33.3.0-jre/guava-33.3.0-jre.pom
Progress (1): 952 BProgress (1): 3.0 kBProgress (1): 4.9 kBProgress (1): 6.6 kBProgress (1): 9.3 kB                    Downloaded from central: https://repo.maven.apache.org/maven2/com/google/guava/guava/33.3.0-jre/guava-33.3.0-jre.pom (9.3 kB at 388 kB/s)
Downloading from central: https://repo.maven.apache.org/maven2/com/google/guava/guava-parent/33.3.0-jre/guava-parent-33.3.0-jre.pom
Progress (1): 806 BProgress (1): 2.4 kBProgress (1): 4.2 kBProgress (1): 5.9 kBProgress (1): 8.3 kBProgress (1): 11 kB Progress (1): 14 kBProgress (1): 16 kBProgress (1): 18 kBProgress (1): 20 kBProgress (1): 20 kB                   Downloaded from central: https://repo.maven.apache.org/maven2/com/google/guava/guava-parent/33.3.0-jre/guava-parent-33.3.0-jre.pom (20 kB at 816 kB/s)
Downloading from central: https://repo.maven.apache.org/maven2/com/google/guava/guava/33.3.1-android/guava-33.3.1-android.pom
Progress (1): 952 BProgress (1): 3.0 kBProgress (1): 4.9 kBProgress (1): 6.6 kBProgress (1): 9.3 kB                    Downloaded from central: https://repo.maven.apache.org/maven2/com/google/guava/guava/33.3.1-android/guava-33.3.1-android.pom (9.3 kB at 405 kB/s)
Downloading from central: https://repo.maven.apache.org/maven2/com/google/guava/guava-parent/33.3.1-android/guava-parent-33.3.1-android.pom
Progress (1): 803 BProgress (1): 2.4 kBProgress (1): 4.2 kBProgress (1): 5.9 kBProgress (1): 8.2 kBProgress (1): 11 kB Progress (1): 13 kBProgress (1): 16 kBProgress (1): 18 kBProgress (1): 20 kBProgress (1): 21 kB                   Downloaded from central: https://repo.maven.apache.org/maven2/com/google/guava/guava-parent/33.3.1-android/guava-parent-33.3.1-android.pom (21 kB at 825 kB/s)
Downloading from central: https://repo.maven.apache.org/maven2/com/google/guava/guava/33.3.1-jre/guava-33.3.1-jre.pom
Progress (1): 952 BProgress (1): 3.0 kBProgress (1): 4.9 kBProgress (1): 6.6 kBProgress (1): 9.3 kB                    Downloaded from central: https://repo.maven.apache.org/maven2/com/google/guava/guava/33.3.1-jre/guava-33.3.1-jre.pom (9.3 kB at 388 kB/s)
Downloading from central: https://repo.maven.apache.org/maven2/com/google/guava/guava-parent/33.3.1-jre/guava-parent-33.3.1-jre.pom
Progress (1): 804 BProgress (1): 2.4 kBProgress (1): 4.2 kBProgress (1): 5.9 kBProgress (1): 8.2 kBProgress (1): 11 kB Progress (1): 14 kBProgress (1): 16 kBProgress (1): 18 kBProgress (1): 20 kBProgress (1): 20 kB                   Downloaded from central: https://repo.maven.apache.org/maven2/com/google/guava/guava-parent/33.3.1-jre/guava-parent-33.3.1-jre.pom (20 kB at 918 kB/s)
Downloading from central: https://repo.maven.apache.org/maven2/com/google/guava/guava/33.4.0-android/guava-33.4.0-android.pom
Progress (1): 956 BProgress (1): 3.0 kBProgress (1): 4.9 kBProgress (1): 6.6 kBProgress (1): 8.8 kB                    Downloaded from central: https://repo.maven.apache.org/maven2/com/google/guava/guava/33.4.0-android/guava-33.4.0-android.pom (8.8 kB at 383 kB/s)
Downloading from central: https://repo.maven.apache.org/maven2/com/google/errorprone/error_prone_annotations/2.36.0/error_prone_annotations-2.36.0.pom
Progress (1): 759 BProgress (1): 2.7 kBProgress (1): 4.3 kB                    Downloaded from central: https://repo.maven.apache.org/maven2/com/google/errorprone/error_prone_annotations/2.36.0/error_prone_annotations-2.36.0.pom (4.3 kB at 185 kB/s)
Downloading from central: https://repo.maven.apache.org/maven2/com/google/errorprone/error_prone_parent/2.36.0/error_prone_parent-2.36.0.pom
Progress (1): 728 BProgress (1): 2.1 kBProgress (1): 4.1 kBProgress (1): 6.4 kBProgress (1): 11 kB Progress (1): 14 kBProgress (1): 16 kB                   Downloaded from central: https://repo.maven.apache.org/maven2/com/google/errorprone/error_prone_parent/2.36.0/error_prone_parent-2.36.0.pom (16 kB at 694 kB/s)
Downloading from central: https://repo.maven.apache.org/maven2/com/google/guava/guava/33.4.0-jre/guava-33.4.0-jre.pom
Progress (1): 953 BProgress (1): 3.0 kBProgress (1): 4.9 kBProgress (1): 6.6 kBProgress (1): 8.8 kB                    Downloaded from central: https://repo.maven.apache.org/maven2/com/google/guava/guava/33.4.0-jre/guava-33.4.0-jre.pom (8.8 kB at 351 kB/s)
Downloading from central: https://repo.maven.apache.org/maven2/com/google/guava/guava-parent/33.4.0-jre/guava-parent-33.4.0-jre.pom
Progress (1): 818 BProgress (1): 2.4 kBProgress (1): 4.2 kBProgress (1): 5.9 kBProgress (1): 8.2 kBProgress (1): 11 kB Progress (1): 14 kBProgress (1): 16 kBProgress (1): 19 kBProgress (1): 20 kBProgress (1): 21 kB                   Downloaded from central: https://repo.maven.apache.org/maven2/com/google/guava/guava-parent/33.4.0-jre/guava-parent-33.4.0-jre.pom (21 kB at 879 kB/s)
Downloading from central: https://repo.maven.apache.org/maven2/com/google/guava/guava/33.4.1-android/guava-33.4.1-android.pom
Progress (1): 952 BProgress (1): 3.0 kBProgress (1): 5.0 kBProgress (1): 6.7 kBProgress (1): 8.9 kB                    Downloaded from central: https://repo.maven.apache.org/maven2/com/google/guava/guava/33.4.1-android/guava-33.4.1-android.pom (8.9 kB at 371 kB/s)
Downloading from central: https://repo.maven.apache.org/maven2/com/google/guava/guava-parent/33.4.1-android/guava-parent-33.4.1-android.pom
Progress (1): 810 BProgress (1): 2.4 kBProgress (1): 4.2 kBProgress (1): 5.9 kBProgress (1): 8.2 kBProgress (1): 11 kB Progress (1): 14 kBProgress (1): 16 kBProgress (1): 18 kBProgress (1): 20 kBProgress (1): 22 kB                   Downloaded from central: https://repo.maven.apache.org/maven2/com/google/guava/guava-parent/33.4.1-android/guava-parent-33.4.1-android.pom (22 kB at 945 kB/s)
Downloading from central: https://repo.maven.apache.org/maven2/com/google/guava/guava/33.4.1-jre/guava-33.4.1-jre.pom
Progress (1): 953 BProgress (1): 3.0 kBProgress (1): 5.0 kBProgress (1): 6.7 kBProgress (1): 8.9 kB                    Downloaded from central: https://repo.maven.apache.org/maven2/com/google/guava/guava/33.4.1-jre/guava-33.4.1-jre.pom (8.9 kB at 342 kB/s)
Downloading from central: https://repo.maven.apache.org/maven2/com/google/guava/guava-parent/33.4.1-jre/guava-parent-33.4.1-jre.pom
Progress (1): 811 BProgress (1): 2.4 kBProgress (1): 4.2 kBProgress (1): 6.0 kBProgress (1): 8.2 kBProgress (1): 11 kB Progress (1): 14 kBProgress (1): 16 kBProgress (1): 19 kBProgress (1): 20 kBProgress (1): 21 kB                   Downloaded from central: https://repo.maven.apache.org/maven2/com/google/guava/guava-parent/33.4.1-jre/guava-parent-33.4.1-jre.pom (21 kB at 820 kB/s)
Downloading from central: https://repo.maven.apache.org/maven2/com/google/guava/guava/33.4.2-android/guava-33.4.2-android.pom
Progress (1): 1.1 kBProgress (1): 3.1 kBProgress (1): 4.9 kBProgress (1): 6.5 kBProgress (1): 8.9 kB                    Downloaded from central: https://repo.maven.apache.org/maven2/com/google/guava/guava/33.4.2-android/guava-33.4.2-android.pom (8.9 kB at 357 kB/s)
Downloading from central: https://repo.maven.apache.org/maven2/com/google/guava/guava-parent/33.4.2-android/guava-parent-33.4.2-android.pom
Progress (1): 810 BProgress (1): 2.4 kBProgress (1): 4.2 kBProgress (1): 5.9 kBProgress (1): 8.2 kBProgress (1): 11 kB Progress (1): 14 kBProgress (1): 16 kBProgress (1): 18 kBProgress (1): 20 kBProgress (1): 22 kB                   Downloaded from central: https://repo.maven.apache.org/maven2/com/google/guava/guava-parent/33.4.2-android/guava-parent-33.4.2-android.pom (22 kB at 805 kB/s)
Downloading from central: https://repo.maven.apache.org/maven2/com/google/guava/guava/33.4.2-jre/guava-33.4.2-jre.pom
Progress (1): 953 BProgress (1): 3.0 kBProgress (1): 5.0 kBProgress (1): 6.7 kBProgress (1): 8.9 kB                    Downloaded from central: https://repo.maven.apache.org/maven2/com/google/guava/guava/33.4.2-jre/guava-33.4.2-jre.pom (8.9 kB at 330 kB/s)
Downloading from central: https://repo.maven.apache.org/maven2/com/google/guava/guava-parent/33.4.2-jre/guava-parent-33.4.2-jre.pom
Progress (1): 811 BProgress (1): 2.4 kBProgress (1): 4.2 kBProgress (1): 6.0 kBProgress (1): 8.2 kBProgress (1): 11 kB Progress (1): 14 kBProgress (1): 16 kBProgress (1): 19 kBProgress (1): 20 kBProgress (1): 21 kB                   Downloaded from central: https://repo.maven.apache.org/maven2/com/google/guava/guava-parent/33.4.2-jre/guava-parent-33.4.2-jre.pom (21 kB at 853 kB/s)
Downloading from central: https://repo.maven.apache.org/maven2/com/google/guava/guava/33.4.3-android/guava-33.4.3-android.pom
Progress (1): 956 BProgress (1): 3.0 kBProgress (1): 4.9 kBProgress (1): 7.1 kBProgress (1): 8.3 kB                    Downloaded from central: https://repo.maven.apache.org/maven2/com/google/guava/guava/33.4.3-android/guava-33.4.3-android.pom (8.3 kB at 334 kB/s)
Downloading from central: https://repo.maven.apache.org/maven2/com/google/guava/guava-parent/33.4.3-android/guava-parent-33.4.3-android.pom
Progress (1): 810 BProgress (1): 2.4 kBProgress (1): 4.2 kBProgress (1): 5.9 kBProgress (1): 8.2 kBProgress (1): 11 kB Progress (1): 14 kBProgress (1): 16 kBProgress (1): 18 kBProgress (1): 20 kBProgress (1): 22 kB                   Downloaded from central: https://repo.maven.apache.org/maven2/com/google/guava/guava-parent/33.4.3-android/guava-parent-33.4.3-android.pom (22 kB at 861 kB/s)
Downloading from central: https://repo.maven.apache.org/maven2/com/google/guava/guava/33.4.3-jre/guava-33.4.3-jre.pom
Progress (1): 953 BProgress (1): 3.0 kBProgress (1): 4.9 kBProgress (1): 7.1 kBProgress (1): 8.3 kB                    Downloaded from central: https://repo.maven.apache.org/maven2/com/google/guava/guava/33.4.3-jre/guava-33.4.3-jre.pom (8.3 kB at 396 kB/s)
Downloading from central: https://repo.maven.apache.org/maven2/com/google/guava/guava-parent/33.4.3-jre/guava-parent-33.4.3-jre.pom
Progress (1): 811 BProgress (1): 2.4 kBProgress (1): 4.2 kBProgress (1): 6.0 kBProgress (1): 8.2 kBProgress (1): 11 kB Progress (1): 14 kBProgress (1): 16 kBProgress (1): 19 kBProgress (1): 20 kBProgress (1): 21 kB                   Downloaded from central: https://repo.maven.apache.org/maven2/com/google/guava/guava-parent/33.4.3-jre/guava-parent-33.4.3-jre.pom (21 kB at 1.0 MB/s)
Downloading from central: https://repo.maven.apache.org/maven2/com/google/guava/guava/33.4.4-android/guava-33.4.4-android.pom
Progress (1): 952 BProgress (1): 3.0 kBProgress (1): 4.9 kBProgress (1): 7.0 kBProgress (1): 8.0 kB                    Downloaded from central: https://repo.maven.apache.org/maven2/com/google/guava/guava/33.4.4-android/guava-33.4.4-android.pom (8.0 kB at 382 kB/s)
Downloading from central: https://repo.maven.apache.org/maven2/com/google/guava/guava-parent/33.4.4-android/guava-parent-33.4.4-android.pom
Progress (1): 817 BProgress (1): 2.0 kBProgress (1): 3.9 kBProgress (1): 5.8 kBProgress (1): 7.8 kBProgress (1): 11 kB Progress (1): 14 kBProgress (1): 15 kBProgress (1): 17 kBProgress (1): 20 kBProgress (1): 23 kBProgress (1): 24 kB                   Downloaded from central: https://repo.maven.apache.org/maven2/com/google/guava/guava-parent/33.4.4-android/guava-parent-33.4.4-android.pom (24 kB at 980 kB/s)
Downloading from central: https://repo.maven.apache.org/maven2/com/google/guava/guava/33.4.4-jre/guava-33.4.4-jre.pom
Progress (1): 1.1 kBProgress (1): 3.0 kBProgress (1): 4.7 kBProgress (1): 6.8 kBProgress (1): 8.0 kB                    Downloaded from central: https://repo.maven.apache.org/maven2/com/google/guava/guava/33.4.4-jre/guava-33.4.4-jre.pom (8.0 kB at 308 kB/s)
Downloading from central: https://repo.maven.apache.org/maven2/com/google/guava/guava-parent/33.4.4-jre/guava-parent-33.4.4-jre.pom
Progress (1): 819 BProgress (1): 2.0 kBProgress (1): 3.9 kBProgress (1): 5.9 kBProgress (1): 7.8 kBProgress (1): 11 kB Progress (1): 14 kBProgress (1): 16 kBProgress (1): 18 kBProgress (1): 20 kBProgress (1): 23 kB                   Downloaded from central: https://repo.maven.apache.org/maven2/com/google/guava/guava-parent/33.4.4-jre/guava-parent-33.4.4-jre.pom (23 kB at 1.2 MB/s)
Downloading from central: https://repo.maven.apache.org/maven2/com/google/guava/guava/33.4.5-android/guava-33.4.5-android.pom
Progress (1): 922 BProgress (1): 2.9 kBProgress (1): 4.9 kBProgress (1): 7.0 kBProgress (1): 9.3 kBProgress (1): 9.5 kB                    Downloaded from central: https://repo.maven.apache.org/maven2/com/google/guava/guava/33.4.5-android/guava-33.4.5-android.pom (9.5 kB at 414 kB/s)
Downloading from central: https://repo.maven.apache.org/maven2/com/google/guava/guava-parent/33.4.5-android/guava-parent-33.4.5-android.pom
Progress (1): 810 BProgress (1): 2.1 kBProgress (1): 3.9 kBProgress (1): 5.9 kBProgress (1): 8.0 kBProgress (1): 11 kB Progress (1): 13 kBProgress (1): 16 kBProgress (1): 18 kBProgress (1): 20 kBProgress (1): 23 kBProgress (1): 24 kB                   Downloaded from central: https://repo.maven.apache.org/maven2/com/google/guava/guava-parent/33.4.5-android/guava-parent-33.4.5-android.pom (24 kB at 1.1 MB/s)
Downloading from central: https://repo.maven.apache.org/maven2/com/google/guava/guava/33.4.5-jre/guava-33.4.5-jre.pom
Progress (1): 937 BProgress (1): 2.9 kBProgress (1): 4.9 kBProgress (1): 7.0 kBProgress (1): 9.4 kBProgress (1): 9.5 kB                    Downloaded from central: https://repo.maven.apache.org/maven2/com/google/guava/guava/33.4.5-jre/guava-33.4.5-jre.pom (9.5 kB at 432 kB/s)
Downloading from central: https://repo.maven.apache.org/maven2/com/google/guava/guava-parent/33.4.5-jre/guava-parent-33.4.5-jre.pom
Progress (1): 813 BProgress (1): 2.1 kBProgress (1): 3.9 kBProgress (1): 5.9 kBProgress (1): 8.1 kBProgress (1): 11 kB Progress (1): 13 kBProgress (1): 16 kBProgress (1): 19 kBProgress (1): 21 kBProgress (1): 24 kB                   Downloaded from central: https://repo.maven.apache.org/maven2/com/google/guava/guava-parent/33.4.5-jre/guava-parent-33.4.5-jre.pom (24 kB at 1.0 MB/s)
Downloading from central: https://repo.maven.apache.org/maven2/com/google/guava/guava/33.4.6-android/guava-33.4.6-android.pom
Progress (1): 922 BProgress (1): 2.9 kBProgress (1): 5.0 kBProgress (1): 7.1 kBProgress (1): 9.4 kBProgress (1): 9.6 kB                    Downloaded from central: https://repo.maven.apache.org/maven2/com/google/guava/guava/33.4.6-android/guava-33.4.6-android.pom (9.6 kB at 458 kB/s)
Downloading from central: https://repo.maven.apache.org/maven2/com/google/guava/guava-parent/33.4.6-android/guava-parent-33.4.6-android.pom
Progress (1): 810 BProgress (1): 2.1 kBProgress (1): 3.9 kBProgress (1): 5.9 kBProgress (1): 8.0 kBProgress (1): 11 kB Progress (1): 13 kBProgress (1): 16 kBProgress (1): 18 kBProgress (1): 20 kBProgress (1): 23 kBProgress (1): 25 kB                   Downloaded from central: https://repo.maven.apache.org/maven2/com/google/guava/guava-parent/33.4.6-android/guava-parent-33.4.6-android.pom (25 kB at 1.1 MB/s)
Downloading from central: https://repo.maven.apache.org/maven2/com/google/guava/guava/33.4.6-jre/guava-33.4.6-jre.pom
Progress (1): 937 BProgress (1): 2.9 kBProgress (1): 5.0 kBProgress (1): 7.1 kBProgress (1): 9.4 kBProgress (1): 9.6 kB                    Downloaded from central: https://repo.maven.apache.org/maven2/com/google/guava/guava/33.4.6-jre/guava-33.4.6-jre.pom (9.6 kB at 506 kB/s)
Downloading from central: https://repo.maven.apache.org/maven2/com/google/guava/guava-parent/33.4.6-jre/guava-parent-33.4.6-jre.pom
Progress (1): 807 BProgress (1): 2.1 kBProgress (1): 3.9 kBProgress (1): 5.9 kBProgress (1): 8.1 kBProgress (1): 11 kB Progress (1): 13 kBProgress (1): 16 kBProgress (1): 19 kBProgress (1): 21 kBProgress (1): 24 kB                   Downloaded from central: https://repo.maven.apache.org/maven2/com/google/guava/guava-parent/33.4.6-jre/guava-parent-33.4.6-jre.pom (24 kB at 893 kB/s)
Downloading from central: https://repo.maven.apache.org/maven2/com/google/guava/guava/33.4.7-android/guava-33.4.7-android.pom
Progress (1): 922 BProgress (1): 2.9 kBProgress (1): 5.0 kBProgress (1): 7.1 kBProgress (1): 9.4 kBProgress (1): 9.6 kB                    Downloaded from central: https://repo.maven.apache.org/maven2/com/google/guava/guava/33.4.7-android/guava-33.4.7-android.pom (9.6 kB at 419 kB/s)
Downloading from central: https://repo.maven.apache.org/maven2/com/google/guava/guava-parent/33.4.7-android/guava-parent-33.4.7-android.pom
Progress (1): 803 BProgress (1): 2.1 kBProgress (1): 3.9 kBProgress (1): 5.9 kBProgress (1): 8.0 kBProgress (1): 11 kB Progress (1): 14 kBProgress (1): 16 kBProgress (1): 18 kBProgress (1): 21 kBProgress (1): 23 kBProgress (1): 25 kB                   Downloaded from central: https://repo.maven.apache.org/maven2/com/google/guava/guava-parent/33.4.7-android/guava-parent-33.4.7-android.pom (25 kB at 1.1 MB/s)
Downloading from central: https://repo.maven.apache.org/maven2/com/google/guava/guava/33.4.7-jre/guava-33.4.7-jre.pom
Progress (1): 937 BProgress (1): 2.9 kBProgress (1): 5.0 kBProgress (1): 7.1 kBProgress (1): 9.4 kBProgress (1): 9.6 kB                    Downloaded from central: https://repo.maven.apache.org/maven2/com/google/guava/guava/33.4.7-jre/guava-33.4.7-jre.pom (9.6 kB at 370 kB/s)
Downloading from central: https://repo.maven.apache.org/maven2/com/google/guava/guava-parent/33.4.7-jre/guava-parent-33.4.7-jre.pom
Progress (1): 806 BProgress (1): 2.1 kBProgress (1): 3.9 kBProgress (1): 5.9 kBProgress (1): 8.0 kBProgress (1): 11 kB Progress (1): 14 kBProgress (1): 16 kBProgress (1): 19 kBProgress (1): 21 kBProgress (1): 25 kBProgress (1): 25 kB                   Downloaded from central: https://repo.maven.apache.org/maven2/com/google/guava/guava-parent/33.4.7-jre/guava-parent-33.4.7-jre.pom (25 kB at 946 kB/s)
Downloading from central: https://repo.maven.apache.org/maven2/com/google/guava/guava/33.4.8-android/guava-33.4.8-android.pom
Progress (1): 922 BProgress (1): 2.9 kBProgress (1): 5.0 kBProgress (1): 7.1 kBProgress (1): 9.4 kBProgress (1): 9.6 kB                    Downloaded from central: https://repo.maven.apache.org/maven2/com/google/guava/guava/33.4.8-android/guava-33.4.8-android.pom (9.6 kB at 401 kB/s)
Downloading from central: https://repo.maven.apache.org/maven2/com/google/guava/guava-parent/33.4.8-android/guava-parent-33.4.8-android.pom
Progress (1): 803 BProgress (1): 2.1 kBProgress (1): 3.9 kBProgress (1): 5.9 kBProgress (1): 8.0 kBProgress (1): 11 kB Progress (1): 14 kBProgress (1): 16 kBProgress (1): 18 kBProgress (1): 21 kBProgress (1): 23 kBProgress (1): 25 kB                   Downloaded from central: https://repo.maven.apache.org/maven2/com/google/guava/guava-parent/33.4.8-android/guava-parent-33.4.8-android.pom (25 kB at 1.0 MB/s)
Downloading from central: https://repo.maven.apache.org/maven2/com/google/guava/guava/33.4.8-jre/guava-33.4.8-jre.pom
Progress (1): 937 BProgress (1): 2.9 kBProgress (1): 5.0 kBProgress (1): 7.1 kBProgress (1): 9.4 kBProgress (1): 9.6 kB                    Downloaded from central: https://repo.maven.apache.org/maven2/com/google/guava/guava/33.4.8-jre/guava-33.4.8-jre.pom (9.6 kB at 458 kB/s)
Downloading from central: https://repo.maven.apache.org/maven2/com/google/guava/guava-parent/33.4.8-jre/guava-parent-33.4.8-jre.pom
Progress (1): 806 BProgress (1): 2.1 kBProgress (1): 3.9 kBProgress (1): 5.9 kBProgress (1): 8.0 kBProgress (1): 11 kB Progress (1): 14 kBProgress (1): 16 kBProgress (1): 19 kBProgress (1): 21 kBProgress (1): 25 kBProgress (1): 25 kB                   Downloaded from central: https://repo.maven.apache.org/maven2/com/google/guava/guava-parent/33.4.8-jre/guava-parent-33.4.8-jre.pom (25 kB at 878 kB/s)
Downloading from central: https://repo.maven.apache.org/maven2/com/google/guava/guava/33.5.0-android/guava-33.5.0-android.pom
Progress (1): 921 BProgress (1): 2.9 kBProgress (1): 5.0 kBProgress (1): 7.2 kBProgress (1): 9.1 kBProgress (1): 9.9 kB                    Downloaded from central: https://repo.maven.apache.org/maven2/com/google/guava/guava/33.5.0-android/guava-33.5.0-android.pom (9.9 kB at 470 kB/s)
Downloading from central: https://repo.maven.apache.org/maven2/com/google/guava/guava-parent/33.5.0-android/guava-parent-33.5.0-android.pom
Progress (1): 886 BProgress (1): 2.4 kBProgress (1): 3.9 kBProgress (1): 5.9 kBProgress (1): 7.6 kBProgress (1): 10 kB Progress (1): 13 kBProgress (1): 15 kBProgress (1): 18 kBProgress (1): 21 kBProgress (1): 24 kBProgress (1): 24 kB                   Downloaded from central: https://repo.maven.apache.org/maven2/com/google/guava/guava-parent/33.5.0-android/guava-parent-33.5.0-android.pom (24 kB at 1.1 MB/s)
Downloading from central: https://repo.maven.apache.org/maven2/com/google/code/findbugs/jsr305/2.0.2/jsr305-2.0.2.pom
Progress (1): 964 B                   Downloaded from central: https://repo.maven.apache.org/maven2/com/google/code/findbugs/jsr305/2.0.2/jsr305-2.0.2.pom (964 B at 44 kB/s)
Downloading from central: https://repo.maven.apache.org/maven2/jakarta/validation/jakarta.validation-api/3.0.2/jakarta.validation-api-3.0.2.pom
Progress (1): 1.0 kBProgress (1): 3.7 kBProgress (1): 6.2 kBProgress (1): 9.4 kBProgress (1): 11 kB                    Downloaded from central: https://repo.maven.apache.org/maven2/jakarta/validation/jakarta.validation-api/3.0.2/jakarta.validation-api-3.0.2.pom (11 kB at 499 kB/s)
Downloading from central: https://repo.maven.apache.org/maven2/org/glassfish/hk2/osgi-resource-locator/3.0.0/osgi-resource-locator-3.0.0.pom
Progress (1): 908 BProgress (1): 3.2 kBProgress (1): 4.6 kB                    Downloaded from central: https://repo.maven.apache.org/maven2/org/glassfish/hk2/osgi-resource-locator/3.0.0/osgi-resource-locator-3.0.0.pom (4.6 kB at 176 kB/s)
Downloading from central: https://repo.maven.apache.org/maven2/org/glassfish/hk2/hk2-extra-parent/3.0.0/hk2-extra-parent-3.0.0.pom
Progress (1): 885 BProgress (1): 2.7 kBProgress (1): 7.1 kBProgress (1): 7.2 kB                    Downloaded from central: https://repo.maven.apache.org/maven2/org/glassfish/hk2/hk2-extra-parent/3.0.0/hk2-extra-parent-3.0.0.pom (7.2 kB at 288 kB/s)
Downloading from central: https://repo.maven.apache.org/maven2/org/glassfish/hk2/hk2-locator/4.0.0-M3/hk2-locator-4.0.0-M3.pom
Progress (1): 884 BProgress (1): 3.5 kBProgress (1): 4.7 kB                    Downloaded from central: https://repo.maven.apache.org/maven2/org/glassfish/hk2/hk2-locator/4.0.0-M3/hk2-locator-4.0.0-M3.pom (4.7 kB at 189 kB/s)
Downloading from central: https://repo.maven.apache.org/maven2/org/glassfish/hk2/hk2-parent/4.0.0-M3/hk2-parent-4.0.0-M3.pom
Progress (1): 855 BProgress (1): 2.5 kBProgress (1): 4.9 kBProgress (1): 6.9 kBProgress (1): 10 kB Progress (1): 16 kBProgress (1): 23 kBProgress (1): 27 kBProgress (1): 32 kBProgress (1): 36 kBProgress (1): 39 kBProgress (1): 41 kB                   Downloaded from central: https://repo.maven.apache.org/maven2/org/glassfish/hk2/hk2-parent/4.0.0-M3/hk2-parent-4.0.0-M3.pom (41 kB at 1.6 MB/s)
Downloading from central: https://repo.maven.apache.org/maven2/org/glassfish/hk2/external/aopalliance-repackaged/4.0.0-M3/aopalliance-repackaged-4.0.0-M3.pom
Progress (1): 879 BProgress (1): 3.4 kBProgress (1): 5.7 kBProgress (1): 6.0 kB                    Downloaded from central: https://repo.maven.apache.org/maven2/org/glassfish/hk2/external/aopalliance-repackaged/4.0.0-M3/aopalliance-repackaged-4.0.0-M3.pom (6.0 kB at 240 kB/s)
Downloading from central: https://repo.maven.apache.org/maven2/org/glassfish/hk2/external/4.0.0-M3/external-4.0.0-M3.pom
Progress (1): 954 BProgress (1): 1.4 kB                    Downloaded from central: https://repo.maven.apache.org/maven2/org/glassfish/hk2/external/4.0.0-M3/external-4.0.0-M3.pom (1.4 kB at 65 kB/s)
Downloading from central: https://repo.maven.apache.org/maven2/org/glassfish/hk2/hk2-api/4.0.0-M3/hk2-api-4.0.0-M3.pom
Progress (1): 884 BProgress (1): 3.3 kBProgress (1): 4.2 kB                    Downloaded from central: https://repo.maven.apache.org/maven2/org/glassfish/hk2/hk2-api/4.0.0-M3/hk2-api-4.0.0-M3.pom (4.2 kB at 190 kB/s)
Downloading from central: https://repo.maven.apache.org/maven2/org/glassfish/hk2/hk2-utils/4.0.0-M3/hk2-utils-4.0.0-M3.pom
Progress (1): 878 BProgress (1): 3.5 kBProgress (1): 5.3 kB                    Downloaded from central: https://repo.maven.apache.org/maven2/org/glassfish/hk2/hk2-utils/4.0.0-M3/hk2-utils-4.0.0-M3.pom (5.3 kB at 230 kB/s)
Downloading from central: https://repo.maven.apache.org/maven2/jakarta/validation/jakarta.validation-api/3.1.0/jakarta.validation-api-3.1.0.pom
Progress (1): 1.0 kBProgress (1): 3.6 kBProgress (1): 6.1 kBProgress (1): 9.4 kBProgress (1): 11 kB                    Downloaded from central: https://repo.maven.apache.org/maven2/jakarta/validation/jakarta.validation-api/3.1.0/jakarta.validation-api-3.1.0.pom (11 kB at 452 kB/s)
Downloading from central: https://repo.maven.apache.org/maven2/org/hibernate/validator/hibernate-validator/8.0.2.Final/hibernate-validator-8.0.2.Final.pom
Progress (1): 974 BProgress (1): 3.0 kBProgress (1): 6.1 kBProgress (1): 9.0 kBProgress (1): 13 kB Progress (1): 15 kB                   Downloaded from central: https://repo.maven.apache.org/maven2/org/hibernate/validator/hibernate-validator/8.0.2.Final/hibernate-validator-8.0.2.Final.pom (15 kB at 693 kB/s)
Downloading from central: https://repo.maven.apache.org/maven2/org/hibernate/validator/hibernate-validator-parent/8.0.2.Final/hibernate-validator-parent-8.0.2.Final.pom
Progress (1): 885 BProgress (1): 3.5 kBProgress (1): 5.4 kBProgress (1): 7.4 kBProgress (1): 9.6 kBProgress (1): 12 kB Progress (1): 14 kBProgress (1): 16 kBProgress (1): 18 kBProgress (1): 24 kBProgress (1): 31 kBProgress (1): 35 kBProgress (1): 38 kBProgress (1): 41 kBProgress (1): 47 kBProgress (1): 52 kBProgress (1): 56 kBProgress (1): 60 kBProgress (1): 67 kBProgress (1): 70 kBProgress (1): 73 kBProgress (1): 79 kBProgress (1): 81 kBProgress (1): 82 kB                   Downloaded from central: https://repo.maven.apache.org/maven2/org/hibernate/validator/hibernate-validator-parent/8.0.2.Final/hibernate-validator-parent-8.0.2.Final.pom (82 kB at 2.9 MB/s)
Downloading from central: https://repo.maven.apache.org/maven2/org/jboss/arquillian/arquillian-bom/1.7.0.Alpha10/arquillian-bom-1.7.0.Alpha10.pom
Progress (1): 1.0 kBProgress (1): 6.7 kBProgress (1): 10 kB                    Downloaded from central: https://repo.maven.apache.org/maven2/org/jboss/arquillian/arquillian-bom/1.7.0.Alpha10/arquillian-bom-1.7.0.Alpha10.pom (10 kB at 400 kB/s)
Downloading from central: https://repo.maven.apache.org/maven2/org/jboss/shrinkwrap/shrinkwrap-bom/1.2.6/shrinkwrap-bom-1.2.6.pom
Progress (1): 986 BProgress (1): 4.0 kB                    Downloaded from central: https://repo.maven.apache.org/maven2/org/jboss/shrinkwrap/shrinkwrap-bom/1.2.6/shrinkwrap-bom-1.2.6.pom (4.0 kB at 153 kB/s)
Downloading from central: https://repo.maven.apache.org/maven2/org/jboss/shrinkwrap/resolver/shrinkwrap-resolver-bom/3.1.4/shrinkwrap-resolver-bom-3.1.4.pom
Progress (1): 975 BProgress (1): 5.5 kBProgress (1): 7.0 kB                    Downloaded from central: https://repo.maven.apache.org/maven2/org/jboss/shrinkwrap/resolver/shrinkwrap-resolver-bom/3.1.4/shrinkwrap-resolver-bom-3.1.4.pom (7.0 kB at 279 kB/s)
Downloading from central: https://repo.maven.apache.org/maven2/org/apache/maven/maven/3.6.3/maven-3.6.3.pom
Progress (1): 710 BProgress (1): 1.9 kBProgress (1): 3.5 kBProgress (1): 5.5 kBProgress (1): 11 kB Progress (1): 16 kBProgress (1): 20 kBProgress (1): 23 kBProgress (1): 26 kBProgress (1): 26 kB                   Downloaded from central: https://repo.maven.apache.org/maven2/org/apache/maven/maven/3.6.3/maven-3.6.3.pom (26 kB at 1.0 MB/s)
Downloading from central: https://repo.maven.apache.org/maven2/org/jboss/shrinkwrap/descriptors/shrinkwrap-descriptors-bom/2.0.0/shrinkwrap-descriptors-bom-2.0.0.pom
Progress (1): 1.1 kBProgress (1): 5.2 kBProgress (1): 5.2 kB                    Downloaded from central: https://repo.maven.apache.org/maven2/org/jboss/shrinkwrap/descriptors/shrinkwrap-descriptors-bom/2.0.0/shrinkwrap-descriptors-bom-2.0.0.pom (5.2 kB at 201 kB/s)
Downloading from central: https://repo.maven.apache.org/maven2/com/fasterxml/classmate/1.5.1/classmate-1.5.1.pom
Progress (1): 1.2 kBProgress (1): 2.8 kBProgress (1): 5.4 kBProgress (1): 7.3 kB                    Downloaded from central: https://repo.maven.apache.org/maven2/com/fasterxml/classmate/1.5.1/classmate-1.5.1.pom (7.3 kB at 346 kB/s)
Downloading from central: https://repo.maven.apache.org/maven2/com/fasterxml/oss-parent/35/oss-parent-35.pom
Progress (1): 952 BProgress (1): 2.6 kBProgress (1): 4.0 kBProgress (1): 6.1 kBProgress (1): 9.1 kBProgress (1): 12 kB Progress (1): 14 kBProgress (1): 18 kBProgress (1): 21 kBProgress (1): 23 kB                   Downloaded from central: https://repo.maven.apache.org/maven2/com/fasterxml/oss-parent/35/oss-parent-35.pom (23 kB at 736 kB/s)
Downloading from central: https://repo.maven.apache.org/maven2/jakarta/annotation/jakarta.annotation-api/2.1.1/jakarta.annotation-api-2.1.1.pom
Progress (1): 828 BProgress (1): 2.8 kBProgress (1): 5.9 kBProgress (1): 9.9 kBProgress (1): 13 kB Progress (1): 16 kB                   Downloaded from central: https://repo.maven.apache.org/maven2/jakarta/annotation/jakarta.annotation-api/2.1.1/jakarta.annotation-api-2.1.1.pom (16 kB at 608 kB/s)
Downloading from central: https://repo.maven.apache.org/maven2/commons-codec/commons-codec/1.5/commons-codec-1.5.pom
Progress (1): 782 BProgress (1): 2.2 kBProgress (1): 4.4 kBProgress (1): 6.6 kBProgress (1): 8.8 kBProgress (1): 10 kB                    Downloaded from central: https://repo.maven.apache.org/maven2/commons-codec/commons-codec/1.5/commons-codec-1.5.pom (10 kB at 393 kB/s)
Downloading from central: https://repo.maven.apache.org/maven2/org/apache/commons/commons-parent/20/commons-parent-20.pom
Progress (1): 733 BProgress (1): 2.1 kBProgress (1): 5.8 kBProgress (1): 9.2 kBProgress (1): 13 kB Progress (1): 15 kBProgress (1): 18 kBProgress (1): 25 kBProgress (1): 28 kBProgress (1): 31 kBProgress (1): 33 kBProgress (1): 33 kB                   Downloaded from central: https://repo.maven.apache.org/maven2/org/apache/commons/commons-parent/20/commons-parent-20.pom (33 kB at 1.3 MB/s)
Downloading from central: https://repo.maven.apache.org/maven2/org/apache/apache/9/apache-9.pom
Progress (1): 753 BProgress (1): 2.0 kBProgress (1): 3.7 kBProgress (1): 7.1 kBProgress (1): 11 kB Progress (1): 14 kBProgress (1): 15 kB                   Downloaded from central: https://repo.maven.apache.org/maven2/org/apache/apache/9/apache-9.pom (15 kB at 632 kB/s)
Downloading from central: https://repo.maven.apache.org/maven2/io/github/classgraph/classgraph/4.8.181/classgraph-4.8.181.pom
Progress (1): 989 BProgress (1): 2.6 kBProgress (1): 5.0 kBProgress (1): 7.8 kBProgress (1): 11 kB Progress (1): 12 kBProgress (1): 14 kBProgress (1): 17 kBProgress (1): 19 kBProgress (1): 20 kB                   Downloaded from central: https://repo.maven.apache.org/maven2/io/github/classgraph/classgraph/4.8.181/classgraph-4.8.181.pom (20 kB at 852 kB/s)
Downloading from central: https://repo.maven.apache.org/maven2/com/google/code/findbugs/jsr305/2.0.1/jsr305-2.0.1.pom
Progress (1): 965 B                   Downloaded from central: https://repo.maven.apache.org/maven2/com/google/code/findbugs/jsr305/2.0.1/jsr305-2.0.1.pom (965 B at 42 kB/s)
Downloading from central: https://repo.maven.apache.org/maven2/jakarta/validation/jakarta.validation-api/2.0.2/jakarta.validation-api-2.0.2.pom
Progress (1): 1.1 kBProgress (1): 3.7 kBProgress (1): 6.4 kBProgress (1): 9.4 kBProgress (1): 11 kB                    Downloaded from central: https://repo.maven.apache.org/maven2/jakarta/validation/jakarta.validation-api/2.0.2/jakarta.validation-api-2.0.2.pom (11 kB at 493 kB/s)
Downloading from central: https://repo.maven.apache.org/maven2/commons-codec/commons-codec/1.17.1/commons-codec-1.17.1.pom
Progress (1): 744 BProgress (1): 1.9 kBProgress (1): 4.1 kBProgress (1): 5.9 kBProgress (1): 8.4 kBProgress (1): 12 kB Progress (1): 14 kBProgress (1): 17 kBProgress (1): 18 kB                   Downloaded from central: https://repo.maven.apache.org/maven2/commons-codec/commons-codec/1.17.1/commons-codec-1.17.1.pom (18 kB at 808 kB/s)
Downloading from central: https://repo.maven.apache.org/maven2/org/apache/commons/commons-parent/71/commons-parent-71.pom
Progress (1): 708 BProgress (1): 1.9 kBProgress (1): 3.2 kBProgress (1): 4.6 kBProgress (1): 6.8 kBProgress (1): 8.4 kBProgress (1): 11 kB Progress (1): 13 kBProgress (1): 15 kBProgress (1): 17 kBProgress (1): 20 kBProgress (1): 22 kBProgress (1): 25 kBProgress (1): 28 kBProgress (1): 32 kBProgress (1): 35 kBProgress (1): 39 kBProgress (1): 43 kBProgress (1): 45 kBProgress (1): 48 kBProgress (1): 51 kBProgress (1): 55 kBProgress (1): 57 kBProgress (1): 59 kBProgress (1): 63 kBProgress (1): 67 kBProgress (1): 69 kBProgress (1): 73 kBProgress (1): 75 kBProgress (1): 78 kB                   Downloaded from central: https://repo.maven.apache.org/maven2/org/apache/commons/commons-parent/71/commons-parent-71.pom (78 kB at 2.9 MB/s)
Downloading from central: https://repo.maven.apache.org/maven2/com/google/errorprone/error_prone_annotations/2.42.0/error_prone_annotations-2.42.0.pom
Progress (1): 759 BProgress (1): 2.8 kBProgress (1): 4.3 kB                    Downloaded from central: https://repo.maven.apache.org/maven2/com/google/errorprone/error_prone_annotations/2.42.0/error_prone_annotations-2.42.0.pom (4.3 kB at 185 kB/s)
Downloading from central: https://repo.maven.apache.org/maven2/com/google/errorprone/error_prone_parent/2.42.0/error_prone_parent-2.42.0.pom
Progress (1): 729 BProgress (1): 2.2 kBProgress (1): 4.1 kBProgress (1): 6.4 kBProgress (1): 11 kB Progress (1): 14 kBProgress (1): 16 kB                   Downloaded from central: https://repo.maven.apache.org/maven2/com/google/errorprone/error_prone_parent/2.42.0/error_prone_parent-2.42.0.pom (16 kB at 724 kB/s)
Downloading from central: https://repo.maven.apache.org/maven2/commons-codec/commons-codec/1.18.0/commons-codec-1.18.0.pom
Progress (1): 744 BProgress (1): 1.9 kBProgress (1): 4.0 kBProgress (1): 5.8 kBProgress (1): 8.3 kBProgress (1): 11 kB Progress (1): 14 kBProgress (1): 17 kBProgress (1): 18 kB                   Downloaded from central: https://repo.maven.apache.org/maven2/commons-codec/commons-codec/1.18.0/commons-codec-1.18.0.pom (18 kB at 848 kB/s)
Downloading from central: https://repo.maven.apache.org/maven2/org/apache/commons/commons-parent/79/commons-parent-79.pom
Progress (1): 702 BProgress (1): 1.9 kBProgress (1): 3.2 kBProgress (1): 4.7 kBProgress (1): 6.9 kBProgress (1): 9.4 kBProgress (1): 11 kB Progress (1): 13 kBProgress (1): 15 kBProgress (1): 18 kBProgress (1): 21 kBProgress (1): 23 kBProgress (1): 25 kBProgress (1): 28 kBProgress (1): 32 kBProgress (1): 37 kBProgress (1): 41 kBProgress (1): 44 kBProgress (1): 46 kBProgress (1): 49 kBProgress (1): 52 kBProgress (1): 55 kBProgress (1): 58 kBProgress (1): 61 kBProgress (1): 64 kBProgress (1): 68 kBProgress (1): 71 kBProgress (1): 73 kBProgress (1): 76 kBProgress (1): 77 kB                   Downloaded from central: https://repo.maven.apache.org/maven2/org/apache/commons/commons-parent/79/commons-parent-79.pom (77 kB at 2.7 MB/s)
Downloading from central: https://repo.maven.apache.org/maven2/io/opentelemetry/opentelemetry-context/1.52.0/opentelemetry-context-1.52.0.pom
Progress (1): 988 BProgress (1): 1.8 kB                    Downloaded from central: https://repo.maven.apache.org/maven2/io/opentelemetry/opentelemetry-context/1.52.0/opentelemetry-context-1.52.0.pom (1.8 kB at 82 kB/s)
Downloading from central: https://repo.maven.apache.org/maven2/io/opentelemetry/opentelemetry-common/1.52.0/opentelemetry-common-1.52.0.pom
Progress (1): 1.0 kBProgress (1): 1.6 kB                    Downloaded from central: https://repo.maven.apache.org/maven2/io/opentelemetry/opentelemetry-common/1.52.0/opentelemetry-common-1.52.0.pom (1.6 kB at 71 kB/s)
Downloading from central: https://repo.maven.apache.org/maven2/io/opentelemetry/opentelemetry-sdk/1.52.0/opentelemetry-sdk-1.52.0.pom
Progress (1): 994 BProgress (1): 2.5 kB                    Downloaded from central: https://repo.maven.apache.org/maven2/io/opentelemetry/opentelemetry-sdk/1.52.0/opentelemetry-sdk-1.52.0.pom (2.5 kB at 111 kB/s)
Downloading from central: https://repo.maven.apache.org/maven2/io/opentelemetry/opentelemetry-sdk-trace/1.52.0/opentelemetry-sdk-trace-1.52.0.pom
Progress (1): 978 BProgress (1): 2.0 kB                    Downloaded from central: https://repo.maven.apache.org/maven2/io/opentelemetry/opentelemetry-sdk-trace/1.52.0/opentelemetry-sdk-trace-1.52.0.pom (2.0 kB at 95 kB/s)
Downloading from central: https://repo.maven.apache.org/maven2/io/opentelemetry/opentelemetry-sdk-logs/1.52.0/opentelemetry-sdk-logs-1.52.0.pom
Progress (1): 995 BProgress (1): 2.0 kB                    Downloaded from central: https://repo.maven.apache.org/maven2/io/opentelemetry/opentelemetry-sdk-logs/1.52.0/opentelemetry-sdk-logs-1.52.0.pom (2.0 kB at 90 kB/s)
Downloading from central: https://repo.maven.apache.org/maven2/io/opentelemetry/opentelemetry-api/1.52.0/opentelemetry-api-1.52.0.pom
Progress (1): 1.0 kBProgress (1): 1.8 kB                    Downloaded from central: https://repo.maven.apache.org/maven2/io/opentelemetry/opentelemetry-api/1.52.0/opentelemetry-api-1.52.0.pom (1.8 kB at 77 kB/s)
Downloading from central: https://repo.maven.apache.org/maven2/io/opentelemetry/opentelemetry-sdk-metrics/1.52.0/opentelemetry-sdk-metrics-1.52.0.pom
Progress (1): 1.0 kBProgress (1): 2.0 kB                    Downloaded from central: https://repo.maven.apache.org/maven2/io/opentelemetry/opentelemetry-sdk-metrics/1.52.0/opentelemetry-sdk-metrics-1.52.0.pom (2.0 kB at 86 kB/s)
Downloading from central: https://repo.maven.apache.org/maven2/io/opentelemetry/opentelemetry-sdk-common/1.52.0/opentelemetry-sdk-common-1.52.0.pom
Progress (1): 1.0 kBProgress (1): 1.8 kB                    Downloaded from central: https://repo.maven.apache.org/maven2/io/opentelemetry/opentelemetry-sdk-common/1.52.0/opentelemetry-sdk-common-1.52.0.pom (1.8 kB at 85 kB/s)
Downloading from central: https://repo.maven.apache.org/maven2/io/opentelemetry/opentelemetry-sdk-extension-autoconfigure-spi/1.52.0/opentelemetry-sdk-extension-autoconfigure-spi-1.52.0.pom
Progress (1): 977 BProgress (1): 1.8 kB                    Downloaded from central: https://repo.maven.apache.org/maven2/io/opentelemetry/opentelemetry-sdk-extension-autoconfigure-spi/1.52.0/opentelemetry-sdk-extension-autoconfigure-spi-1.52.0.pom (1.8 kB at 83 kB/s)
Downloading from central: https://repo.maven.apache.org/maven2/org/apache/kafka/kafka-clients/3.6.1/kafka-clients-3.6.1.pom
Progress (1): 1.0 kBProgress (1): 1.8 kB                    Downloaded from central: https://repo.maven.apache.org/maven2/org/apache/kafka/kafka-clients/3.6.1/kafka-clients-3.6.1.pom (1.8 kB at 71 kB/s)
Downloading from central: https://repo.maven.apache.org/maven2/org/lz4/lz4-java/1.8.0/lz4-java-1.8.0.pom
Progress (1): 832 BProgress (1): 2.1 kB                    Downloaded from central: https://repo.maven.apache.org/maven2/org/lz4/lz4-java/1.8.0/lz4-java-1.8.0.pom (2.1 kB at 81 kB/s)
Downloading from central: https://repo.maven.apache.org/maven2/io/github/classgraph/classgraph/4.8.120/classgraph-4.8.120.pom
Progress (1): 1.1 kBProgress (1): 2.7 kBProgress (1): 5.6 kBProgress (1): 10 kB Progress (1): 15 kBProgress (1): 17 kBProgress (1): 21 kBProgress (1): 23 kBProgress (1): 26 kBProgress (1): 28 kB                   Downloaded from central: https://repo.maven.apache.org/maven2/io/github/classgraph/classgraph/4.8.120/classgraph-4.8.120.pom (28 kB at 1.1 MB/s)
Downloading from central: https://repo.maven.apache.org/maven2/commons-validator/commons-validator/1.9.0/commons-validator-1.9.0.pom
Progress (1): 754 BProgress (1): 2.1 kBProgress (1): 4.1 kBProgress (1): 6.3 kBProgress (1): 9.9 kBProgress (1): 12 kB Progress (1): 14 kBProgress (1): 16 kB                   Downloaded from central: https://repo.maven.apache.org/maven2/commons-validator/commons-validator/1.9.0/commons-validator-1.9.0.pom (16 kB at 635 kB/s)
Downloading from central: https://repo.maven.apache.org/maven2/org/apache/commons/commons-parent/70/commons-parent-70.pom
Progress (1): 705 BProgress (1): 1.9 kBProgress (1): 3.2 kBProgress (1): 4.6 kBProgress (1): 6.8 kBProgress (1): 8.4 kBProgress (1): 11 kB Progress (1): 13 kBProgress (1): 15 kBProgress (1): 17 kBProgress (1): 20 kBProgress (1): 22 kBProgress (1): 25 kBProgress (1): 28 kBProgress (1): 31 kBProgress (1): 35 kBProgress (1): 39 kBProgress (1): 43 kBProgress (1): 45 kBProgress (1): 48 kBProgress (1): 51 kBProgress (1): 55 kBProgress (1): 57 kBProgress (1): 60 kBProgress (1): 63 kBProgress (1): 67 kBProgress (1): 70 kBProgress (1): 73 kBProgress (1): 75 kBProgress (1): 77 kB                   Downloaded from central: https://repo.maven.apache.org/maven2/org/apache/commons/commons-parent/70/commons-parent-70.pom (77 kB at 2.8 MB/s)
Downloading from central: https://repo.maven.apache.org/maven2/org/junit/junit-bom/5.11.0-M1/junit-bom-5.11.0-M1.pom
Progress (1): 908 BProgress (1): 4.1 kBProgress (1): 5.7 kB                    Downloaded from central: https://repo.maven.apache.org/maven2/org/junit/junit-bom/5.11.0-M1/junit-bom-5.11.0-M1.pom (5.7 kB at 272 kB/s)
Downloading from central: https://repo.maven.apache.org/maven2/com/google/errorprone/error_prone_annotations/2.44.0/error_prone_annotations-2.44.0.pom
Progress (1): 759 BProgress (1): 2.7 kBProgress (1): 4.3 kB                    Downloaded from central: https://repo.maven.apache.org/maven2/com/google/errorprone/error_prone_annotations/2.44.0/error_prone_annotations-2.44.0.pom (4.3 kB at 193 kB/s)
Downloading from central: https://repo.maven.apache.org/maven2/com/google/errorprone/error_prone_parent/2.44.0/error_prone_parent-2.44.0.pom
Progress (1): 732 BProgress (1): 2.2 kBProgress (1): 4.1 kBProgress (1): 6.4 kBProgress (1): 11 kB Progress (1): 14 kBProgress (1): 16 kB                   Downloaded from central: https://repo.maven.apache.org/maven2/com/google/errorprone/error_prone_parent/2.44.0/error_prone_parent-2.44.0.pom (16 kB at 722 kB/s)
Downloading from central: https://repo.maven.apache.org/maven2/com/google/errorprone/error_prone_annotations/2.38.0/error_prone_annotations-2.38.0.pom
Progress (1): 759 BProgress (1): 2.7 kBProgress (1): 4.3 kB                    Downloaded from central: https://repo.maven.apache.org/maven2/com/google/errorprone/error_prone_annotations/2.38.0/error_prone_annotations-2.38.0.pom (4.3 kB at 177 kB/s)
Downloading from central: https://repo.maven.apache.org/maven2/com/google/errorprone/error_prone_parent/2.38.0/error_prone_parent-2.38.0.pom
Progress (1): 730 BProgress (1): 2.1 kBProgress (1): 4.1 kBProgress (1): 6.4 kBProgress (1): 11 kB Progress (1): 14 kBProgress (1): 16 kB                   Downloaded from central: https://repo.maven.apache.org/maven2/com/google/errorprone/error_prone_parent/2.38.0/error_prone_parent-2.38.0.pom (16 kB at 590 kB/s)
Downloading from central: https://repo.maven.apache.org/maven2/commons-codec/commons-codec/1.15/commons-codec-1.15.pom
Progress (1): 754 BProgress (1): 2.0 kBProgress (1): 4.0 kBProgress (1): 6.4 kBProgress (1): 8.3 kBProgress (1): 10 kB Progress (1): 13 kBProgress (1): 15 kB                   Downloaded from central: https://repo.maven.apache.org/maven2/commons-codec/commons-codec/1.15/commons-codec-1.15.pom (15 kB at 643 kB/s)
Downloading from central: https://repo.maven.apache.org/maven2/com/google/errorprone/error_prone_annotations/2.41.0/error_prone_annotations-2.41.0.jar
Downloading from central: https://repo.maven.apache.org/maven2/com/google/code/findbugs/jsr305/2.0.2/jsr305-2.0.2.jar
Downloading from central: https://repo.maven.apache.org/maven2/org/glassfish/hk2/osgi-resource-locator/3.0.0/osgi-resource-locator-3.0.0.jar
Downloading from central: https://repo.maven.apache.org/maven2/org/apache/commons/commons-text/1.14.0/commons-text-1.14.0.jar
Downloading from central: https://repo.maven.apache.org/maven2/io/opentelemetry/opentelemetry-common/1.52.0/opentelemetry-common-1.52.0.jar
Progress (1): 3.6/32 kBProgress (1): 12/32 kB Progress (1): 29/32 kBProgress (1): 32 kB                      Downloaded from central: https://repo.maven.apache.org/maven2/org/glassfish/hk2/osgi-resource-locator/3.0.0/osgi-resource-locator-3.0.0.jar (32 kB at 1.1 MB/s)
Downloading from central: https://repo.maven.apache.org/maven2/io/opentelemetry/opentelemetry-sdk/1.52.0/opentelemetry-sdk-1.52.0.jar
Progress (1): 2.1 kB                    Downloaded from central: https://repo.maven.apache.org/maven2/io/opentelemetry/opentelemetry-common/1.52.0/opentelemetry-common-1.52.0.jar (2.1 kB at 65 kB/s)
Downloading from central: https://repo.maven.apache.org/maven2/io/opentelemetry/opentelemetry-sdk-trace/1.52.0/opentelemetry-sdk-trace-1.52.0.jar
Progress (1): 3.6/20 kBProgress (1): 8.2/20 kBProgress (1): 20 kB                       Downloaded from central: https://repo.maven.apache.org/maven2/com/google/errorprone/error_prone_annotations/2.41.0/error_prone_annotations-2.41.0.jar (20 kB at 463 kB/s)
Downloading from central: https://repo.maven.apache.org/maven2/io/opentelemetry/opentelemetry-sdk-logs/1.52.0/opentelemetry-sdk-logs-1.52.0.jar
Progress (1): 0.9/260 kBProgress (1): 2.3/260 kBProgress (1): 3.6/260 kBProgress (1): 5.0/260 kBProgress (1): 6.4/260 kBProgress (1): 7.7/260 kBProgress (1): 9.1/260 kBProgress (1): 10/260 kB Progress (1): 12/260 kBProgress (1): 13/260 kBProgress (1): 15/260 kBProgress (1): 16/260 kBProgress (1): 17/260 kBProgress (1): 19/260 kBProgress (1): 20/260 kBProgress (1): 21/260 kBProgress (1): 23/260 kBProgress (1): 24/260 kBProgress (1): 26/260 kBProgress (1): 27/260 kBProgress (1): 28/260 kBProgress (1): 30/260 kBProgress (1): 31/260 kBProgress (1): 32/260 kBProgress (1): 34/260 kBProgress (1): 35/260 kBProgress (1): 36/260 kBProgress (1): 38/260 kBProgress (1): 39/260 kBProgress (1): 41/260 kBProgress (1): 42/260 kBProgress (1): 43/260 kBProgress (1): 45/260 kBProgress (1): 46/260 kBProgress (1): 47/260 kBProgress (1): 49/260 kBProgress (1): 50/260 kBProgress (1): 52/260 kBProgress (1): 53/260 kBProgress (1): 54/260 kBProgress (1): 56/260 kBProgress (1): 60/260 kBProgress (1): 64/260 kBProgress (1): 68/260 kBProgress (1): 73/260 kBProgress (1): 77/260 kBProgress (2): 77/260 kB | 0.9/32 kBProgress (2): 77/260 kB | 2.3/32 kBProgress (2): 77/260 kB | 3.6/32 kBProgress (2): 77/260 kB | 5.0/32 kBProgress (2): 77/260 kB | 6.4/32 kBProgress (2): 77/260 kB | 7.7/32 kBProgress (2): 77/260 kB | 9.1/32 kBProgress (2): 77/260 kB | 10/32 kB Progress (2): 77/260 kB | 12/32 kBProgress (2): 77/260 kB | 13/32 kBProgress (2): 77/260 kB | 15/32 kBProgress (2): 77/260 kB | 16/32 kBProgress (2): 77/260 kB | 17/32 kBProgress (2): 77/260 kB | 19/32 kBProgress (2): 77/260 kB | 20/32 kBProgress (2): 77/260 kB | 21/32 kBProgress (2): 77/260 kB | 23/32 kBProgress (2): 77/260 kB | 24/32 kBProgress (2): 77/260 kB | 26/32 kBProgress (2): 77/260 kB | 27/32 kBProgress (2): 77/260 kB | 28/32 kBProgress (2): 77/260 kB | 30/32 kBProgress (2): 77/260 kB | 31/32 kBProgress (2): 77/260 kB | 32 kB   Progress (2): 81/260 kB | 32 kBProgress (2): 85/260 kB | 32 kBProgress (2): 89/260 kB | 32 kBProgress (2): 94/260 kB | 32 kBProgress (2): 98/260 kB | 32 kBProgress (2): 102/260 kB | 32 kBProgress (2): 106/260 kB | 32 kBProgress (2): 111/260 kB | 32 kBProgress (2): 115/260 kB | 32 kBProgress (2): 119/260 kB | 32 kBProgress (2): 123/260 kB | 32 kBProgress (2): 128/260 kB | 32 kB                                Downloaded from central: https://repo.maven.apache.org/maven2/com/google/code/findbugs/jsr305/2.0.2/jsr305-2.0.2.jar (32 kB at 613 kB/s)
Progress (1): 132/260 kBProgress (1): 136/260 kBProgress (1): 140/260 kBProgress (1): 144/260 kBProgress (1): 149/260 kBProgress (1): 153/260 kBProgress (1): 157/260 kB                        Downloading from central: https://repo.maven.apache.org/maven2/io/opentelemetry/opentelemetry-sdk-metrics/1.52.0/opentelemetry-sdk-metrics-1.52.0.jar
Progress (1): 161/260 kBProgress (1): 166/260 kBProgress (1): 170/260 kBProgress (1): 174/260 kBProgress (1): 178/260 kBProgress (1): 183/260 kBProgress (1): 187/260 kBProgress (1): 191/260 kBProgress (1): 195/260 kBProgress (1): 199/260 kBProgress (1): 204/260 kBProgress (1): 208/260 kBProgress (1): 212/260 kBProgress (1): 216/260 kBProgress (1): 221/260 kBProgress (1): 225/260 kBProgress (1): 241/260 kBProgress (1): 258/260 kBProgress (1): 260 kB                        Downloaded from central: https://repo.maven.apache.org/maven2/org/apache/commons/commons-text/1.14.0/commons-text-1.14.0.jar (260 kB at 4.6 MB/s)
Downloading from central: https://repo.maven.apache.org/maven2/io/opentelemetry/opentelemetry-sdk-common/1.52.0/opentelemetry-sdk-common-1.52.0.jar
Progress (1): 3.6/6.8 kBProgress (1): 6.8 kB                        Downloaded from central: https://repo.maven.apache.org/maven2/io/opentelemetry/opentelemetry-sdk/1.52.0/opentelemetry-sdk-1.52.0.jar (6.8 kB at 123 kB/s)
Downloading from central: https://repo.maven.apache.org/maven2/io/opentelemetry/opentelemetry-sdk-extension-autoconfigure-spi/1.52.0/opentelemetry-sdk-extension-autoconfigure-spi-1.52.0.jar
Progress (1): 3.6/133 kBProgress (1): 16/133 kB Progress (1): 32/133 kBProgress (1): 49/133 kBProgress (1): 65/133 kBProgress (1): 81/133 kBProgress (1): 98/133 kBProgress (1): 114/133 kBProgress (1): 131/133 kBProgress (1): 133 kB                        Downloaded from central: https://repo.maven.apache.org/maven2/io/opentelemetry/opentelemetry-sdk-trace/1.52.0/opentelemetry-sdk-trace-1.52.0.jar (133 kB at 2.2 MB/s)
Progress (1): 0.9/65 kBProgress (2): 0.9/65 kB | 0.9/328 kBProgress (2): 2.3/65 kB | 0.9/328 kBProgress (2): 3.4/65 kB | 0.9/328 kBProgress (2): 4.7/65 kB | 0.9/328 kBProgress (2): 6.1/65 kB | 0.9/328 kBProgress (2): 7.5/65 kB | 0.9/328 kBProgress (2): 8.9/65 kB | 0.9/328 kBProgress (2): 10/65 kB | 0.9/328 kB Progress (2): 12/65 kB | 0.9/328 kBProgress (2): 13/65 kB | 0.9/328 kBProgress (2): 14/65 kB | 0.9/328 kBProgress (2): 16/65 kB | 0.9/328 kBProgress (2): 17/65 kB | 0.9/328 kBProgress (2): 18/65 kB | 0.9/328 kBProgress (2): 20/65 kB | 0.9/328 kBProgress (2): 21/65 kB | 0.9/328 kBProgress (2): 23/65 kB | 0.9/328 kBProgress (2): 27/65 kB | 0.9/328 kBProgress (2): 31/65 kB | 0.9/328 kBProgress (2): 35/65 kB | 0.9/328 kBProgress (2): 39/65 kB | 0.9/328 kBProgress (2): 44/65 kB | 0.9/328 kBProgress (2): 44/65 kB | 2.3/328 kBProgress (2): 48/65 kB | 2.3/328 kBProgress (2): 48/65 kB | 3.6/328 kBProgress (2): 52/65 kB | 3.6/328 kBProgress (2): 52/65 kB | 5.0/328 kBProgress (2): 56/65 kB | 5.0/328 kBProgress (2): 56/65 kB | 6.4/328 kBProgress (2): 56/65 kB | 7.7/328 kBProgress (2): 61/65 kB | 7.7/328 kBProgress (2): 61/65 kB | 9.1/328 kBProgress (2): 65/65 kB | 9.1/328 kBProgress (2): 65/65 kB | 10/328 kB Progress (2): 65 kB | 10/328 kB   Progress (2): 65 kB | 12/328 kBProgress (2): 65 kB | 13/328 kBProgress (2): 65 kB | 15/328 kBProgress (2): 65 kB | 16/328 kBProgress (2): 65 kB | 17/328 kBProgress (2): 65 kB | 19/328 kBProgress (2): 65 kB | 20/328 kBProgress (2): 65 kB | 21/328 kBProgress (2): 65 kB | 23/328 kBProgress (2): 65 kB | 24/328 kBProgress (2): 65 kB | 26/328 kBProgress (2): 65 kB | 27/328 kBProgress (2): 65 kB | 28/328 kBProgress (2): 65 kB | 30/328 kBProgress (2): 65 kB | 31/328 kBProgress (2): 65 kB | 32/328 kBProgress (2): 65 kB | 34/328 kBProgress (2): 65 kB | 35/328 kBProgress (2): 65 kB | 36/328 kBProgress (2): 65 kB | 38/328 kBProgress (2): 65 kB | 39/328 kBProgress (2): 65 kB | 41/328 kBProgress (2): 65 kB | 42/328 kBProgress (2): 65 kB | 43/328 kBProgress (2): 65 kB | 45/328 kBProgress (2): 65 kB | 46/328 kBProgress (2): 65 kB | 47/328 kBProgress (2): 65 kB | 49/328 kBProgress (2): 65 kB | 50/328 kBProgress (2): 65 kB | 52/328 kBProgress (2): 65 kB | 53/328 kBProgress (2): 65 kB | 54/328 kBProgress (2): 65 kB | 56/328 kB                               Downloaded from central: https://repo.maven.apache.org/maven2/io/opentelemetry/opentelemetry-sdk-logs/1.52.0/opentelemetry-sdk-logs-1.52.0.jar (65 kB at 866 kB/s)
Progress (1): 60/328 kBProgress (1): 64/328 kBProgress (1): 68/328 kBProgress (1): 73/328 kBProgress (1): 77/328 kBProgress (1): 81/328 kBProgress (1): 85/328 kBProgress (1): 89/328 kBProgress (1): 94/328 kBProgress (1): 98/328 kBProgress (1): 102/328 kBProgress (1): 106/328 kBProgress (1): 111/328 kBProgress (1): 115/328 kBProgress (1): 119/328 kBProgress (1): 123/328 kBProgress (1): 128/328 kBProgress (1): 132/328 kBProgress (1): 136/328 kBProgress (1): 140/328 kBProgress (1): 144/328 kBProgress (1): 149/328 kBProgress (1): 153/328 kBProgress (1): 157/328 kBProgress (1): 161/328 kBProgress (1): 166/328 kBProgress (1): 170/328 kBProgress (1): 174/328 kBProgress (1): 178/328 kBProgress (1): 183/328 kBProgress (1): 187/328 kBProgress (1): 191/328 kBProgress (1): 195/328 kBProgress (1): 199/328 kBProgress (1): 204/328 kBProgress (1): 208/328 kBProgress (1): 212/328 kBProgress (1): 216/328 kBProgress (1): 221/328 kBProgress (1): 225/328 kBProgress (1): 241/328 kBProgress (1): 258/328 kBProgress (1): 274/328 kBProgress (1): 290/328 kBProgress (1): 307/328 kBProgress (1): 323/328 kBProgress (1): 328 kB    Progress (2): 328 kB | 3.6/73 kBProgress (2): 328 kB | 16/73 kB Progress (2): 328 kB | 32/73 kBProgress (2): 328 kB | 49/73 kBProgress (2): 328 kB | 65/73 kB                               Downloaded from central: https://repo.maven.apache.org/maven2/io/opentelemetry/opentelemetry-sdk-metrics/1.52.0/opentelemetry-sdk-metrics-1.52.0.jar (328 kB at 4.1 MB/s)
Progress (1): 73 kB                   Downloaded from central: https://repo.maven.apache.org/maven2/io/opentelemetry/opentelemetry-sdk-common/1.52.0/opentelemetry-sdk-common-1.52.0.jar (73 kB at 897 kB/s)
Progress (1): 0.9/18 kBProgress (1): 2.3/18 kBProgress (1): 3.6/18 kBProgress (1): 5.0/18 kBProgress (1): 6.4/18 kBProgress (1): 7.7/18 kBProgress (1): 9.1/18 kBProgress (1): 10/18 kB Progress (1): 12/18 kBProgress (1): 13/18 kBProgress (1): 15/18 kBProgress (1): 16/18 kBProgress (1): 17/18 kBProgress (1): 18 kB                      Downloaded from central: https://repo.maven.apache.org/maven2/io/opentelemetry/opentelemetry-sdk-extension-autoconfigure-spi/1.52.0/opentelemetry-sdk-extension-autoconfigure-spi-1.52.0.jar (18 kB at 207 kB/s)
[INFO] 
[INFO] --- enforcer:3.6.2:enforce (enforce-versions) @ graylog-plugin-parent ---
[INFO] Rule 0: org.apache.maven.enforcer.rules.dependency.BannedDependencies passed
[INFO] Rule 1: org.apache.maven.enforcer.rules.BanDuplicatePomDependencyVersions passed
[INFO] Rule 2: org.apache.maven.enforcer.rules.dependency.BanDynamicVersions passed
[INFO] Rule 3: org.apache.maven.plugins.enforcer.RestrictImports passed
[INFO] 
[INFO] --- forbiddenapis:3.10:check (forbidden-apis-src) @ graylog-plugin-parent ---
[INFO] Skipping execution for packaging "pom"
[INFO] 
[INFO] --- dependency:3.7.0:properties (default) @ graylog-plugin-parent ---
[INFO] 
[INFO] --- forbiddenapis:3.10:testCheck (forbidden-apis-test) @ graylog-plugin-parent ---
[INFO] Skipping execution for packaging "pom"
[INFO] 
[INFO] -------------< org.graylog:graylog-storage-elasticsearch7 >-------------
[INFO] Building graylog-storage-elasticsearch7 7.1.0-SNAPSHOT            [5/12]
[INFO]   from graylog-storage-elasticsearch7/pom.xml
[INFO] --------------------------------[ jar ]---------------------------------
Downloading from central: https://repo.maven.apache.org/maven2/org/graylog/shaded/elasticsearch7/7.9.1-0/elasticsearch7-7.9.1-0.pom
Progress (1): 1.2 kB                    Downloaded from central: https://repo.maven.apache.org/maven2/org/graylog/shaded/elasticsearch7/7.9.1-0/elasticsearch7-7.9.1-0.pom (1.2 kB at 42 kB/s)
Downloading from central: https://repo.maven.apache.org/maven2/org/graylog/shaded/elasticsearch7-parent/7.9.1-0/elasticsearch7-parent-7.9.1-0.pom
Progress (1): 1.5 kBProgress (1): 5.9 kBProgress (1): 9.8 kB                    Downloaded from central: https://repo.maven.apache.org/maven2/org/graylog/shaded/elasticsearch7-parent/7.9.1-0/elasticsearch7-parent-7.9.1-0.pom (9.8 kB at 363 kB/s)
Downloading from central: https://repo.maven.apache.org/maven2/org/graylog/shaded/graylog-shaded/1.0.10/graylog-shaded-1.0.10.pom
Progress (1): 1.1 kBProgress (1): 3.9 kBProgress (1): 6.8 kB                    Downloaded from central: https://repo.maven.apache.org/maven2/org/graylog/shaded/graylog-shaded/1.0.10/graylog-shaded-1.0.10.pom (6.8 kB at 284 kB/s)
Downloading from central: https://repo.maven.apache.org/maven2/org/graylog/shaded/elasticsearch-rest-client-sniffer7/7.9.1-0/elasticsearch-rest-client-sniffer7-7.9.1-0.pom
Progress (1): 1.2 kB                    Downloaded from central: https://repo.maven.apache.org/maven2/org/graylog/shaded/elasticsearch-rest-client-sniffer7/7.9.1-0/elasticsearch-rest-client-sniffer7-7.9.1-0.pom (1.2 kB at 46 kB/s)
Downloading from central: https://repo.maven.apache.org/maven2/org/assertj/assertj-core/maven-metadata.xml
Progress (1): 2.9 kB                    Downloaded from central: https://repo.maven.apache.org/maven2/org/assertj/assertj-core/maven-metadata.xml (2.9 kB at 138 kB/s)
Downloading from central: https://repo.maven.apache.org/maven2/org/assertj/assertj-core/3.5.0/assertj-core-3.5.0.pom
Progress (1): 997 BProgress (1): 3.4 kBProgress (1): 6.6 kBProgress (1): 9.8 kB                    Downloaded from central: https://repo.maven.apache.org/maven2/org/assertj/assertj-core/3.5.0/assertj-core-3.5.0.pom (9.8 kB at 424 kB/s)
Downloading from central: https://repo.maven.apache.org/maven2/org/assertj/assertj-parent-pom/2.1.4/assertj-parent-pom-2.1.4.pom
Progress (1): 951 BProgress (1): 3.1 kBProgress (1): 7.0 kBProgress (1): 11 kB Progress (1): 14 kBProgress (1): 15 kB                   Downloaded from central: https://repo.maven.apache.org/maven2/org/assertj/assertj-parent-pom/2.1.4/assertj-parent-pom-2.1.4.pom (15 kB at 687 kB/s)
Downloading from central: https://repo.maven.apache.org/maven2/org/assertj/assertj-core/3.5.1/assertj-core-3.5.1.pom
Progress (1): 998 BProgress (1): 3.4 kBProgress (1): 6.6 kBProgress (1): 9.8 kB                    Downloaded from central: https://repo.maven.apache.org/maven2/org/assertj/assertj-core/3.5.1/assertj-core-3.5.1.pom (9.8 kB at 406 kB/s)
Downloading from central: https://repo.maven.apache.org/maven2/org/assertj/assertj-core/3.5.2/assertj-core-3.5.2.pom
Progress (1): 1.0 kBProgress (1): 3.5 kBProgress (1): 6.5 kBProgress (1): 9.5 kB                    Downloaded from central: https://repo.maven.apache.org/maven2/org/assertj/assertj-core/3.5.2/assertj-core-3.5.2.pom (9.5 kB at 414 kB/s)
Downloading from central: https://repo.maven.apache.org/maven2/org/assertj/assertj-core/3.6.0/assertj-core-3.6.0.pom
Progress (1): 1.0 kBProgress (1): 3.5 kBProgress (1): 6.5 kBProgress (1): 8.3 kB                    Downloaded from central: https://repo.maven.apache.org/maven2/org/assertj/assertj-core/3.6.0/assertj-core-3.6.0.pom (8.3 kB at 344 kB/s)
Downloading from central: https://repo.maven.apache.org/maven2/org/assertj/assertj-core/3.6.1/assertj-core-3.6.1.pom
Progress (1): 1.0 kBProgress (1): 3.5 kBProgress (1): 6.5 kBProgress (1): 8.3 kB                    Downloaded from central: https://repo.maven.apache.org/maven2/org/assertj/assertj-core/3.6.1/assertj-core-3.6.1.pom (8.3 kB at 318 kB/s)
Downloading from central: https://repo.maven.apache.org/maven2/org/assertj/assertj-core/3.6.2/assertj-core-3.6.2.pom
Progress (1): 1.0 kBProgress (1): 3.5 kBProgress (1): 6.5 kBProgress (1): 8.3 kB                    Downloaded from central: https://repo.maven.apache.org/maven2/org/assertj/assertj-core/3.6.2/assertj-core-3.6.2.pom (8.3 kB at 331 kB/s)
Downloading from central: https://repo.maven.apache.org/maven2/org/assertj/assertj-core/3.7.0/assertj-core-3.7.0.pom
Progress (1): 1.0 kBProgress (1): 3.5 kBProgress (1): 6.5 kBProgress (1): 8.7 kB                    Downloaded from central: https://repo.maven.apache.org/maven2/org/assertj/assertj-core/3.7.0/assertj-core-3.7.0.pom (8.7 kB at 396 kB/s)
Downloading from central: https://repo.maven.apache.org/maven2/org/assertj/assertj-parent-pom/2.1.6/assertj-parent-pom-2.1.6.pom
Progress (1): 951 BProgress (1): 3.1 kBProgress (1): 7.0 kBProgress (1): 11 kB Progress (1): 14 kBProgress (1): 15 kB                   Downloaded from central: https://repo.maven.apache.org/maven2/org/assertj/assertj-parent-pom/2.1.6/assertj-parent-pom-2.1.6.pom (15 kB at 660 kB/s)
Downloading from central: https://repo.maven.apache.org/maven2/org/assertj/assertj-core/3.8.0/assertj-core-3.8.0.pom
Progress (1): 1.0 kBProgress (1): 3.5 kBProgress (1): 6.5 kBProgress (1): 8.7 kB                    Downloaded from central: https://repo.maven.apache.org/maven2/org/assertj/assertj-core/3.8.0/assertj-core-3.8.0.pom (8.7 kB at 363 kB/s)
Downloading from central: https://repo.maven.apache.org/maven2/org/assertj/assertj-core/3.9.0/assertj-core-3.9.0.pom
Progress (1): 996 BProgress (1): 3.4 kBProgress (1): 6.5 kBProgress (1): 8.9 kBProgress (1): 9.5 kB                    Downloaded from central: https://repo.maven.apache.org/maven2/org/assertj/assertj-core/3.9.0/assertj-core-3.9.0.pom (9.5 kB at 413 kB/s)
Downloading from central: https://repo.maven.apache.org/maven2/org/assertj/assertj-core/3.9.1/assertj-core-3.9.1.pom
Progress (1): 1.0 kBProgress (1): 3.5 kBProgress (1): 6.6 kBProgress (1): 9.1 kBProgress (1): 10 kB                    Downloaded from central: https://repo.maven.apache.org/maven2/org/assertj/assertj-core/3.9.1/assertj-core-3.9.1.pom (10 kB at 427 kB/s)
Downloading from central: https://repo.maven.apache.org/maven2/org/assertj/assertj-parent-pom/2.1.9/assertj-parent-pom-2.1.9.pom
Progress (1): 958 BProgress (1): 3.2 kBProgress (1): 7.0 kBProgress (1): 11 kB Progress (1): 14 kBProgress (1): 15 kB                   Downloaded from central: https://repo.maven.apache.org/maven2/org/assertj/assertj-parent-pom/2.1.9/assertj-parent-pom-2.1.9.pom (15 kB at 704 kB/s)
Downloading from central: https://repo.maven.apache.org/maven2/org/assertj/assertj-core/3.10.0/assertj-core-3.10.0.pom
Progress (1): 1.0 kBProgress (1): 3.6 kBProgress (1): 6.6 kBProgress (1): 9.0 kBProgress (1): 11 kB                    Downloaded from central: https://repo.maven.apache.org/maven2/org/assertj/assertj-core/3.10.0/assertj-core-3.10.0.pom (11 kB at 440 kB/s)
Downloading from central: https://repo.maven.apache.org/maven2/org/assertj/assertj-core/3.11.0/assertj-core-3.11.0.pom
Progress (1): 976 BProgress (1): 3.5 kBProgress (1): 6.6 kBProgress (1): 8.6 kBProgress (1): 14 kB                    Downloaded from central: https://repo.maven.apache.org/maven2/org/assertj/assertj-core/3.11.0/assertj-core-3.11.0.pom (14 kB at 564 kB/s)
Downloading from central: https://repo.maven.apache.org/maven2/org/junit/junit-bom/5.2.0/junit-bom-5.2.0.pom
Progress (1): 1.2 kBProgress (1): 4.2 kB                    Downloaded from central: https://repo.maven.apache.org/maven2/org/junit/junit-bom/5.2.0/junit-bom-5.2.0.pom (4.2 kB at 208 kB/s)
Downloading from central: https://repo.maven.apache.org/maven2/org/assertj/assertj-core/3.11.1/assertj-core-3.11.1.pom
Progress (1): 977 BProgress (1): 3.5 kBProgress (1): 6.6 kBProgress (1): 8.6 kBProgress (1): 14 kB                    Downloaded from central: https://repo.maven.apache.org/maven2/org/assertj/assertj-core/3.11.1/assertj-core-3.11.1.pom (14 kB at 588 kB/s)
Downloading from central: https://repo.maven.apache.org/maven2/org/assertj/assertj-parent-pom/2.2.1/assertj-parent-pom-2.2.1.pom
Progress (1): 951 BProgress (1): 3.2 kBProgress (1): 7.0 kBProgress (1): 11 kB Progress (1): 14 kBProgress (1): 15 kB                   Downloaded from central: https://repo.maven.apache.org/maven2/org/assertj/assertj-parent-pom/2.2.1/assertj-parent-pom-2.2.1.pom (15 kB at 548 kB/s)
Downloading from central: https://repo.maven.apache.org/maven2/org/assertj/assertj-core/3.12.0/assertj-core-3.12.0.pom
Progress (1): 982 BProgress (1): 3.5 kBProgress (1): 6.7 kBProgress (1): 8.7 kBProgress (1): 13 kB                    Downloaded from central: https://repo.maven.apache.org/maven2/org/assertj/assertj-core/3.12.0/assertj-core-3.12.0.pom (13 kB at 512 kB/s)
Downloading from central: https://repo.maven.apache.org/maven2/org/assertj/assertj-parent-pom/2.2.2/assertj-parent-pom-2.2.2.pom
Progress (1): 951 BProgress (1): 3.3 kBProgress (1): 7.0 kBProgress (1): 11 kB Progress (1): 14 kBProgress (1): 16 kB                   Downloaded from central: https://repo.maven.apache.org/maven2/org/assertj/assertj-parent-pom/2.2.2/assertj-parent-pom-2.2.2.pom (16 kB at 611 kB/s)
Downloading from central: https://repo.maven.apache.org/maven2/org/junit/junit-bom/5.4.0/junit-bom-5.4.0.pom
Progress (1): 991 BProgress (1): 4.4 kB                    Downloaded from central: https://repo.maven.apache.org/maven2/org/junit/junit-bom/5.4.0/junit-bom-5.4.0.pom (4.4 kB at 192 kB/s)
Downloading from central: https://repo.maven.apache.org/maven2/org/assertj/assertj-core/3.12.1/assertj-core-3.12.1.pom
Progress (1): 987 BProgress (1): 3.5 kBProgress (1): 6.5 kBProgress (1): 8.7 kBProgress (1): 13 kB                    Downloaded from central: https://repo.maven.apache.org/maven2/org/assertj/assertj-core/3.12.1/assertj-core-3.12.1.pom (13 kB at 538 kB/s)
Downloading from central: https://repo.maven.apache.org/maven2/org/assertj/assertj-core/3.12.2/assertj-core-3.12.2.pom
Progress (1): 997 BProgress (1): 3.6 kBProgress (1): 6.5 kBProgress (1): 8.7 kBProgress (1): 13 kB Progress (1): 13 kB                   Downloaded from central: https://repo.maven.apache.org/maven2/org/assertj/assertj-core/3.12.2/assertj-core-3.12.2.pom (13 kB at 507 kB/s)
Downloading from central: https://repo.maven.apache.org/maven2/org/assertj/assertj-core/3.13.0/assertj-core-3.13.0.pom
Progress (1): 977 BProgress (1): 3.5 kBProgress (1): 6.4 kBProgress (1): 8.7 kBProgress (1): 13 kB Progress (1): 16 kB                   Downloaded from central: https://repo.maven.apache.org/maven2/org/assertj/assertj-core/3.13.0/assertj-core-3.13.0.pom (16 kB at 556 kB/s)
Downloading from central: https://repo.maven.apache.org/maven2/org/assertj/assertj-parent-pom/2.2.5/assertj-parent-pom-2.2.5.pom
Progress (1): 973 BProgress (1): 3.0 kBProgress (1): 8.4 kBProgress (1): 12 kB Progress (1): 15 kBProgress (1): 19 kB                   Downloaded from central: https://repo.maven.apache.org/maven2/org/assertj/assertj-parent-pom/2.2.5/assertj-parent-pom-2.2.5.pom (19 kB at 866 kB/s)
Downloading from central: https://repo.maven.apache.org/maven2/org/junit/junit-bom/5.5.1/junit-bom-5.5.1.pom
Progress (1): 992 BProgress (1): 4.4 kB                    Downloaded from central: https://repo.maven.apache.org/maven2/org/junit/junit-bom/5.5.1/junit-bom-5.5.1.pom (4.4 kB at 184 kB/s)
Downloading from central: https://repo.maven.apache.org/maven2/org/assertj/assertj-core/3.13.1/assertj-core-3.13.1.pom
Progress (1): 977 BProgress (1): 3.5 kBProgress (1): 6.4 kBProgress (1): 8.7 kBProgress (1): 13 kB Progress (1): 16 kB                   Downloaded from central: https://repo.maven.apache.org/maven2/org/assertj/assertj-core/3.13.1/assertj-core-3.13.1.pom (16 kB at 649 kB/s)
Downloading from central: https://repo.maven.apache.org/maven2/org/assertj/assertj-core/3.13.2/assertj-core-3.13.2.pom
Progress (1): 974 BProgress (1): 3.5 kBProgress (1): 6.7 kBProgress (1): 8.9 kBProgress (1): 12 kB Progress (1): 16 kB                   Downloaded from central: https://repo.maven.apache.org/maven2/org/assertj/assertj-core/3.13.2/assertj-core-3.13.2.pom (16 kB at 682 kB/s)
Downloading from central: https://repo.maven.apache.org/maven2/org/assertj/assertj-core/3.14.0/assertj-core-3.14.0.pom
Progress (1): 1.0 kBProgress (1): 3.1 kBProgress (1): 5.0 kBProgress (1): 8.3 kBProgress (1): 11 kB Progress (1): 14 kBProgress (1): 19 kB                   Downloaded from central: https://repo.maven.apache.org/maven2/org/assertj/assertj-core/3.14.0/assertj-core-3.14.0.pom (19 kB at 867 kB/s)
Downloading from central: https://repo.maven.apache.org/maven2/org/assertj/assertj-parent-pom/2.2.6/assertj-parent-pom-2.2.6.pom
Progress (1): 969 BProgress (1): 3.0 kBProgress (1): 6.1 kBProgress (1): 12 kB Progress (1): 16 kBProgress (1): 19 kBProgress (1): 22 kB                   Downloaded from central: https://repo.maven.apache.org/maven2/org/assertj/assertj-parent-pom/2.2.6/assertj-parent-pom-2.2.6.pom (22 kB at 1.0 MB/s)
Downloading from central: https://repo.maven.apache.org/maven2/org/junit/junit-bom/5.5.2/junit-bom-5.5.2.pom
Progress (1): 992 BProgress (1): 4.4 kB                    Downloaded from central: https://repo.maven.apache.org/maven2/org/junit/junit-bom/5.5.2/junit-bom-5.5.2.pom (4.4 kB at 177 kB/s)
Downloading from central: https://repo.maven.apache.org/maven2/org/assertj/assertj-core/3.15.0/assertj-core-3.15.0.pom
Progress (1): 1.1 kBProgress (1): 3.6 kBProgress (1): 6.5 kBProgress (1): 10 kB Progress (1): 13 kBProgress (1): 17 kBProgress (1): 20 kB                   Downloaded from central: https://repo.maven.apache.org/maven2/org/assertj/assertj-core/3.15.0/assertj-core-3.15.0.pom (20 kB at 908 kB/s)
Downloading from central: https://repo.maven.apache.org/maven2/org/assertj/assertj-parent-pom/2.2.7/assertj-parent-pom-2.2.7.pom
Progress (1): 973 BProgress (1): 2.9 kBProgress (1): 6.1 kBProgress (1): 12 kB Progress (1): 16 kBProgress (1): 17 kBProgress (1): 21 kBProgress (1): 23 kB                   Downloaded from central: https://repo.maven.apache.org/maven2/org/assertj/assertj-parent-pom/2.2.7/assertj-parent-pom-2.2.7.pom (23 kB at 1.0 MB/s)
Downloading from central: https://repo.maven.apache.org/maven2/org/junit/junit-bom/5.6.0/junit-bom-5.6.0.pom
Progress (1): 916 BProgress (1): 4.1 kBProgress (1): 4.9 kB                    Downloaded from central: https://repo.maven.apache.org/maven2/org/junit/junit-bom/5.6.0/junit-bom-5.6.0.pom (4.9 kB at 206 kB/s)
Downloading from central: https://repo.maven.apache.org/maven2/org/assertj/assertj-core/3.16.0/assertj-core-3.16.0.pom
Progress (1): 1.1 kBProgress (1): 3.6 kBProgress (1): 6.5 kBProgress (1): 9.9 kBProgress (1): 12 kB Progress (1): 17 kBProgress (1): 20 kB                   Downloaded from central: https://repo.maven.apache.org/maven2/org/assertj/assertj-core/3.16.0/assertj-core-3.16.0.pom (20 kB at 860 kB/s)
Downloading from central: https://repo.maven.apache.org/maven2/org/junit/junit-bom/5.6.2/junit-bom-5.6.2.pom
Progress (1): 916 BProgress (1): 4.1 kBProgress (1): 4.9 kB                    Downloaded from central: https://repo.maven.apache.org/maven2/org/junit/junit-bom/5.6.2/junit-bom-5.6.2.pom (4.9 kB at 183 kB/s)
Downloading from central: https://repo.maven.apache.org/maven2/org/assertj/assertj-core/3.16.1/assertj-core-3.16.1.pom
Progress (1): 1.1 kBProgress (1): 3.6 kBProgress (1): 6.5 kBProgress (1): 10.0 kBProgress (1): 12 kB  Progress (1): 17 kBProgress (1): 20 kB                   Downloaded from central: https://repo.maven.apache.org/maven2/org/assertj/assertj-core/3.16.1/assertj-core-3.16.1.pom (20 kB at 942 kB/s)
Downloading from central: https://repo.maven.apache.org/maven2/org/assertj/assertj-core/3.17.0/assertj-core-3.17.0.pom
Progress (1): 1.1 kBProgress (1): 3.6 kBProgress (1): 6.5 kBProgress (1): 9.9 kBProgress (1): 12 kB Progress (1): 17 kBProgress (1): 20 kB                   Downloaded from central: https://repo.maven.apache.org/maven2/org/assertj/assertj-core/3.17.0/assertj-core-3.17.0.pom (20 kB at 862 kB/s)
Downloading from central: https://repo.maven.apache.org/maven2/org/assertj/assertj-core/3.17.1/assertj-core-3.17.1.pom
Progress (1): 1.1 kBProgress (1): 3.6 kBProgress (1): 6.5 kBProgress (1): 10.0 kBProgress (1): 12 kB  Progress (1): 16 kBProgress (1): 20 kB                   Downloaded from central: https://repo.maven.apache.org/maven2/org/assertj/assertj-core/3.17.1/assertj-core-3.17.1.pom (20 kB at 711 kB/s)
Downloading from central: https://repo.maven.apache.org/maven2/org/assertj/assertj-core/3.17.2/assertj-core-3.17.2.pom
Progress (1): 1.1 kBProgress (1): 3.5 kBProgress (1): 6.6 kBProgress (1): 10 kB Progress (1): 13 kBProgress (1): 17 kBProgress (1): 22 kBProgress (1): 23 kB                   Downloaded from central: https://repo.maven.apache.org/maven2/org/assertj/assertj-core/3.17.2/assertj-core-3.17.2.pom (23 kB at 1.0 MB/s)
Downloading from central: https://repo.maven.apache.org/maven2/org/assertj/assertj-core/3.18.0/assertj-core-3.18.0.pom
Progress (1): 1.1 kBProgress (1): 3.6 kBProgress (1): 6.5 kBProgress (1): 10 kB Progress (1): 13 kBProgress (1): 17 kBProgress (1): 22 kBProgress (1): 24 kB                   Downloaded from central: https://repo.maven.apache.org/maven2/org/assertj/assertj-core/3.18.0/assertj-core-3.18.0.pom (24 kB at 1.0 MB/s)
Downloading from central: https://repo.maven.apache.org/maven2/org/assertj/assertj-parent-pom/2.2.8/assertj-parent-pom-2.2.8.pom
Progress (1): 966 BProgress (1): 3.3 kBProgress (1): 6.3 kBProgress (1): 11 kB Progress (1): 16 kBProgress (1): 18 kBProgress (1): 21 kBProgress (1): 24 kB                   Downloaded from central: https://repo.maven.apache.org/maven2/org/assertj/assertj-parent-pom/2.2.8/assertj-parent-pom-2.2.8.pom (24 kB at 1.0 MB/s)
Downloading from central: https://repo.maven.apache.org/maven2/org/assertj/assertj-core/3.18.1/assertj-core-3.18.1.pom
Progress (1): 1.1 kBProgress (1): 3.6 kBProgress (1): 6.5 kBProgress (1): 10 kB Progress (1): 13 kBProgress (1): 17 kBProgress (1): 22 kBProgress (1): 24 kB                   Downloaded from central: https://repo.maven.apache.org/maven2/org/assertj/assertj-core/3.18.1/assertj-core-3.18.1.pom (24 kB at 997 kB/s)
Downloading from central: https://repo.maven.apache.org/maven2/org/junit/junit-bom/5.6.3/junit-bom-5.6.3.pom
Progress (1): 915 BProgress (1): 4.1 kBProgress (1): 4.9 kB                    Downloaded from central: https://repo.maven.apache.org/maven2/org/junit/junit-bom/5.6.3/junit-bom-5.6.3.pom (4.9 kB at 215 kB/s)
Downloading from central: https://repo.maven.apache.org/maven2/org/assertj/assertj-core/3.19.0/assertj-core-3.19.0.pom
Progress (1): 1.1 kBProgress (1): 3.6 kBProgress (1): 6.5 kBProgress (1): 10 kB Progress (1): 13 kBProgress (1): 17 kBProgress (1): 21 kBProgress (1): 24 kB                   Downloaded from central: https://repo.maven.apache.org/maven2/org/assertj/assertj-core/3.19.0/assertj-core-3.19.0.pom (24 kB at 1.0 MB/s)
Downloading from central: https://repo.maven.apache.org/maven2/org/assertj/assertj-parent-pom/2.2.10/assertj-parent-pom-2.2.10.pom
Progress (1): 982 BProgress (1): 3.3 kBProgress (1): 6.3 kBProgress (1): 11 kB Progress (1): 16 kBProgress (1): 18 kBProgress (1): 21 kBProgress (1): 24 kB                   Downloaded from central: https://repo.maven.apache.org/maven2/org/assertj/assertj-parent-pom/2.2.10/assertj-parent-pom-2.2.10.pom (24 kB at 1.1 MB/s)
Downloading from central: https://repo.maven.apache.org/maven2/org/assertj/assertj-core/3.20.0/assertj-core-3.20.0.pom
Progress (1): 1.1 kBProgress (1): 3.8 kBProgress (1): 6.8 kBProgress (1): 10 kB Progress (1): 13 kBProgress (1): 17 kBProgress (1): 21 kBProgress (1): 26 kBProgress (1): 26 kB                   Downloaded from central: https://repo.maven.apache.org/maven2/org/assertj/assertj-core/3.20.0/assertj-core-3.20.0.pom (26 kB at 954 kB/s)
Downloading from central: https://repo.maven.apache.org/maven2/org/assertj/assertj-core/3.20.1/assertj-core-3.20.1.pom
Progress (1): 1.1 kBProgress (1): 3.7 kBProgress (1): 6.8 kBProgress (1): 10.0 kBProgress (1): 13 kB  Progress (1): 17 kBProgress (1): 21 kBProgress (1): 26 kBProgress (1): 26 kB                   Downloaded from central: https://repo.maven.apache.org/maven2/org/assertj/assertj-core/3.20.1/assertj-core-3.20.1.pom (26 kB at 1.0 MB/s)
Downloading from central: https://repo.maven.apache.org/maven2/org/assertj/assertj-parent-pom/2.2.13/assertj-parent-pom-2.2.13.pom
Progress (1): 981 BProgress (1): 3.4 kBProgress (1): 6.1 kBProgress (1): 11 kB Progress (1): 16 kBProgress (1): 18 kBProgress (1): 21 kBProgress (1): 24 kB                   Downloaded from central: https://repo.maven.apache.org/maven2/org/assertj/assertj-parent-pom/2.2.13/assertj-parent-pom-2.2.13.pom (24 kB at 1.0 MB/s)
Downloading from central: https://repo.maven.apache.org/maven2/org/assertj/assertj-core/3.20.2/assertj-core-3.20.2.pom
Progress (1): 1.1 kBProgress (1): 3.8 kBProgress (1): 6.8 kBProgress (1): 10 kB Progress (1): 13 kBProgress (1): 17 kBProgress (1): 21 kBProgress (1): 26 kBProgress (1): 26 kB                   Downloaded from central: https://repo.maven.apache.org/maven2/org/assertj/assertj-core/3.20.2/assertj-core-3.20.2.pom (26 kB at 1.0 MB/s)
Downloading from central: https://repo.maven.apache.org/maven2/org/assertj/assertj-core/3.21.0/assertj-core-3.21.0.pom
Progress (1): 1.1 kBProgress (1): 3.8 kBProgress (1): 6.5 kBProgress (1): 9.5 kBProgress (1): 13 kB Progress (1): 17 kBProgress (1): 20 kBProgress (1): 25 kBProgress (1): 29 kB                   Downloaded from central: https://repo.maven.apache.org/maven2/org/assertj/assertj-core/3.21.0/assertj-core-3.21.0.pom (29 kB at 1.3 MB/s)
Downloading from central: https://repo.maven.apache.org/maven2/org/junit/junit-bom/5.8.0/junit-bom-5.8.0.pom
Progress (1): 912 BProgress (1): 4.1 kBProgress (1): 5.6 kB                    Downloaded from central: https://repo.maven.apache.org/maven2/org/junit/junit-bom/5.8.0/junit-bom-5.8.0.pom (5.6 kB at 235 kB/s)
Downloading from central: https://repo.maven.apache.org/maven2/org/assertj/assertj-core/3.22.0/assertj-core-3.22.0.pom
Progress (1): 1.1 kBProgress (1): 3.8 kBProgress (1): 6.6 kBProgress (1): 9.6 kBProgress (1): 13 kB Progress (1): 17 kBProgress (1): 20 kBProgress (1): 25 kBProgress (1): 30 kBProgress (1): 31 kB                   Downloaded from central: https://repo.maven.apache.org/maven2/org/assertj/assertj-core/3.22.0/assertj-core-3.22.0.pom (31 kB at 1.3 MB/s)
Downloading from central: https://repo.maven.apache.org/maven2/org/assertj/assertj-parent-pom/2.2.14/assertj-parent-pom-2.2.14.pom
Progress (1): 981 BProgress (1): 3.4 kBProgress (1): 6.0 kBProgress (1): 10 kB Progress (1): 15 kBProgress (1): 18 kBProgress (1): 21 kBProgress (1): 25 kB                   Downloaded from central: https://repo.maven.apache.org/maven2/org/assertj/assertj-parent-pom/2.2.14/assertj-parent-pom-2.2.14.pom (25 kB at 909 kB/s)
Downloading from central: https://repo.maven.apache.org/maven2/org/assertj/assertj-core/3.23.0/assertj-core-3.23.0.pom
Progress (1): 1.1 kBProgress (1): 3.2 kBProgress (1): 6.7 kBProgress (1): 9.8 kBProgress (1): 12 kB Progress (1): 15 kBProgress (1): 17 kBProgress (1): 21 kBProgress (1): 24 kBProgress (1): 24 kB                   Downloaded from central: https://repo.maven.apache.org/maven2/org/assertj/assertj-core/3.23.0/assertj-core-3.23.0.pom (24 kB at 1.0 MB/s)
Downloading from central: https://repo.maven.apache.org/maven2/org/assertj/assertj-parent-pom/2.2.17/assertj-parent-pom-2.2.17.pom
Progress (1): 967 BProgress (1): 3.4 kBProgress (1): 6.0 kBProgress (1): 10 kB Progress (1): 16 kBProgress (1): 18 kBProgress (1): 21 kBProgress (1): 24 kB                   Downloaded from central: https://repo.maven.apache.org/maven2/org/assertj/assertj-parent-pom/2.2.17/assertj-parent-pom-2.2.17.pom (24 kB at 972 kB/s)
Downloading from central: https://repo.maven.apache.org/maven2/org/junit/junit-bom/5.9.0-M1/junit-bom-5.9.0-M1.pom
Progress (1): 907 BProgress (1): 4.1 kBProgress (1): 5.7 kB                    Downloaded from central: https://repo.maven.apache.org/maven2/org/junit/junit-bom/5.9.0-M1/junit-bom-5.9.0-M1.pom (5.7 kB at 247 kB/s)
Downloading from central: https://repo.maven.apache.org/maven2/org/mockito/mockito-bom/4.5.1/mockito-bom-4.5.1.pom
Progress (1): 1.4 kBProgress (1): 3.0 kB                    Downloaded from central: https://repo.maven.apache.org/maven2/org/mockito/mockito-bom/4.5.1/mockito-bom-4.5.1.pom (3.0 kB at 130 kB/s)
Downloading from central: https://repo.maven.apache.org/maven2/net/bytebuddy/byte-buddy/1.12.10/byte-buddy-1.12.10.pom
Progress (1): 950 BProgress (1): 3.6 kBProgress (1): 7.5 kBProgress (1): 15 kB Progress (1): 17 kB                   Downloaded from central: https://repo.maven.apache.org/maven2/net/bytebuddy/byte-buddy/1.12.10/byte-buddy-1.12.10.pom (17 kB at 722 kB/s)
Downloading from central: https://repo.maven.apache.org/maven2/net/bytebuddy/byte-buddy-parent/1.12.10/byte-buddy-parent-1.12.10.pom
Progress (1): 843 BProgress (1): 2.1 kBProgress (1): 4.0 kBProgress (1): 6.2 kBProgress (1): 8.3 kBProgress (1): 11 kB Progress (1): 15 kBProgress (1): 19 kBProgress (1): 26 kBProgress (1): 38 kBProgress (1): 42 kBProgress (1): 45 kB                   Downloaded from central: https://repo.maven.apache.org/maven2/net/bytebuddy/byte-buddy-parent/1.12.10/byte-buddy-parent-1.12.10.pom (45 kB at 1.9 MB/s)
Downloading from central: https://repo.maven.apache.org/maven2/org/assertj/assertj-core/3.23.1/assertj-core-3.23.1.pom
Progress (1): 1.1 kBProgress (1): 3.3 kBProgress (1): 6.8 kBProgress (1): 9.8 kBProgress (1): 12 kB Progress (1): 15 kBProgress (1): 17 kBProgress (1): 21 kBProgress (1): 24 kB                   Downloaded from central: https://repo.maven.apache.org/maven2/org/assertj/assertj-core/3.23.1/assertj-core-3.23.1.pom (24 kB at 907 kB/s)
Downloading from central: https://repo.maven.apache.org/maven2/org/assertj/assertj-core/3.24.0/assertj-core-3.24.0.pom
Progress (1): 1.0 kBProgress (1): 3.6 kBProgress (1): 6.8 kBProgress (1): 9.7 kBProgress (1): 12 kB Progress (1): 15 kBProgress (1): 17 kBProgress (1): 19 kB                   Downloaded from central: https://repo.maven.apache.org/maven2/org/assertj/assertj-core/3.24.0/assertj-core-3.24.0.pom (19 kB at 875 kB/s)
Downloading from central: https://repo.maven.apache.org/maven2/org/assertj/assertj-parent/3.24.0/assertj-parent-3.24.0.pom
Progress (1): 1.2 kBProgress (1): 4.1 kBProgress (1): 8.0 kBProgress (1): 13 kB                    Downloaded from central: https://repo.maven.apache.org/maven2/org/assertj/assertj-parent/3.24.0/assertj-parent-3.24.0.pom (13 kB at 559 kB/s)
Downloading from central: https://repo.maven.apache.org/maven2/org/assertj/assertj-build/3.24.0/assertj-build-3.24.0.pom
Progress (1): 1.0 kBProgress (1): 3.6 kBProgress (1): 6.1 kBProgress (1): 8.0 kBProgress (1): 8.8 kB                    Downloaded from central: https://repo.maven.apache.org/maven2/org/assertj/assertj-build/3.24.0/assertj-build-3.24.0.pom (8.8 kB at 382 kB/s)
Downloading from central: https://repo.maven.apache.org/maven2/org/junit/junit-bom/5.9.1/junit-bom-5.9.1.pom
Progress (1): 907 BProgress (1): 4.1 kBProgress (1): 5.6 kB                    Downloaded from central: https://repo.maven.apache.org/maven2/org/junit/junit-bom/5.9.1/junit-bom-5.9.1.pom (5.6 kB at 245 kB/s)
Downloading from central: https://repo.maven.apache.org/maven2/net/bytebuddy/byte-buddy/1.12.20/byte-buddy-1.12.20.pom
Progress (1): 973 BProgress (1): 3.7 kBProgress (1): 7.0 kBProgress (1): 14 kB Progress (1): 16 kB                   Downloaded from central: https://repo.maven.apache.org/maven2/net/bytebuddy/byte-buddy/1.12.20/byte-buddy-1.12.20.pom (16 kB at 720 kB/s)
Downloading from central: https://repo.maven.apache.org/maven2/net/bytebuddy/byte-buddy-parent/1.12.20/byte-buddy-parent-1.12.20.pom
Progress (1): 834 BProgress (1): 2.1 kBProgress (1): 3.7 kBProgress (1): 6.2 kBProgress (1): 8.1 kBProgress (1): 11 kB Progress (1): 13 kBProgress (1): 17 kBProgress (1): 22 kBProgress (1): 25 kBProgress (1): 36 kBProgress (1): 45 kBProgress (1): 50 kBProgress (1): 55 kBProgress (1): 58 kB                   Downloaded from central: https://repo.maven.apache.org/maven2/net/bytebuddy/byte-buddy-parent/1.12.20/byte-buddy-parent-1.12.20.pom (58 kB at 2.3 MB/s)
Downloading from central: https://repo.maven.apache.org/maven2/org/assertj/assertj-core/3.24.1/assertj-core-3.24.1.pom
Progress (1): 1.0 kBProgress (1): 3.6 kBProgress (1): 6.8 kBProgress (1): 9.7 kBProgress (1): 12 kB Progress (1): 15 kBProgress (1): 17 kBProgress (1): 19 kB                   Downloaded from central: https://repo.maven.apache.org/maven2/org/assertj/assertj-core/3.24.1/assertj-core-3.24.1.pom (19 kB at 802 kB/s)
Downloading from central: https://repo.maven.apache.org/maven2/org/assertj/assertj-parent/3.24.1/assertj-parent-3.24.1.pom
Progress (1): 1.2 kBProgress (1): 4.1 kBProgress (1): 8.0 kBProgress (1): 13 kB                    Downloaded from central: https://repo.maven.apache.org/maven2/org/assertj/assertj-parent/3.24.1/assertj-parent-3.24.1.pom (13 kB at 536 kB/s)
Downloading from central: https://repo.maven.apache.org/maven2/org/assertj/assertj-build/3.24.1/assertj-build-3.24.1.pom
Progress (1): 1.0 kBProgress (1): 3.6 kBProgress (1): 6.1 kBProgress (1): 8.0 kBProgress (1): 8.8 kB                    Downloaded from central: https://repo.maven.apache.org/maven2/org/assertj/assertj-build/3.24.1/assertj-build-3.24.1.pom (8.8 kB at 382 kB/s)
Downloading from central: https://repo.maven.apache.org/maven2/net/bytebuddy/byte-buddy/1.12.21/byte-buddy-1.12.21.pom
Progress (1): 973 BProgress (1): 3.7 kBProgress (1): 7.0 kBProgress (1): 14 kB Progress (1): 16 kB                   Downloaded from central: https://repo.maven.apache.org/maven2/net/bytebuddy/byte-buddy/1.12.21/byte-buddy-1.12.21.pom (16 kB at 660 kB/s)
Downloading from central: https://repo.maven.apache.org/maven2/net/bytebuddy/byte-buddy-parent/1.12.21/byte-buddy-parent-1.12.21.pom
Progress (1): 833 BProgress (1): 2.1 kBProgress (1): 3.6 kBProgress (1): 6.2 kBProgress (1): 8.1 kBProgress (1): 11 kB Progress (1): 13 kBProgress (1): 17 kBProgress (1): 22 kBProgress (1): 25 kBProgress (1): 36 kBProgress (1): 45 kBProgress (1): 50 kBProgress (1): 55 kBProgress (1): 58 kB                   Downloaded from central: https://repo.maven.apache.org/maven2/net/bytebuddy/byte-buddy-parent/1.12.21/byte-buddy-parent-1.12.21.pom (58 kB at 2.2 MB/s)
Downloading from central: https://repo.maven.apache.org/maven2/org/assertj/assertj-core/3.24.2/assertj-core-3.24.2.pom
Progress (1): 1.0 kBProgress (1): 3.6 kBProgress (1): 6.8 kBProgress (1): 9.7 kBProgress (1): 12 kB Progress (1): 15 kBProgress (1): 17 kBProgress (1): 19 kB                   Downloaded from central: https://repo.maven.apache.org/maven2/org/assertj/assertj-core/3.24.2/assertj-core-3.24.2.pom (19 kB at 837 kB/s)
Downloading from central: https://repo.maven.apache.org/maven2/org/assertj/assertj-parent/3.24.2/assertj-parent-3.24.2.pom
Progress (1): 1.2 kBProgress (1): 4.2 kBProgress (1): 8.0 kBProgress (1): 13 kB                    Downloaded from central: https://repo.maven.apache.org/maven2/org/assertj/assertj-parent/3.24.2/assertj-parent-3.24.2.pom (13 kB at 559 kB/s)
Downloading from central: https://repo.maven.apache.org/maven2/org/assertj/assertj-build/3.24.2/assertj-build-3.24.2.pom
Progress (1): 1.0 kBProgress (1): 3.6 kBProgress (1): 6.1 kBProgress (1): 8.0 kBProgress (1): 8.8 kB                    Downloaded from central: https://repo.maven.apache.org/maven2/org/assertj/assertj-build/3.24.2/assertj-build-3.24.2.pom (8.8 kB at 366 kB/s)
Downloading from central: https://repo.maven.apache.org/maven2/org/assertj/assertj-core/3.25.0/assertj-core-3.25.0.pom
Progress (1): 1.1 kBProgress (1): 3.8 kB                    Downloaded from central: https://repo.maven.apache.org/maven2/org/assertj/assertj-core/3.25.0/assertj-core-3.25.0.pom (3.8 kB at 166 kB/s)
Downloading from central: https://repo.maven.apache.org/maven2/net/bytebuddy/byte-buddy/1.14.11/byte-buddy-1.14.11.pom
Progress (1): 973 BProgress (1): 3.7 kBProgress (1): 7.0 kBProgress (1): 14 kB Progress (1): 16 kB                   Downloaded from central: https://repo.maven.apache.org/maven2/net/bytebuddy/byte-buddy/1.14.11/byte-buddy-1.14.11.pom (16 kB at 609 kB/s)
Downloading from central: https://repo.maven.apache.org/maven2/net/bytebuddy/byte-buddy-parent/1.14.11/byte-buddy-parent-1.14.11.pom
Progress (1): 836 BProgress (1): 2.1 kBProgress (1): 3.7 kBProgress (1): 6.2 kBProgress (1): 8.1 kBProgress (1): 11 kB Progress (1): 13 kBProgress (1): 17 kBProgress (1): 22 kBProgress (1): 25 kBProgress (1): 35 kBProgress (1): 46 kBProgress (1): 51 kBProgress (1): 56 kBProgress (1): 62 kB                   Downloaded from central: https://repo.maven.apache.org/maven2/net/bytebuddy/byte-buddy-parent/1.14.11/byte-buddy-parent-1.14.11.pom (62 kB at 2.2 MB/s)
Downloading from central: https://repo.maven.apache.org/maven2/org/assertj/assertj-core/3.25.1/assertj-core-3.25.1.pom
Progress (1): 1.1 kBProgress (1): 3.8 kB                    Downloaded from central: https://repo.maven.apache.org/maven2/org/assertj/assertj-core/3.25.1/assertj-core-3.25.1.pom (3.8 kB at 166 kB/s)
Downloading from central: https://repo.maven.apache.org/maven2/org/assertj/assertj-core/3.25.2/assertj-core-3.25.2.pom
Progress (1): 1.1 kBProgress (1): 3.8 kB                    Downloaded from central: https://repo.maven.apache.org/maven2/org/assertj/assertj-core/3.25.2/assertj-core-3.25.2.pom (3.8 kB at 182 kB/s)
Downloading from central: https://repo.maven.apache.org/maven2/org/assertj/assertj-core/3.25.3/assertj-core-3.25.3.pom
Progress (1): 1.1 kBProgress (1): 3.8 kB                    Downloaded from central: https://repo.maven.apache.org/maven2/org/assertj/assertj-core/3.25.3/assertj-core-3.25.3.pom (3.8 kB at 174 kB/s)
Downloading from central: https://repo.maven.apache.org/maven2/org/assertj/assertj-core/3.26.0/assertj-core-3.26.0.pom
Progress (1): 1.1 kBProgress (1): 3.8 kB                    Downloaded from central: https://repo.maven.apache.org/maven2/org/assertj/assertj-core/3.26.0/assertj-core-3.26.0.pom (3.8 kB at 174 kB/s)
Downloading from central: https://repo.maven.apache.org/maven2/net/bytebuddy/byte-buddy/1.14.16/byte-buddy-1.14.16.pom
Progress (1): 959 BProgress (1): 3.7 kBProgress (1): 7.0 kBProgress (1): 14 kB Progress (1): 16 kB                   Downloaded from central: https://repo.maven.apache.org/maven2/net/bytebuddy/byte-buddy/1.14.16/byte-buddy-1.14.16.pom (16 kB at 723 kB/s)
Downloading from central: https://repo.maven.apache.org/maven2/net/bytebuddy/byte-buddy-parent/1.14.16/byte-buddy-parent-1.14.16.pom
Progress (1): 829 BProgress (1): 2.1 kBProgress (1): 3.6 kBProgress (1): 6.2 kBProgress (1): 8.1 kBProgress (1): 11 kB Progress (1): 13 kBProgress (1): 17 kBProgress (1): 22 kBProgress (1): 25 kBProgress (1): 35 kBProgress (1): 47 kBProgress (1): 52 kBProgress (1): 57 kBProgress (1): 62 kB                   Downloaded from central: https://repo.maven.apache.org/maven2/net/bytebuddy/byte-buddy-parent/1.14.16/byte-buddy-parent-1.14.16.pom (62 kB at 2.6 MB/s)
Downloading from central: https://repo.maven.apache.org/maven2/org/assertj/assertj-core/3.26.3/assertj-core-3.26.3.pom
Progress (1): 1.1 kBProgress (1): 3.8 kB                    Downloaded from central: https://repo.maven.apache.org/maven2/org/assertj/assertj-core/3.26.3/assertj-core-3.26.3.pom (3.8 kB at 166 kB/s)
Downloading from central: https://repo.maven.apache.org/maven2/net/bytebuddy/byte-buddy/1.14.18/byte-buddy-1.14.18.pom
Progress (1): 973 BProgress (1): 3.7 kBProgress (1): 7.0 kBProgress (1): 14 kB Progress (1): 16 kB                   Downloaded from central: https://repo.maven.apache.org/maven2/net/bytebuddy/byte-buddy/1.14.18/byte-buddy-1.14.18.pom (16 kB at 723 kB/s)
Downloading from central: https://repo.maven.apache.org/maven2/net/bytebuddy/byte-buddy-parent/1.14.18/byte-buddy-parent-1.14.18.pom
Progress (1): 829 BProgress (1): 2.1 kBProgress (1): 3.6 kBProgress (1): 6.2 kBProgress (1): 8.1 kBProgress (1): 11 kB Progress (1): 13 kBProgress (1): 17 kBProgress (1): 22 kBProgress (1): 25 kBProgress (1): 35 kBProgress (1): 47 kBProgress (1): 52 kBProgress (1): 57 kBProgress (1): 62 kB                   Downloaded from central: https://repo.maven.apache.org/maven2/net/bytebuddy/byte-buddy-parent/1.14.18/byte-buddy-parent-1.14.18.pom (62 kB at 2.5 MB/s)
Downloading from central: https://repo.maven.apache.org/maven2/org/assertj/assertj-core/3.27.0/assertj-core-3.27.0.pom
Progress (1): 1.1 kBProgress (1): 3.8 kB                    Downloaded from central: https://repo.maven.apache.org/maven2/org/assertj/assertj-core/3.27.0/assertj-core-3.27.0.pom (3.8 kB at 174 kB/s)
Downloading from central: https://repo.maven.apache.org/maven2/net/bytebuddy/byte-buddy/1.15.11/byte-buddy-1.15.11.pom
Progress (1): 959 BProgress (1): 3.7 kBProgress (1): 6.8 kBProgress (1): 15 kB Progress (1): 17 kB                   Downloaded from central: https://repo.maven.apache.org/maven2/net/bytebuddy/byte-buddy/1.15.11/byte-buddy-1.15.11.pom (17 kB at 867 kB/s)
Downloading from central: https://repo.maven.apache.org/maven2/net/bytebuddy/byte-buddy-parent/1.15.11/byte-buddy-parent-1.15.11.pom
Progress (1): 836 BProgress (1): 2.1 kBProgress (1): 3.7 kBProgress (1): 6.2 kBProgress (1): 8.1 kBProgress (1): 11 kB Progress (1): 13 kBProgress (1): 17 kBProgress (1): 22 kBProgress (1): 25 kBProgress (1): 35 kBProgress (1): 47 kBProgress (1): 52 kBProgress (1): 58 kBProgress (1): 63 kB                   Downloaded from central: https://repo.maven.apache.org/maven2/net/bytebuddy/byte-buddy-parent/1.15.11/byte-buddy-parent-1.15.11.pom (63 kB at 2.5 MB/s)
Downloading from central: https://repo.maven.apache.org/maven2/org/assertj/assertj-core/3.27.1/assertj-core-3.27.1.pom
Progress (1): 1.2 kBProgress (1): 3.8 kB                    Downloaded from central: https://repo.maven.apache.org/maven2/org/assertj/assertj-core/3.27.1/assertj-core-3.27.1.pom (3.8 kB at 165 kB/s)
Downloading from central: https://repo.maven.apache.org/maven2/org/assertj/assertj-core/3.27.2/assertj-core-3.27.2.pom
Progress (1): 1.2 kBProgress (1): 3.8 kB                    Downloaded from central: https://repo.maven.apache.org/maven2/org/assertj/assertj-core/3.27.2/assertj-core-3.27.2.pom (3.8 kB at 112 kB/s)
Downloading from central: https://repo.maven.apache.org/maven2/org/assertj/assertj-core/3.27.3/assertj-core-3.27.3.pom
Progress (1): 1.2 kBProgress (1): 3.8 kB                    Downloaded from central: https://repo.maven.apache.org/maven2/org/assertj/assertj-core/3.27.3/assertj-core-3.27.3.pom (3.8 kB at 173 kB/s)
Downloading from central: https://repo.maven.apache.org/maven2/org/assertj/assertj-core/3.27.4/assertj-core-3.27.4.pom
Progress (1): 1.2 kBProgress (1): 3.8 kB                    Downloaded from central: https://repo.maven.apache.org/maven2/org/assertj/assertj-core/3.27.4/assertj-core-3.27.4.pom (3.8 kB at 159 kB/s)
Downloading from central: https://repo.maven.apache.org/maven2/org/assertj/assertj-core/3.27.5/assertj-core-3.27.5.pom
Progress (1): 1.2 kBProgress (1): 3.8 kB                    Downloaded from central: https://repo.maven.apache.org/maven2/org/assertj/assertj-core/3.27.5/assertj-core-3.27.5.pom (3.8 kB at 165 kB/s)
Downloading from central: https://repo.maven.apache.org/maven2/org/assertj/assertj-core/3.27.7/assertj-core-3.27.7.pom
Progress (1): 1.2 kBProgress (1): 3.8 kB                    Downloaded from central: https://repo.maven.apache.org/maven2/org/assertj/assertj-core/3.27.7/assertj-core-3.27.7.pom (3.8 kB at 181 kB/s)
Downloading from central: https://repo.maven.apache.org/maven2/org/graylog/shaded/elasticsearch7/7.9.1-0/elasticsearch7-7.9.1-0.jar
Downloading from central: https://repo.maven.apache.org/maven2/org/graylog/shaded/elasticsearch-rest-client-sniffer7/7.9.1-0/elasticsearch-rest-client-sniffer7-7.9.1-0.jar
Downloading from central: https://repo.maven.apache.org/maven2/net/bytebuddy/byte-buddy/1.17.7/byte-buddy-1.17.7.jar
Downloading from central: https://repo.maven.apache.org/maven2/org/objenesis/objenesis/3.3/objenesis-3.3.jar
Progress (1): 0/2.6 MBProgress (1): 0/2.6 MBProgress (1): 0/2.6 MBProgress (1): 0/2.6 MBProgress (1): 0.1/2.6 MBProgress (1): 0.1/2.6 MBProgress (1): 0.1/2.6 MBProgress (1): 0.1/2.6 MBProgress (1): 0.1/2.6 MBProgress (1): 0.1/2.6 MBProgress (1): 0.2/2.6 MBProgress (1): 0.2/2.6 MBProgress (1): 0.2/2.6 MBProgress (1): 0.2/2.6 MBProgress (1): 0.2/2.6 MBProgress (1): 0.2/2.6 MBProgress (1): 0.3/2.6 MBProgress (1): 0.3/2.6 MBProgress (1): 0.3/2.6 MBProgress (1): 0.3/2.6 MBProgress (1): 0.3/2.6 MBProgress (1): 0.3/2.6 MBProgress (1): 0.4/2.6 MBProgress (2): 0.4/2.6 MB | 0/30 MBProgress (2): 0.4/2.6 MB | 0/30 MBProgress (2): 0.4/2.6 MB | 0/30 MBProgress (2): 0.4/2.6 MB | 0/30 MBProgress (2): 0.4/2.6 MB | 0/30 MBProgress (2): 0.4/2.6 MB | 0/30 MBProgress (2): 0.4/2.6 MB | 0/30 MBProgress (2): 0.4/2.6 MB | 0/30 MBProgress (2): 0.4/2.6 MB | 0/30 MBProgress (2): 0.4/2.6 MB | 0/30 MBProgress (2): 0.4/2.6 MB | 0/30 MBProgress (2): 0.4/2.6 MB | 0/30 MBProgress (2): 0.4/2.6 MB | 0/30 MBProgress (2): 0.4/2.6 MB | 0.1/30 MBProgress (2): 0.4/2.6 MB | 0.1/30 MBProgress (2): 0.4/2.6 MB | 0.1/30 MBProgress (2): 0.4/2.6 MB | 0.1/30 MBProgress (2): 0.4/2.6 MB | 0.1/30 MBProgress (2): 0.4/2.6 MB | 0.1/30 MBProgress (2): 0.4/2.6 MB | 0.1/30 MBProgress (2): 0.4/2.6 MB | 0.1/30 MBProgress (2): 0.4/2.6 MB | 0.1/30 MBProgress (2): 0.4/2.6 MB | 0.1/30 MBProgress (2): 0.4/2.6 MB | 0.1/30 MBProgress (2): 0.4/2.6 MB | 0.1/30 MBProgress (2): 0.4/2.6 MB | 0.1/30 MBProgress (2): 0.4/2.6 MB | 0.1/30 MBProgress (2): 0.4/2.6 MB | 0.1/30 MBProgress (2): 0.4/2.6 MB | 0.1/30 MBProgress (2): 0.4/2.6 MB | 0.1/30 MBProgress (2): 0.4/2.6 MB | 0.1/30 MBProgress (2): 0.4/2.6 MB | 0.1/30 MBProgress (2): 0.4/2.6 MB | 0.2/30 MBProgress (2): 0.4/2.6 MB | 0.2/30 MBProgress (2): 0.4/2.6 MB | 0.2/30 MBProgress (2): 0.4/2.6 MB | 0.2/30 MBProgress (2): 0.4/2.6 MB | 0.2/30 MBProgress (2): 0.4/2.6 MB | 0.2/30 MBProgress (2): 0.4/2.6 MB | 0.3/30 MBProgress (2): 0.4/2.6 MB | 0.3/30 MBProgress (2): 0.4/2.6 MB | 0.3/30 MBProgress (2): 0.4/2.6 MB | 0.3/30 MBProgress (2): 0.4/2.6 MB | 0.3/30 MBProgress (2): 0.4/2.6 MB | 0.3/30 MBProgress (2): 0.4/2.6 MB | 0.3/30 MBProgress (2): 0.4/2.6 MB | 0.3/30 MBProgress (2): 0.4/2.6 MB | 0.3/30 MBProgress (2): 0.4/2.6 MB | 0.4/30 MBProgress (2): 0.4/2.6 MB | 0.4/30 MBProgress (2): 0.4/2.6 MB | 0.4/30 MBProgress (2): 0.4/2.6 MB | 0.4/30 MBProgress (2): 0.4/2.6 MB | 0.4/30 MBProgress (2): 0.5/2.6 MB | 0.4/30 MBProgress (2): 0.5/2.6 MB | 0.4/30 MBProgress (2): 0.5/2.6 MB | 0.4/30 MBProgress (2): 0.5/2.6 MB | 0.4/30 MBProgress (2): 0.5/2.6 MB | 0.4/30 MBProgress (2): 0.5/2.6 MB | 0.4/30 MBProgress (2): 0.5/2.6 MB | 0.5/30 MBProgress (2): 0.5/2.6 MB | 0.5/30 MBProgress (2): 0.5/2.6 MB | 0.5/30 MBProgress (2): 0.5/2.6 MB | 0.5/30 MBProgress (2): 0.5/2.6 MB | 0.5/30 MBProgress (2): 0.5/2.6 MB | 0.5/30 MBProgress (2): 0.5/2.6 MB | 0.6/30 MBProgress (2): 0.5/2.6 MB | 0.6/30 MBProgress (3): 0.5/2.6 MB | 0.6/30 MB | 0/9.0 MBProgress (3): 0.5/2.6 MB | 0.6/30 MB | 0/9.0 MBProgress (3): 0.5/2.6 MB | 0.6/30 MB | 0/9.0 MBProgress (3): 0.5/2.6 MB | 0.6/30 MB | 0/9.0 MBProgress (3): 0.5/2.6 MB | 0.6/30 MB | 0/9.0 MBProgress (3): 0.5/2.6 MB | 0.6/30 MB | 0/9.0 MBProgress (3): 0.5/2.6 MB | 0.6/30 MB | 0/9.0 MBProgress (3): 0.5/2.6 MB | 0.6/30 MB | 0/9.0 MBProgress (3): 0.5/2.6 MB | 0.6/30 MB | 0/9.0 MBProgress (3): 0.5/2.6 MB | 0.6/30 MB | 0/9.0 MBProgress (3): 0.5/2.6 MB | 0.6/30 MB | 0/9.0 MBProgress (3): 0.5/2.6 MB | 0.6/30 MB | 0/9.0 MBProgress (3): 0.5/2.6 MB | 0.6/30 MB | 0/9.0 MBProgress (3): 0.5/2.6 MB | 0.6/30 MB | 0/9.0 MBProgress (3): 0.5/2.6 MB | 0.6/30 MB | 0/9.0 MBProgress (3): 0.5/2.6 MB | 0.6/30 MB | 0/9.0 MBProgress (3): 0.5/2.6 MB | 0.6/30 MB | 0/9.0 MBProgress (3): 0.5/2.6 MB | 0.6/30 MB | 0/9.0 MBProgress (3): 0.5/2.6 MB | 0.6/30 MB | 0/9.0 MBProgress (3): 0.5/2.6 MB | 0.6/30 MB | 0/9.0 MBProgress (3): 0.5/2.6 MB | 0.6/30 MB | 0/9.0 MBProgress (3): 0.5/2.6 MB | 0.7/30 MB | 0/9.0 MBProgress (3): 0.5/2.6 MB | 0.7/30 MB | 0/9.0 MBProgress (3): 0.5/2.6 MB | 0.7/30 MB | 0/9.0 MBProgress (3): 0.5/2.6 MB | 0.7/30 MB | 0/9.0 MBProgress (3): 0.5/2.6 MB | 0.7/30 MB | 0/9.0 MBProgress (3): 0.5/2.6 MB | 0.7/30 MB | 0/9.0 MBProgress (3): 0.5/2.6 MB | 0.7/30 MB | 0/9.0 MBProgress (3): 0.5/2.6 MB | 0.8/30 MB | 0/9.0 MBProgress (3): 0.5/2.6 MB | 0.8/30 MB | 0/9.0 MBProgress (3): 0.5/2.6 MB | 0.8/30 MB | 0/9.0 MBProgress (3): 0.5/2.6 MB | 0.8/30 MB | 0/9.0 MBProgress (3): 0.5/2.6 MB | 0.8/30 MB | 0/9.0 MBProgress (3): 0.5/2.6 MB | 0.8/30 MB | 0/9.0 MBProgress (3): 0.5/2.6 MB | 0.8/30 MB | 0/9.0 MBProgress (3): 0.5/2.6 MB | 0.8/30 MB | 0/9.0 MBProgress (3): 0.6/2.6 MB | 0.8/30 MB | 0/9.0 MBProgress (3): 0.6/2.6 MB | 0.8/30 MB | 0/9.0 MBProgress (3): 0.6/2.6 MB | 0.8/30 MB | 0/9.0 MBProgress (3): 0.6/2.6 MB | 0.9/30 MB | 0/9.0 MBProgress (3): 0.6/2.6 MB | 0.9/30 MB | 0/9.0 MBProgress (3): 0.6/2.6 MB | 0.9/30 MB | 0/9.0 MBProgress (3): 0.6/2.6 MB | 0.9/30 MB | 0/9.0 MBProgress (3): 0.6/2.6 MB | 0.9/30 MB | 0/9.0 MBProgress (3): 0.6/2.6 MB | 0.9/30 MB | 0/9.0 MBProgress (3): 0.6/2.6 MB | 0.9/30 MB | 0/9.0 MBProgress (3): 0.6/2.6 MB | 0.9/30 MB | 0/9.0 MBProgress (3): 0.6/2.6 MB | 0.9/30 MB | 0/9.0 MBProgress (3): 0.6/2.6 MB | 0.9/30 MB | 0/9.0 MBProgress (3): 0.6/2.6 MB | 0.9/30 MB | 0/9.0 MBProgress (3): 0.7/2.6 MB | 0.9/30 MB | 0/9.0 MBProgress (3): 0.7/2.6 MB | 0.9/30 MB | 0/9.0 MBProgress (3): 0.7/2.6 MB | 0.9/30 MB | 0/9.0 MBProgress (3): 0.7/2.6 MB | 0.9/30 MB | 0/9.0 MBProgress (3): 0.7/2.6 MB | 0.9/30 MB | 0/9.0 MBProgress (3): 0.7/2.6 MB | 0.9/30 MB | 0/9.0 MBProgress (3): 0.7/2.6 MB | 0.9/30 MB | 0/9.0 MBProgress (3): 0.7/2.6 MB | 0.9/30 MB | 0/9.0 MBProgress (3): 0.7/2.6 MB | 1.0/30 MB | 0/9.0 MBProgress (3): 0.7/2.6 MB | 1.0/30 MB | 0/9.0 MBProgress (3): 0.7/2.6 MB | 1.0/30 MB | 0/9.0 MBProgress (3): 0.7/2.6 MB | 1.0/30 MB | 0/9.0 MBProgress (3): 0.7/2.6 MB | 1.0/30 MB | 0/9.0 MBProgress (3): 0.7/2.6 MB | 1.0/30 MB | 0/9.0 MBProgress (3): 0.7/2.6 MB | 1.0/30 MB | 0/9.0 MBProgress (3): 0.7/2.6 MB | 1.0/30 MB | 0/9.0 MBProgress (3): 0.7/2.6 MB | 1.0/30 MB | 0/9.0 MBProgress (3): 0.7/2.6 MB | 1.0/30 MB | 0/9.0 MBProgress (3): 0.7/2.6 MB | 1.0/30 MB | 0/9.0 MBProgress (3): 0.7/2.6 MB | 1.0/30 MB | 0/9.0 MBProgress (3): 0.7/2.6 MB | 1.0/30 MB | 0/9.0 MBProgress (3): 0.7/2.6 MB | 1.0/30 MB | 0/9.0 MBProgress (3): 0.7/2.6 MB | 1.0/30 MB | 0/9.0 MBProgress (3): 0.7/2.6 MB | 1.0/30 MB | 0/9.0 MBProgress (3): 0.7/2.6 MB | 1.0/30 MB | 0/9.0 MBProgress (3): 0.7/2.6 MB | 1.0/30 MB | 0.1/9.0 MBProgress (3): 0.7/2.6 MB | 1.0/30 MB | 0.1/9.0 MBProgress (3): 0.7/2.6 MB | 1.0/30 MB | 0.1/9.0 MBProgress (3): 0.7/2.6 MB | 1.0/30 MB | 0.1/9.0 MBProgress (3): 0.7/2.6 MB | 1.0/30 MB | 0.1/9.0 MBProgress (3): 0.7/2.6 MB | 1.0/30 MB | 0.1/9.0 MBProgress (3): 0.7/2.6 MB | 1.0/30 MB | 0.1/9.0 MBProgress (3): 0.7/2.6 MB | 1.0/30 MB | 0.1/9.0 MBProgress (3): 0.7/2.6 MB | 1.0/30 MB | 0.1/9.0 MBProgress (3): 0.7/2.6 MB | 1.0/30 MB | 0.1/9.0 MBProgress (3): 0.7/2.6 MB | 1.0/30 MB | 0.1/9.0 MBProgress (3): 0.7/2.6 MB | 1.0/30 MB | 0.1/9.0 MBProgress (3): 0.7/2.6 MB | 1.0/30 MB | 0.1/9.0 MBProgress (3): 0.7/2.6 MB | 1.0/30 MB | 0.1/9.0 MBProgress (3): 0.7/2.6 MB | 1.0/30 MB | 0.1/9.0 MBProgress (3): 0.7/2.6 MB | 1.0/30 MB | 0.1/9.0 MBProgress (3): 0.7/2.6 MB | 1.0/30 MB | 0.1/9.0 MBProgress (3): 0.7/2.6 MB | 1.0/30 MB | 0.1/9.0 MBProgress (3): 0.7/2.6 MB | 1.0/30 MB | 0.1/9.0 MBProgress (3): 0.7/2.6 MB | 1.0/30 MB | 0.1/9.0 MBProgress (3): 0.7/2.6 MB | 1.0/30 MB | 0.1/9.0 MBProgress (3): 0.7/2.6 MB | 1.0/30 MB | 0.1/9.0 MBProgress (3): 0.7/2.6 MB | 1.0/30 MB | 0.1/9.0 MBProgress (3): 0.7/2.6 MB | 1.1/30 MB | 0.1/9.0 MBProgress (4): 0.7/2.6 MB | 1.1/30 MB | 0.1/9.0 MB | 0.9/49 kBProgress (4): 0.7/2.6 MB | 1.1/30 MB | 0.1/9.0 MB | 2.3/49 kBProgress (4): 0.7/2.6 MB | 1.1/30 MB | 0.1/9.0 MB | 2.3/49 kBProgress (4): 0.7/2.6 MB | 1.1/30 MB | 0.1/9.0 MB | 3.6/49 kBProgress (4): 0.7/2.6 MB | 1.1/30 MB | 0.1/9.0 MB | 3.6/49 kBProgress (4): 0.7/2.6 MB | 1.1/30 MB | 0.1/9.0 MB | 3.6/49 kBProgress (4): 0.7/2.6 MB | 1.1/30 MB | 0.1/9.0 MB | 5.0/49 kBProgress (4): 0.7/2.6 MB | 1.1/30 MB | 0.1/9.0 MB | 6.4/49 kBProgress (4): 0.7/2.6 MB | 1.1/30 MB | 0.1/9.0 MB | 6.4/49 kBProgress (4): 0.7/2.6 MB | 1.1/30 MB | 0.1/9.0 MB | 7.7/49 kBProgress (4): 0.7/2.6 MB | 1.1/30 MB | 0.1/9.0 MB | 9.1/49 kBProgress (4): 0.7/2.6 MB | 1.1/30 MB | 0.1/9.0 MB | 10/49 kB Progress (4): 0.7/2.6 MB | 1.1/30 MB | 0.1/9.0 MB | 10/49 kBProgress (4): 0.7/2.6 MB | 1.1/30 MB | 0.1/9.0 MB | 12/49 kBProgress (4): 0.7/2.6 MB | 1.1/30 MB | 0.1/9.0 MB | 12/49 kBProgress (4): 0.7/2.6 MB | 1.1/30 MB | 0.1/9.0 MB | 13/49 kBProgress (4): 0.7/2.6 MB | 1.1/30 MB | 0.1/9.0 MB | 15/49 kBProgress (4): 0.7/2.6 MB | 1.1/30 MB | 0.1/9.0 MB | 15/49 kBProgress (4): 0.7/2.6 MB | 1.1/30 MB | 0.1/9.0 MB | 16/49 kBProgress (4): 0.7/2.6 MB | 1.1/30 MB | 0.1/9.0 MB | 16/49 kBProgress (4): 0.7/2.6 MB | 1.1/30 MB | 0.1/9.0 MB | 16/49 kBProgress (4): 0.7/2.6 MB | 1.1/30 MB | 0.1/9.0 MB | 17/49 kBProgress (4): 0.7/2.6 MB | 1.1/30 MB | 0.1/9.0 MB | 19/49 kBProgress (4): 0.7/2.6 MB | 1.1/30 MB | 0.2/9.0 MB | 19/49 kBProgress (4): 0.7/2.6 MB | 1.1/30 MB | 0.2/9.0 MB | 20/49 kBProgress (4): 0.7/2.6 MB | 1.1/30 MB | 0.2/9.0 MB | 21/49 kBProgress (4): 0.7/2.6 MB | 1.1/30 MB | 0.2/9.0 MB | 21/49 kBProgress (4): 0.7/2.6 MB | 1.1/30 MB | 0.2/9.0 MB | 23/49 kBProgress (4): 0.7/2.6 MB | 1.1/30 MB | 0.2/9.0 MB | 24/49 kBProgress (4): 0.7/2.6 MB | 1.1/30 MB | 0.2/9.0 MB | 26/49 kBProgress (4): 0.7/2.6 MB | 1.1/30 MB | 0.2/9.0 MB | 27/49 kBProgress (4): 0.7/2.6 MB | 1.1/30 MB | 0.2/9.0 MB | 28/49 kBProgress (4): 0.7/2.6 MB | 1.1/30 MB | 0.2/9.0 MB | 30/49 kBProgress (4): 0.7/2.6 MB | 1.1/30 MB | 0.2/9.0 MB | 31/49 kBProgress (4): 0.7/2.6 MB | 1.1/30 MB | 0.2/9.0 MB | 32/49 kBProgress (4): 0.7/2.6 MB | 1.1/30 MB | 0.2/9.0 MB | 33/49 kBProgress (4): 0.7/2.6 MB | 1.1/30 MB | 0.2/9.0 MB | 34/49 kBProgress (4): 0.7/2.6 MB | 1.1/30 MB | 0.2/9.0 MB | 36/49 kBProgress (4): 0.7/2.6 MB | 1.1/30 MB | 0.2/9.0 MB | 37/49 kBProgress (4): 0.7/2.6 MB | 1.1/30 MB | 0.2/9.0 MB | 38/49 kBProgress (4): 0.7/2.6 MB | 1.1/30 MB | 0.2/9.0 MB | 40/49 kBProgress (4): 0.7/2.6 MB | 1.1/30 MB | 0.2/9.0 MB | 41/49 kBProgress (4): 0.7/2.6 MB | 1.1/30 MB | 0.2/9.0 MB | 42/49 kBProgress (4): 0.7/2.6 MB | 1.1/30 MB | 0.2/9.0 MB | 44/49 kBProgress (4): 0.7/2.6 MB | 1.1/30 MB | 0.2/9.0 MB | 45/49 kBProgress (4): 0.7/2.6 MB | 1.1/30 MB | 0.2/9.0 MB | 46/49 kBProgress (4): 0.7/2.6 MB | 1.1/30 MB | 0.2/9.0 MB | 48/49 kBProgress (4): 0.7/2.6 MB | 1.1/30 MB | 0.2/9.0 MB | 49/49 kBProgress (4): 0.7/2.6 MB | 1.1/30 MB | 0.2/9.0 MB | 49 kB   Progress (4): 0.7/2.6 MB | 1.1/30 MB | 0.2/9.0 MB | 49 kBProgress (4): 0.7/2.6 MB | 1.1/30 MB | 0.2/9.0 MB | 49 kBProgress (4): 0.8/2.6 MB | 1.1/30 MB | 0.2/9.0 MB | 49 kBProgress (4): 0.8/2.6 MB | 1.1/30 MB | 0.2/9.0 MB | 49 kBProgress (4): 0.8/2.6 MB | 1.1/30 MB | 0.2/9.0 MB | 49 kBProgress (4): 0.8/2.6 MB | 1.1/30 MB | 0.2/9.0 MB | 49 kBProgress (4): 0.8/2.6 MB | 1.1/30 MB | 0.2/9.0 MB | 49 kBProgress (4): 0.8/2.6 MB | 1.1/30 MB | 0.2/9.0 MB | 49 kBProgress (4): 0.9/2.6 MB | 1.1/30 MB | 0.2/9.0 MB | 49 kBProgress (4): 0.9/2.6 MB | 1.1/30 MB | 0.2/9.0 MB | 49 kBProgress (4): 0.9/2.6 MB | 1.1/30 MB | 0.2/9.0 MB | 49 kBProgress (4): 0.9/2.6 MB | 1.1/30 MB | 0.2/9.0 MB | 49 kBProgress (4): 0.9/2.6 MB | 1.1/30 MB | 0.2/9.0 MB | 49 kBProgress (4): 0.9/2.6 MB | 1.1/30 MB | 0.2/9.0 MB | 49 kBProgress (4): 0.9/2.6 MB | 1.1/30 MB | 0.2/9.0 MB | 49 kBProgress (4): 0.9/2.6 MB | 1.1/30 MB | 0.2/9.0 MB | 49 kBProgress (4): 0.9/2.6 MB | 1.1/30 MB | 0.2/9.0 MB | 49 kBProgress (4): 0.9/2.6 MB | 1.2/30 MB | 0.2/9.0 MB | 49 kBProgress (4): 0.9/2.6 MB | 1.2/30 MB | 0.2/9.0 MB | 49 kBProgress (4): 0.9/2.6 MB | 1.2/30 MB | 0.2/9.0 MB | 49 kBProgress (4): 1.0/2.6 MB | 1.2/30 MB | 0.2/9.0 MB | 49 kBProgress (4): 1.0/2.6 MB | 1.2/30 MB | 0.2/9.0 MB | 49 kBProgress (4): 1.0/2.6 MB | 1.2/30 MB | 0.2/9.0 MB | 49 kBProgress (4): 1.0/2.6 MB | 1.2/30 MB | 0.2/9.0 MB | 49 kBProgress (4): 1.0/2.6 MB | 1.2/30 MB | 0.2/9.0 MB | 49 kBProgress (4): 1.0/2.6 MB | 1.2/30 MB | 0.2/9.0 MB | 49 kB                                                         Downloaded from central: https://repo.maven.apache.org/maven2/org/objenesis/objenesis/3.3/objenesis-3.3.jar (49 kB at 915 kB/s)
Progress (3): 1.0/2.6 MB | 1.2/30 MB | 0.2/9.0 MBProgress (3): 1.0/2.6 MB | 1.3/30 MB | 0.2/9.0 MBProgress (3): 1.0/2.6 MB | 1.3/30 MB | 0.2/9.0 MBProgress (3): 1.0/2.6 MB | 1.3/30 MB | 0.2/9.0 MBProgress (3): 1.0/2.6 MB | 1.3/30 MB | 0.2/9.0 MBProgress (3): 1.0/2.6 MB | 1.3/30 MB | 0.2/9.0 MBProgress (3): 1.0/2.6 MB | 1.3/30 MB | 0.2/9.0 MBProgress (3): 1.0/2.6 MB | 1.3/30 MB | 0.2/9.0 MBProgress (3): 1.0/2.6 MB | 1.3/30 MB | 0.2/9.0 MBProgress (3): 1.0/2.6 MB | 1.3/30 MB | 0.2/9.0 MBProgress (3): 1.0/2.6 MB | 1.3/30 MB | 0.2/9.0 MBProgress (3): 1.1/2.6 MB | 1.3/30 MB | 0.2/9.0 MBProgress (3): 1.1/2.6 MB | 1.4/30 MB | 0.2/9.0 MBProgress (3): 1.1/2.6 MB | 1.4/30 MB | 0.2/9.0 MBProgress (3): 1.1/2.6 MB | 1.4/30 MB | 0.2/9.0 MBProgress (3): 1.1/2.6 MB | 1.4/30 MB | 0.2/9.0 MBProgress (3): 1.1/2.6 MB | 1.4/30 MB | 0.2/9.0 MBProgress (3): 1.1/2.6 MB | 1.4/30 MB | 0.2/9.0 MBProgress (3): 1.1/2.6 MB | 1.4/30 MB | 0.2/9.0 MBProgress (3): 1.1/2.6 MB | 1.4/30 MB | 0.2/9.0 MBProgress (3): 1.1/2.6 MB | 1.4/30 MB | 0.2/9.0 MBProgress (3): 1.1/2.6 MB | 1.4/30 MB | 0.2/9.0 MBProgress (3): 1.2/2.6 MB | 1.4/30 MB | 0.2/9.0 MBProgress (3): 1.2/2.6 MB | 1.4/30 MB | 0.2/9.0 MBProgress (3): 1.2/2.6 MB | 1.4/30 MB | 0.2/9.0 MBProgress (3): 1.2/2.6 MB | 1.4/30 MB | 0.2/9.0 MBProgress (3): 1.2/2.6 MB | 1.4/30 MB | 0.2/9.0 MBProgress (3): 1.2/2.6 MB | 1.4/30 MB | 0.2/9.0 MBProgress (3): 1.3/2.6 MB | 1.4/30 MB | 0.2/9.0 MBProgress (3): 1.3/2.6 MB | 1.4/30 MB | 0.2/9.0 MBProgress (3): 1.3/2.6 MB | 1.4/30 MB | 0.2/9.0 MBProgress (3): 1.3/2.6 MB | 1.4/30 MB | 0.2/9.0 MBProgress (3): 1.3/2.6 MB | 1.4/30 MB | 0.2/9.0 MBProgress (3): 1.3/2.6 MB | 1.4/30 MB | 0.2/9.0 MBProgress (3): 1.4/2.6 MB | 1.4/30 MB | 0.2/9.0 MBProgress (3): 1.4/2.6 MB | 1.4/30 MB | 0.2/9.0 MBProgress (3): 1.4/2.6 MB | 1.4/30 MB | 0.2/9.0 MBProgress (3): 1.4/2.6 MB | 1.4/30 MB | 0.2/9.0 MBProgress (3): 1.4/2.6 MB | 1.4/30 MB | 0.2/9.0 MBProgress (3): 1.4/2.6 MB | 1.4/30 MB | 0.2/9.0 MBProgress (3): 1.4/2.6 MB | 1.5/30 MB | 0.2/9.0 MBProgress (3): 1.4/2.6 MB | 1.5/30 MB | 0.2/9.0 MBProgress (3): 1.4/2.6 MB | 1.5/30 MB | 0.2/9.0 MBProgress (3): 1.5/2.6 MB | 1.5/30 MB | 0.2/9.0 MBProgress (3): 1.5/2.6 MB | 1.5/30 MB | 0.2/9.0 MBProgress (3): 1.5/2.6 MB | 1.5/30 MB | 0.2/9.0 MBProgress (3): 1.5/2.6 MB | 1.5/30 MB | 0.2/9.0 MBProgress (3): 1.5/2.6 MB | 1.5/30 MB | 0.2/9.0 MBProgress (3): 1.5/2.6 MB | 1.5/30 MB | 0.2/9.0 MBProgress (3): 1.5/2.6 MB | 1.5/30 MB | 0.2/9.0 MBProgress (3): 1.5/2.6 MB | 1.5/30 MB | 0.2/9.0 MBProgress (3): 1.5/2.6 MB | 1.5/30 MB | 0.2/9.0 MBProgress (3): 1.5/2.6 MB | 1.6/30 MB | 0.2/9.0 MBProgress (3): 1.5/2.6 MB | 1.6/30 MB | 0.2/9.0 MBProgress (3): 1.5/2.6 MB | 1.6/30 MB | 0.2/9.0 MBProgress (3): 1.5/2.6 MB | 1.6/30 MB | 0.2/9.0 MBProgress (3): 1.5/2.6 MB | 1.6/30 MB | 0.2/9.0 MBProgress (3): 1.6/2.6 MB | 1.6/30 MB | 0.2/9.0 MBProgress (3): 1.6/2.6 MB | 1.6/30 MB | 0.2/9.0 MBProgress (3): 1.6/2.6 MB | 1.6/30 MB | 0.2/9.0 MBProgress (3): 1.6/2.6 MB | 1.6/30 MB | 0.2/9.0 MBProgress (3): 1.6/2.6 MB | 1.6/30 MB | 0.2/9.0 MBProgress (3): 1.6/2.6 MB | 1.6/30 MB | 0.2/9.0 MBProgress (3): 1.6/2.6 MB | 1.6/30 MB | 0.2/9.0 MBProgress (3): 1.6/2.6 MB | 1.6/30 MB | 0.2/9.0 MBProgress (3): 1.6/2.6 MB | 1.6/30 MB | 0.2/9.0 MBProgress (3): 1.6/2.6 MB | 1.6/30 MB | 0.2/9.0 MBProgress (3): 1.6/2.6 MB | 1.6/30 MB | 0.2/9.0 MBProgress (3): 1.6/2.6 MB | 1.6/30 MB | 0.2/9.0 MBProgress (3): 1.6/2.6 MB | 1.6/30 MB | 0.2/9.0 MBProgress (3): 1.6/2.6 MB | 1.6/30 MB | 0.2/9.0 MBProgress (3): 1.6/2.6 MB | 1.6/30 MB | 0.2/9.0 MBProgress (3): 1.6/2.6 MB | 1.6/30 MB | 0.2/9.0 MBProgress (3): 1.6/2.6 MB | 1.6/30 MB | 0.2/9.0 MBProgress (3): 1.6/2.6 MB | 1.6/30 MB | 0.2/9.0 MBProgress (3): 1.6/2.6 MB | 1.6/30 MB | 0.2/9.0 MBProgress (3): 1.6/2.6 MB | 1.6/30 MB | 0.2/9.0 MBProgress (3): 1.6/2.6 MB | 1.6/30 MB | 0.2/9.0 MBProgress (3): 1.6/2.6 MB | 1.6/30 MB | 0.2/9.0 MBProgress (3): 1.6/2.6 MB | 1.7/30 MB | 0.2/9.0 MBProgress (3): 1.6/2.6 MB | 1.7/30 MB | 0.2/9.0 MBProgress (3): 1.6/2.6 MB | 1.7/30 MB | 0.2/9.0 MBProgress (3): 1.6/2.6 MB | 1.7/30 MB | 0.2/9.0 MBProgress (3): 1.6/2.6 MB | 1.7/30 MB | 0.3/9.0 MBProgress (3): 1.6/2.6 MB | 1.7/30 MB | 0.3/9.0 MBProgress (3): 1.6/2.6 MB | 1.7/30 MB | 0.3/9.0 MBProgress (3): 1.6/2.6 MB | 1.7/30 MB | 0.3/9.0 MBProgress (3): 1.7/2.6 MB | 1.7/30 MB | 0.3/9.0 MBProgress (3): 1.7/2.6 MB | 1.7/30 MB | 0.3/9.0 MBProgress (3): 1.7/2.6 MB | 1.7/30 MB | 0.3/9.0 MBProgress (3): 1.7/2.6 MB | 1.7/30 MB | 0.3/9.0 MBProgress (3): 1.7/2.6 MB | 1.7/30 MB | 0.3/9.0 MBProgress (3): 1.7/2.6 MB | 1.7/30 MB | 0.3/9.0 MBProgress (3): 1.7/2.6 MB | 1.7/30 MB | 0.3/9.0 MBProgress (3): 1.7/2.6 MB | 1.7/30 MB | 0.3/9.0 MBProgress (3): 1.7/2.6 MB | 1.8/30 MB | 0.3/9.0 MBProgress (3): 1.7/2.6 MB | 1.8/30 MB | 0.3/9.0 MBProgress (3): 1.7/2.6 MB | 1.8/30 MB | 0.3/9.0 MBProgress (3): 1.7/2.6 MB | 1.8/30 MB | 0.3/9.0 MBProgress (3): 1.7/2.6 MB | 1.8/30 MB | 0.3/9.0 MBProgress (3): 1.7/2.6 MB | 1.8/30 MB | 0.3/9.0 MBProgress (3): 1.7/2.6 MB | 1.8/30 MB | 0.3/9.0 MBProgress (3): 1.8/2.6 MB | 1.8/30 MB | 0.3/9.0 MBProgress (3): 1.8/2.6 MB | 1.8/30 MB | 0.3/9.0 MBProgress (3): 1.8/2.6 MB | 1.8/30 MB | 0.3/9.0 MBProgress (3): 1.8/2.6 MB | 1.8/30 MB | 0.4/9.0 MBProgress (3): 1.8/2.6 MB | 1.8/30 MB | 0.4/9.0 MBProgress (3): 1.8/2.6 MB | 1.8/30 MB | 0.4/9.0 MBProgress (3): 1.8/2.6 MB | 1.8/30 MB | 0.4/9.0 MBProgress (3): 1.8/2.6 MB | 1.8/30 MB | 0.4/9.0 MBProgress (3): 1.8/2.6 MB | 1.8/30 MB | 0.4/9.0 MBProgress (3): 1.8/2.6 MB | 1.8/30 MB | 0.4/9.0 MBProgress (3): 1.9/2.6 MB | 1.8/30 MB | 0.4/9.0 MBProgress (3): 1.9/2.6 MB | 1.8/30 MB | 0.4/9.0 MBProgress (3): 1.9/2.6 MB | 1.8/30 MB | 0.4/9.0 MBProgress (3): 1.9/2.6 MB | 1.8/30 MB | 0.4/9.0 MBProgress (3): 1.9/2.6 MB | 1.8/30 MB | 0.4/9.0 MBProgress (3): 1.9/2.6 MB | 1.8/30 MB | 0.4/9.0 MBProgress (3): 1.9/2.6 MB | 1.8/30 MB | 0.4/9.0 MBProgress (3): 1.9/2.6 MB | 1.8/30 MB | 0.4/9.0 MBProgress (3): 1.9/2.6 MB | 1.8/30 MB | 0.4/9.0 MBProgress (3): 1.9/2.6 MB | 1.8/30 MB | 0.4/9.0 MBProgress (3): 2.0/2.6 MB | 1.8/30 MB | 0.4/9.0 MBProgress (3): 2.0/2.6 MB | 1.8/30 MB | 0.4/9.0 MBProgress (3): 2.0/2.6 MB | 1.9/30 MB | 0.4/9.0 MBProgress (3): 2.0/2.6 MB | 1.9/30 MB | 0.4/9.0 MBProgress (3): 2.0/2.6 MB | 1.9/30 MB | 0.4/9.0 MBProgress (3): 2.0/2.6 MB | 1.9/30 MB | 0.4/9.0 MBProgress (3): 2.0/2.6 MB | 1.9/30 MB | 0.4/9.0 MBProgress (3): 2.0/2.6 MB | 1.9/30 MB | 0.4/9.0 MBProgress (3): 2.0/2.6 MB | 2.0/30 MB | 0.4/9.0 MBProgress (3): 2.0/2.6 MB | 2.0/30 MB | 0.4/9.0 MBProgress (3): 2.0/2.6 MB | 2.0/30 MB | 0.4/9.0 MBProgress (3): 2.0/2.6 MB | 2.0/30 MB | 0.4/9.0 MBProgress (3): 2.0/2.6 MB | 2.0/30 MB | 0.4/9.0 MBProgress (3): 2.0/2.6 MB | 2.0/30 MB | 0.4/9.0 MBProgress (3): 2.0/2.6 MB | 2.1/30 MB | 0.4/9.0 MBProgress (3): 2.0/2.6 MB | 2.1/30 MB | 0.4/9.0 MBProgress (3): 2.0/2.6 MB | 2.1/30 MB | 0.4/9.0 MBProgress (3): 2.0/2.6 MB | 2.1/30 MB | 0.4/9.0 MBProgress (3): 2.0/2.6 MB | 2.1/30 MB | 0.4/9.0 MBProgress (3): 2.0/2.6 MB | 2.1/30 MB | 0.4/9.0 MBProgress (3): 2.0/2.6 MB | 2.1/30 MB | 0.4/9.0 MBProgress (3): 2.0/2.6 MB | 2.1/30 MB | 0.4/9.0 MBProgress (3): 2.0/2.6 MB | 2.1/30 MB | 0.4/9.0 MBProgress (3): 2.0/2.6 MB | 2.1/30 MB | 0.4/9.0 MBProgress (3): 2.0/2.6 MB | 2.1/30 MB | 0.4/9.0 MBProgress (3): 2.0/2.6 MB | 2.1/30 MB | 0.4/9.0 MBProgress (3): 2.1/2.6 MB | 2.1/30 MB | 0.4/9.0 MBProgress (3): 2.1/2.6 MB | 2.1/30 MB | 0.4/9.0 MBProgress (3): 2.1/2.6 MB | 2.1/30 MB | 0.5/9.0 MBProgress (3): 2.1/2.6 MB | 2.1/30 MB | 0.5/9.0 MBProgress (3): 2.1/2.6 MB | 2.1/30 MB | 0.5/9.0 MBProgress (3): 2.1/2.6 MB | 2.1/30 MB | 0.5/9.0 MBProgress (3): 2.1/2.6 MB | 2.1/30 MB | 0.5/9.0 MBProgress (3): 2.1/2.6 MB | 2.1/30 MB | 0.5/9.0 MBProgress (3): 2.1/2.6 MB | 2.1/30 MB | 0.5/9.0 MBProgress (3): 2.1/2.6 MB | 2.1/30 MB | 0.5/9.0 MBProgress (3): 2.1/2.6 MB | 2.1/30 MB | 0.5/9.0 MBProgress (3): 2.1/2.6 MB | 2.1/30 MB | 0.5/9.0 MBProgress (3): 2.1/2.6 MB | 2.1/30 MB | 0.5/9.0 MBProgress (3): 2.1/2.6 MB | 2.1/30 MB | 0.6/9.0 MBProgress (3): 2.1/2.6 MB | 2.1/30 MB | 0.6/9.0 MBProgress (3): 2.1/2.6 MB | 2.1/30 MB | 0.6/9.0 MBProgress (3): 2.1/2.6 MB | 2.2/30 MB | 0.6/9.0 MBProgress (3): 2.1/2.6 MB | 2.2/30 MB | 0.6/9.0 MBProgress (3): 2.2/2.6 MB | 2.2/30 MB | 0.6/9.0 MBProgress (3): 2.2/2.6 MB | 2.2/30 MB | 0.6/9.0 MBProgress (3): 2.2/2.6 MB | 2.2/30 MB | 0.6/9.0 MBProgress (3): 2.2/2.6 MB | 2.2/30 MB | 0.6/9.0 MBProgress (3): 2.2/2.6 MB | 2.2/30 MB | 0.6/9.0 MBProgress (3): 2.2/2.6 MB | 2.2/30 MB | 0.6/9.0 MBProgress (3): 2.2/2.6 MB | 2.2/30 MB | 0.6/9.0 MBProgress (3): 2.2/2.6 MB | 2.2/30 MB | 0.6/9.0 MBProgress (3): 2.2/2.6 MB | 2.2/30 MB | 0.6/9.0 MBProgress (3): 2.2/2.6 MB | 2.2/30 MB | 0.6/9.0 MBProgress (3): 2.2/2.6 MB | 2.2/30 MB | 0.6/9.0 MBProgress (3): 2.2/2.6 MB | 2.2/30 MB | 0.6/9.0 MBProgress (3): 2.2/2.6 MB | 2.2/30 MB | 0.6/9.0 MBProgress (3): 2.2/2.6 MB | 2.3/30 MB | 0.6/9.0 MBProgress (3): 2.2/2.6 MB | 2.3/30 MB | 0.6/9.0 MBProgress (3): 2.2/2.6 MB | 2.3/30 MB | 0.6/9.0 MBProgress (3): 2.3/2.6 MB | 2.3/30 MB | 0.6/9.0 MBProgress (3): 2.3/2.6 MB | 2.3/30 MB | 0.6/9.0 MBProgress (3): 2.3/2.6 MB | 2.3/30 MB | 0.6/9.0 MBProgress (3): 2.3/2.6 MB | 2.3/30 MB | 0.6/9.0 MBProgress (3): 2.3/2.6 MB | 2.3/30 MB | 0.6/9.0 MBProgress (3): 2.3/2.6 MB | 2.3/30 MB | 0.6/9.0 MBProgress (3): 2.3/2.6 MB | 2.3/30 MB | 0.6/9.0 MBProgress (3): 2.3/2.6 MB | 2.3/30 MB | 0.6/9.0 MBProgress (3): 2.3/2.6 MB | 2.4/30 MB | 0.6/9.0 MBProgress (3): 2.3/2.6 MB | 2.4/30 MB | 0.6/9.0 MBProgress (3): 2.3/2.6 MB | 2.4/30 MB | 0.6/9.0 MBProgress (3): 2.3/2.6 MB | 2.4/30 MB | 0.6/9.0 MBProgress (3): 2.3/2.6 MB | 2.4/30 MB | 0.6/9.0 MBProgress (3): 2.4/2.6 MB | 2.4/30 MB | 0.6/9.0 MBProgress (3): 2.4/2.6 MB | 2.4/30 MB | 0.6/9.0 MBProgress (3): 2.4/2.6 MB | 2.4/30 MB | 0.6/9.0 MBProgress (3): 2.4/2.6 MB | 2.4/30 MB | 0.6/9.0 MBProgress (3): 2.4/2.6 MB | 2.4/30 MB | 0.6/9.0 MBProgress (3): 2.4/2.6 MB | 2.4/30 MB | 0.6/9.0 MBProgress (3): 2.4/2.6 MB | 2.4/30 MB | 0.6/9.0 MBProgress (3): 2.4/2.6 MB | 2.4/30 MB | 0.6/9.0 MBProgress (3): 2.4/2.6 MB | 2.4/30 MB | 0.6/9.0 MBProgress (3): 2.4/2.6 MB | 2.4/30 MB | 0.6/9.0 MBProgress (3): 2.4/2.6 MB | 2.4/30 MB | 0.6/9.0 MBProgress (3): 2.4/2.6 MB | 2.4/30 MB | 0.7/9.0 MBProgress (3): 2.5/2.6 MB | 2.4/30 MB | 0.7/9.0 MBProgress (3): 2.5/2.6 MB | 2.4/30 MB | 0.7/9.0 MBProgress (3): 2.5/2.6 MB | 2.4/30 MB | 0.7/9.0 MBProgress (3): 2.5/2.6 MB | 2.4/30 MB | 0.7/9.0 MBProgress (3): 2.5/2.6 MB | 2.4/30 MB | 0.7/9.0 MBProgress (3): 2.5/2.6 MB | 2.5/30 MB | 0.7/9.0 MBProgress (3): 2.5/2.6 MB | 2.5/30 MB | 0.7/9.0 MBProgress (3): 2.5/2.6 MB | 2.5/30 MB | 0.7/9.0 MBProgress (3): 2.5/2.6 MB | 2.5/30 MB | 0.7/9.0 MBProgress (3): 2.5/2.6 MB | 2.5/30 MB | 0.7/9.0 MBProgress (3): 2.5/2.6 MB | 2.5/30 MB | 0.7/9.0 MBProgress (3): 2.5/2.6 MB | 2.5/30 MB | 0.7/9.0 MBProgress (3): 2.5/2.6 MB | 2.5/30 MB | 0.7/9.0 MBProgress (3): 2.5/2.6 MB | 2.5/30 MB | 0.7/9.0 MBProgress (3): 2.6/2.6 MB | 2.5/30 MB | 0.7/9.0 MBProgress (3): 2.6/2.6 MB | 2.5/30 MB | 0.7/9.0 MBProgress (3): 2.6/2.6 MB | 2.5/30 MB | 0.7/9.0 MBProgress (3): 2.6/2.6 MB | 2.5/30 MB | 0.7/9.0 MBProgress (3): 2.6/2.6 MB | 2.5/30 MB | 0.7/9.0 MBProgress (3): 2.6/2.6 MB | 2.5/30 MB | 0.8/9.0 MBProgress (3): 2.6/2.6 MB | 2.5/30 MB | 0.8/9.0 MBProgress (3): 2.6/2.6 MB | 2.5/30 MB | 0.8/9.0 MBProgress (3): 2.6 MB | 2.5/30 MB | 0.8/9.0 MB    Progress (3): 2.6 MB | 2.6/30 MB | 0.8/9.0 MBProgress (3): 2.6 MB | 2.6/30 MB | 0.8/9.0 MBProgress (3): 2.6 MB | 2.6/30 MB | 0.8/9.0 MBProgress (3): 2.6 MB | 2.6/30 MB | 0.8/9.0 MBProgress (3): 2.6 MB | 2.6/30 MB | 0.8/9.0 MBProgress (3): 2.6 MB | 2.6/30 MB | 0.8/9.0 MBProgress (3): 2.6 MB | 2.6/30 MB | 0.8/9.0 MBProgress (3): 2.6 MB | 2.6/30 MB | 0.8/9.0 MBProgress (3): 2.6 MB | 2.6/30 MB | 0.8/9.0 MBProgress (3): 2.6 MB | 2.6/30 MB | 0.8/9.0 MBProgress (3): 2.6 MB | 2.7/30 MB | 0.8/9.0 MBProgress (3): 2.6 MB | 2.7/30 MB | 0.8/9.0 MBProgress (3): 2.6 MB | 2.7/30 MB | 0.8/9.0 MBProgress (3): 2.6 MB | 2.7/30 MB | 0.8/9.0 MB                                             Downloaded from central: https://repo.maven.apache.org/maven2/org/graylog/shaded/elasticsearch-rest-client-sniffer7/7.9.1-0/elasticsearch-rest-client-sniffer7-7.9.1-0.jar (2.6 MB at 33 MB/s)
Progress (2): 2.7/30 MB | 0.8/9.0 MBProgress (2): 2.7/30 MB | 0.8/9.0 MBProgress (2): 2.7/30 MB | 0.8/9.0 MBProgress (2): 2.8/30 MB | 0.8/9.0 MBProgress (2): 2.8/30 MB | 0.8/9.0 MBProgress (2): 2.8/30 MB | 0.8/9.0 MBProgress (2): 2.8/30 MB | 0.8/9.0 MBProgress (2): 2.8/30 MB | 0.8/9.0 MBProgress (2): 2.8/30 MB | 0.8/9.0 MBProgress (2): 2.9/30 MB | 0.8/9.0 MBProgress (2): 2.9/30 MB | 0.8/9.0 MBProgress (2): 2.9/30 MB | 0.8/9.0 MBProgress (2): 2.9/30 MB | 0.8/9.0 MBProgress (2): 2.9/30 MB | 0.8/9.0 MBProgress (2): 2.9/30 MB | 0.8/9.0 MBProgress (2): 3.0/30 MB | 0.8/9.0 MBProgress (2): 3.0/30 MB | 0.8/9.0 MBProgress (2): 3.0/30 MB | 0.8/9.0 MBProgress (2): 3.0/30 MB | 0.8/9.0 MBProgress (2): 3.0/30 MB | 0.8/9.0 MBProgress (2): 3.0/30 MB | 0.8/9.0 MBProgress (2): 3.0/30 MB | 0.8/9.0 MBProgress (2): 3.1/30 MB | 0.8/9.0 MBProgress (2): 3.1/30 MB | 0.8/9.0 MBProgress (2): 3.1/30 MB | 0.8/9.0 MBProgress (2): 3.1/30 MB | 0.9/9.0 MBProgress (2): 3.1/30 MB | 0.9/9.0 MBProgress (2): 3.1/30 MB | 0.9/9.0 MBProgress (2): 3.1/30 MB | 0.9/9.0 MBProgress (2): 3.1/30 MB | 0.9/9.0 MBProgress (2): 3.1/30 MB | 0.9/9.0 MBProgress (2): 3.1/30 MB | 0.9/9.0 MBProgress (2): 3.1/30 MB | 0.9/9.0 MBProgress (2): 3.1/30 MB | 1.0/9.0 MBProgress (2): 3.1/30 MB | 1.0/9.0 MBProgress (2): 3.1/30 MB | 1.0/9.0 MBProgress (2): 3.1/30 MB | 1.0/9.0 MBProgress (2): 3.1/30 MB | 1.0/9.0 MBProgress (2): 3.1/30 MB | 1.0/9.0 MBProgress (2): 3.1/30 MB | 1.1/9.0 MBProgress (2): 3.1/30 MB | 1.1/9.0 MBProgress (2): 3.1/30 MB | 1.1/9.0 MBProgress (2): 3.1/30 MB | 1.1/9.0 MBProgress (2): 3.1/30 MB | 1.1/9.0 MBProgress (2): 3.1/30 MB | 1.1/9.0 MBProgress (2): 3.1/30 MB | 1.1/9.0 MBProgress (2): 3.1/30 MB | 1.2/9.0 MBProgress (2): 3.1/30 MB | 1.2/9.0 MBProgress (2): 3.2/30 MB | 1.2/9.0 MBProgress (2): 3.2/30 MB | 1.2/9.0 MBProgress (2): 3.2/30 MB | 1.2/9.0 MBProgress (2): 3.2/30 MB | 1.2/9.0 MBProgress (2): 3.2/30 MB | 1.2/9.0 MBProgress (2): 3.2/30 MB | 1.2/9.0 MBProgress (2): 3.2/30 MB | 1.2/9.0 MBProgress (2): 3.2/30 MB | 1.2/9.0 MBProgress (2): 3.2/30 MB | 1.2/9.0 MBProgress (2): 3.2/30 MB | 1.2/9.0 MBProgress (2): 3.2/30 MB | 1.2/9.0 MBProgress (2): 3.2/30 MB | 1.3/9.0 MBProgress (2): 3.2/30 MB | 1.3/9.0 MBProgress (2): 3.2/30 MB | 1.3/9.0 MBProgress (2): 3.3/30 MB | 1.3/9.0 MBProgress (2): 3.3/30 MB | 1.3/9.0 MBProgress (2): 3.3/30 MB | 1.3/9.0 MBProgress (2): 3.3/30 MB | 1.3/9.0 MBProgress (2): 3.3/30 MB | 1.3/9.0 MBProgress (2): 3.3/30 MB | 1.4/9.0 MBProgress (2): 3.3/30 MB | 1.4/9.0 MBProgress (2): 3.3/30 MB | 1.4/9.0 MBProgress (2): 3.3/30 MB | 1.4/9.0 MBProgress (2): 3.3/30 MB | 1.4/9.0 MBProgress (2): 3.3/30 MB | 1.4/9.0 MBProgress (2): 3.3/30 MB | 1.4/9.0 MBProgress (2): 3.3/30 MB | 1.4/9.0 MBProgress (2): 3.3/30 MB | 1.4/9.0 MBProgress (2): 3.3/30 MB | 1.4/9.0 MBProgress (2): 3.3/30 MB | 1.4/9.0 MBProgress (2): 3.3/30 MB | 1.5/9.0 MBProgress (2): 3.4/30 MB | 1.5/9.0 MBProgress (2): 3.4/30 MB | 1.5/9.0 MBProgress (2): 3.4/30 MB | 1.5/9.0 MBProgress (2): 3.4/30 MB | 1.5/9.0 MBProgress (2): 3.4/30 MB | 1.5/9.0 MBProgress (2): 3.4/30 MB | 1.5/9.0 MBProgress (2): 3.4/30 MB | 1.5/9.0 MBProgress (2): 3.4/30 MB | 1.5/9.0 MBProgress (2): 3.4/30 MB | 1.6/9.0 MBProgress (2): 3.4/30 MB | 1.6/9.0 MBProgress (2): 3.4/30 MB | 1.6/9.0 MBProgress (2): 3.4/30 MB | 1.6/9.0 MBProgress (2): 3.4/30 MB | 1.6/9.0 MBProgress (2): 3.4/30 MB | 1.6/9.0 MBProgress (2): 3.4/30 MB | 1.6/9.0 MBProgress (2): 3.4/30 MB | 1.6/9.0 MBProgress (2): 3.4/30 MB | 1.6/9.0 MBProgress (2): 3.4/30 MB | 1.6/9.0 MBProgress (2): 3.5/30 MB | 1.6/9.0 MBProgress (2): 3.5/30 MB | 1.6/9.0 MBProgress (2): 3.5/30 MB | 1.6/9.0 MBProgress (2): 3.5/30 MB | 1.6/9.0 MBProgress (2): 3.5/30 MB | 1.6/9.0 MBProgress (2): 3.5/30 MB | 1.6/9.0 MBProgress (2): 3.5/30 MB | 1.6/9.0 MBProgress (2): 3.6/30 MB | 1.6/9.0 MBProgress (2): 3.6/30 MB | 1.6/9.0 MBProgress (2): 3.6/30 MB | 1.6/9.0 MBProgress (2): 3.6/30 MB | 1.6/9.0 MBProgress (2): 3.6/30 MB | 1.6/9.0 MBProgress (2): 3.6/30 MB | 1.6/9.0 MBProgress (2): 3.7/30 MB | 1.6/9.0 MBProgress (2): 3.7/30 MB | 1.6/9.0 MBProgress (2): 3.7/30 MB | 1.6/9.0 MBProgress (2): 3.7/30 MB | 1.6/9.0 MBProgress (2): 3.7/30 MB | 1.6/9.0 MBProgress (2): 3.7/30 MB | 1.6/9.0 MBProgress (2): 3.8/30 MB | 1.6/9.0 MBProgress (2): 3.8/30 MB | 1.7/9.0 MBProgress (2): 3.8/30 MB | 1.7/9.0 MBProgress (2): 3.8/30 MB | 1.7/9.0 MBProgress (2): 3.8/30 MB | 1.7/9.0 MBProgress (2): 3.8/30 MB | 1.7/9.0 MBProgress (2): 3.8/30 MB | 1.7/9.0 MBProgress (2): 3.9/30 MB | 1.7/9.0 MBProgress (2): 3.9/30 MB | 1.7/9.0 MBProgress (2): 3.9/30 MB | 1.7/9.0 MBProgress (2): 3.9/30 MB | 1.7/9.0 MBProgress (2): 3.9/30 MB | 1.7/9.0 MBProgress (2): 3.9/30 MB | 1.7/9.0 MBProgress (2): 3.9/30 MB | 1.7/9.0 MBProgress (2): 3.9/30 MB | 1.7/9.0 MBProgress (2): 4.0/30 MB | 1.7/9.0 MBProgress (2): 4.0/30 MB | 1.7/9.0 MBProgress (2): 4.0/30 MB | 1.7/9.0 MBProgress (2): 4.0/30 MB | 1.7/9.0 MBProgress (2): 4.0/30 MB | 1.7/9.0 MBProgress (2): 4.0/30 MB | 1.7/9.0 MBProgress (2): 4.0/30 MB | 1.7/9.0 MBProgress (2): 4.1/30 MB | 1.7/9.0 MBProgress (2): 4.1/30 MB | 1.7/9.0 MBProgress (2): 4.1/30 MB | 1.7/9.0 MBProgress (2): 4.1/30 MB | 1.7/9.0 MBProgress (2): 4.1/30 MB | 1.7/9.0 MBProgress (2): 4.1/30 MB | 1.7/9.0 MBProgress (2): 4.1/30 MB | 1.7/9.0 MBProgress (2): 4.2/30 MB | 1.7/9.0 MBProgress (2): 4.2/30 MB | 1.7/9.0 MBProgress (2): 4.2/30 MB | 1.7/9.0 MBProgress (2): 4.2/30 MB | 1.7/9.0 MBProgress (2): 4.2/30 MB | 1.7/9.0 MBProgress (2): 4.2/30 MB | 1.7/9.0 MBProgress (2): 4.2/30 MB | 1.7/9.0 MBProgress (2): 4.2/30 MB | 1.7/9.0 MBProgress (2): 4.2/30 MB | 1.8/9.0 MBProgress (2): 4.3/30 MB | 1.8/9.0 MBProgress (2): 4.3/30 MB | 1.8/9.0 MBProgress (2): 4.3/30 MB | 1.8/9.0 MBProgress (2): 4.3/30 MB | 1.8/9.0 MBProgress (2): 4.3/30 MB | 1.8/9.0 MBProgress (2): 4.3/30 MB | 1.8/9.0 MBProgress (2): 4.3/30 MB | 1.8/9.0 MBProgress (2): 4.3/30 MB | 1.8/9.0 MBProgress (2): 4.3/30 MB | 1.8/9.0 MBProgress (2): 4.3/30 MB | 1.8/9.0 MBProgress (2): 4.3/30 MB | 1.8/9.0 MBProgress (2): 4.3/30 MB | 1.8/9.0 MBProgress (2): 4.4/30 MB | 1.8/9.0 MBProgress (2): 4.4/30 MB | 1.9/9.0 MBProgress (2): 4.4/30 MB | 1.9/9.0 MBProgress (2): 4.4/30 MB | 1.9/9.0 MBProgress (2): 4.4/30 MB | 1.9/9.0 MBProgress (2): 4.4/30 MB | 1.9/9.0 MBProgress (2): 4.4/30 MB | 1.9/9.0 MBProgress (2): 4.5/30 MB | 1.9/9.0 MBProgress (2): 4.5/30 MB | 1.9/9.0 MBProgress (2): 4.5/30 MB | 1.9/9.0 MBProgress (2): 4.5/30 MB | 1.9/9.0 MBProgress (2): 4.5/30 MB | 1.9/9.0 MBProgress (2): 4.5/30 MB | 1.9/9.0 MBProgress (2): 4.6/30 MB | 1.9/9.0 MBProgress (2): 4.6/30 MB | 1.9/9.0 MBProgress (2): 4.6/30 MB | 1.9/9.0 MBProgress (2): 4.6/30 MB | 1.9/9.0 MBProgress (2): 4.6/30 MB | 1.9/9.0 MBProgress (2): 4.6/30 MB | 1.9/9.0 MBProgress (2): 4.7/30 MB | 1.9/9.0 MBProgress (2): 4.7/30 MB | 1.9/9.0 MBProgress (2): 4.7/30 MB | 1.9/9.0 MBProgress (2): 4.7/30 MB | 1.9/9.0 MBProgress (2): 4.7/30 MB | 1.9/9.0 MBProgress (2): 4.7/30 MB | 1.9/9.0 MBProgress (2): 4.7/30 MB | 1.9/9.0 MBProgress (2): 4.7/30 MB | 1.9/9.0 MBProgress (2): 4.7/30 MB | 1.9/9.0 MBProgress (2): 4.7/30 MB | 1.9/9.0 MBProgress (2): 4.7/30 MB | 1.9/9.0 MBProgress (2): 4.8/30 MB | 1.9/9.0 MBProgress (2): 4.8/30 MB | 2.0/9.0 MBProgress (2): 4.8/30 MB | 2.0/9.0 MBProgress (2): 4.8/30 MB | 2.0/9.0 MBProgress (2): 4.8/30 MB | 2.0/9.0 MBProgress (2): 4.8/30 MB | 2.0/9.0 MBProgress (2): 4.8/30 MB | 2.0/9.0 MBProgress (2): 4.8/30 MB | 2.0/9.0 MBProgress (2): 4.8/30 MB | 2.0/9.0 MBProgress (2): 4.8/30 MB | 2.0/9.0 MBProgress (2): 4.8/30 MB | 2.0/9.0 MBProgress (2): 4.8/30 MB | 2.0/9.0 MBProgress (2): 4.8/30 MB | 2.0/9.0 MBProgress (2): 4.8/30 MB | 2.1/9.0 MBProgress (2): 4.9/30 MB | 2.1/9.0 MBProgress (2): 4.9/30 MB | 2.1/9.0 MBProgress (2): 4.9/30 MB | 2.1/9.0 MBProgress (2): 4.9/30 MB | 2.1/9.0 MBProgress (2): 4.9/30 MB | 2.1/9.0 MBProgress (2): 4.9/30 MB | 2.1/9.0 MBProgress (2): 4.9/30 MB | 2.1/9.0 MBProgress (2): 5.0/30 MB | 2.1/9.0 MBProgress (2): 5.0/30 MB | 2.1/9.0 MBProgress (2): 5.0/30 MB | 2.1/9.0 MBProgress (2): 5.0/30 MB | 2.1/9.0 MBProgress (2): 5.0/30 MB | 2.1/9.0 MBProgress (2): 5.0/30 MB | 2.1/9.0 MBProgress (2): 5.1/30 MB | 2.1/9.0 MBProgress (2): 5.1/30 MB | 2.1/9.0 MBProgress (2): 5.1/30 MB | 2.1/9.0 MBProgress (2): 5.1/30 MB | 2.1/9.0 MBProgress (2): 5.1/30 MB | 2.1/9.0 MBProgress (2): 5.1/30 MB | 2.1/9.0 MBProgress (2): 5.1/30 MB | 2.1/9.0 MBProgress (2): 5.1/30 MB | 2.1/9.0 MBProgress (2): 5.2/30 MB | 2.1/9.0 MBProgress (2): 5.2/30 MB | 2.1/9.0 MBProgress (2): 5.2/30 MB | 2.1/9.0 MBProgress (2): 5.2/30 MB | 2.1/9.0 MBProgress (2): 5.2/30 MB | 2.1/9.0 MBProgress (2): 5.2/30 MB | 2.1/9.0 MBProgress (2): 5.2/30 MB | 2.1/9.0 MBProgress (2): 5.2/30 MB | 2.1/9.0 MBProgress (2): 5.2/30 MB | 2.1/9.0 MBProgress (2): 5.3/30 MB | 2.1/9.0 MBProgress (2): 5.3/30 MB | 2.1/9.0 MBProgress (2): 5.3/30 MB | 2.1/9.0 MBProgress (2): 5.3/30 MB | 2.1/9.0 MBProgress (2): 5.3/30 MB | 2.1/9.0 MBProgress (2): 5.3/30 MB | 2.2/9.0 MBProgress (2): 5.3/30 MB | 2.2/9.0 MBProgress (2): 5.4/30 MB | 2.2/9.0 MBProgress (2): 5.4/30 MB | 2.2/9.0 MBProgress (2): 5.4/30 MB | 2.2/9.0 MBProgress (2): 5.4/30 MB | 2.2/9.0 MBProgress (2): 5.4/30 MB | 2.2/9.0 MBProgress (2): 5.4/30 MB | 2.2/9.0 MBProgress (2): 5.4/30 MB | 2.2/9.0 MBProgress (2): 5.4/30 MB | 2.2/9.0 MBProgress (2): 5.4/30 MB | 2.2/9.0 MBProgress (2): 5.4/30 MB | 2.2/9.0 MBProgress (2): 5.4/30 MB | 2.2/9.0 MBProgress (2): 5.5/30 MB | 2.2/9.0 MBProgress (2): 5.5/30 MB | 2.3/9.0 MBProgress (2): 5.5/30 MB | 2.3/9.0 MBProgress (2): 5.5/30 MB | 2.3/9.0 MBProgress (2): 5.5/30 MB | 2.3/9.0 MBProgress (2): 5.5/30 MB | 2.3/9.0 MBProgress (2): 5.5/30 MB | 2.3/9.0 MBProgress (2): 5.5/30 MB | 2.3/9.0 MBProgress (2): 5.5/30 MB | 2.3/9.0 MBProgress (2): 5.5/30 MB | 2.3/9.0 MBProgress (2): 5.5/30 MB | 2.3/9.0 MBProgress (2): 5.5/30 MB | 2.4/9.0 MBProgress (2): 5.5/30 MB | 2.4/9.0 MBProgress (2): 5.5/30 MB | 2.4/9.0 MBProgress (2): 5.6/30 MB | 2.4/9.0 MBProgress (2): 5.6/30 MB | 2.4/9.0 MBProgress (2): 5.6/30 MB | 2.4/9.0 MBProgress (2): 5.6/30 MB | 2.4/9.0 MBProgress (2): 5.6/30 MB | 2.4/9.0 MBProgress (2): 5.6/30 MB | 2.4/9.0 MBProgress (2): 5.6/30 MB | 2.4/9.0 MBProgress (2): 5.7/30 MB | 2.4/9.0 MBProgress (2): 5.7/30 MB | 2.4/9.0 MBProgress (2): 5.7/30 MB | 2.4/9.0 MBProgress (2): 5.7/30 MB | 2.4/9.0 MBProgress (2): 5.7/30 MB | 2.4/9.0 MBProgress (2): 5.7/30 MB | 2.4/9.0 MBProgress (2): 5.7/30 MB | 2.4/9.0 MBProgress (2): 5.7/30 MB | 2.4/9.0 MBProgress (2): 5.7/30 MB | 2.4/9.0 MBProgress (2): 5.7/30 MB | 2.4/9.0 MBProgress (2): 5.8/30 MB | 2.4/9.0 MBProgress (2): 5.8/30 MB | 2.5/9.0 MBProgress (2): 5.8/30 MB | 2.5/9.0 MBProgress (2): 5.8/30 MB | 2.5/9.0 MBProgress (2): 5.8/30 MB | 2.5/9.0 MBProgress (2): 5.8/30 MB | 2.5/9.0 MBProgress (2): 5.8/30 MB | 2.5/9.0 MBProgress (2): 5.8/30 MB | 2.6/9.0 MBProgress (2): 5.8/30 MB | 2.6/9.0 MBProgress (2): 5.8/30 MB | 2.6/9.0 MBProgress (2): 5.8/30 MB | 2.6/9.0 MBProgress (2): 5.8/30 MB | 2.6/9.0 MBProgress (2): 5.8/30 MB | 2.6/9.0 MBProgress (2): 5.8/30 MB | 2.6/9.0 MBProgress (2): 5.8/30 MB | 2.6/9.0 MBProgress (2): 5.9/30 MB | 2.6/9.0 MBProgress (2): 5.9/30 MB | 2.6/9.0 MBProgress (2): 5.9/30 MB | 2.6/9.0 MBProgress (2): 5.9/30 MB | 2.6/9.0 MBProgress (2): 5.9/30 MB | 2.6/9.0 MBProgress (2): 5.9/30 MB | 2.6/9.0 MBProgress (2): 5.9/30 MB | 2.6/9.0 MBProgress (2): 5.9/30 MB | 2.6/9.0 MBProgress (2): 5.9/30 MB | 2.6/9.0 MBProgress (2): 6.0/30 MB | 2.6/9.0 MBProgress (2): 6.0/30 MB | 2.6/9.0 MBProgress (2): 6.0/30 MB | 2.6/9.0 MBProgress (2): 6.0/30 MB | 2.6/9.0 MBProgress (2): 6.0/30 MB | 2.6/9.0 MBProgress (2): 6.0/30 MB | 2.7/9.0 MBProgress (2): 6.0/30 MB | 2.7/9.0 MBProgress (2): 6.0/30 MB | 2.7/9.0 MBProgress (2): 6.0/30 MB | 2.7/9.0 MBProgress (2): 6.0/30 MB | 2.7/9.0 MBProgress (2): 6.1/30 MB | 2.7/9.0 MBProgress (2): 6.1/30 MB | 2.7/9.0 MBProgress (2): 6.1/30 MB | 2.7/9.0 MBProgress (2): 6.1/30 MB | 2.7/9.0 MBProgress (2): 6.1/30 MB | 2.7/9.0 MBProgress (2): 6.1/30 MB | 2.7/9.0 MBProgress (2): 6.1/30 MB | 2.7/9.0 MBProgress (2): 6.1/30 MB | 2.7/9.0 MBProgress (2): 6.1/30 MB | 2.7/9.0 MBProgress (2): 6.1/30 MB | 2.8/9.0 MBProgress (2): 6.1/30 MB | 2.8/9.0 MBProgress (2): 6.1/30 MB | 2.8/9.0 MBProgress (2): 6.1/30 MB | 2.8/9.0 MBProgress (2): 6.2/30 MB | 2.8/9.0 MBProgress (2): 6.2/30 MB | 2.8/9.0 MBProgress (2): 6.2/30 MB | 2.8/9.0 MBProgress (2): 6.2/30 MB | 2.8/9.0 MBProgress (2): 6.2/30 MB | 2.8/9.0 MBProgress (2): 6.2/30 MB | 2.8/9.0 MBProgress (2): 6.2/30 MB | 2.8/9.0 MBProgress (2): 6.2/30 MB | 2.8/9.0 MBProgress (2): 6.2/30 MB | 2.8/9.0 MBProgress (2): 6.2/30 MB | 2.8/9.0 MBProgress (2): 6.3/30 MB | 2.8/9.0 MBProgress (2): 6.3/30 MB | 2.9/9.0 MBProgress (2): 6.3/30 MB | 2.9/9.0 MBProgress (2): 6.3/30 MB | 2.9/9.0 MBProgress (2): 6.3/30 MB | 2.9/9.0 MBProgress (2): 6.3/30 MB | 2.9/9.0 MBProgress (2): 6.3/30 MB | 2.9/9.0 MBProgress (2): 6.3/30 MB | 2.9/9.0 MBProgress (2): 6.3/30 MB | 2.9/9.0 MBProgress (2): 6.3/30 MB | 2.9/9.0 MBProgress (2): 6.3/30 MB | 2.9/9.0 MBProgress (2): 6.3/30 MB | 2.9/9.0 MBProgress (2): 6.4/30 MB | 2.9/9.0 MBProgress (2): 6.4/30 MB | 3.0/9.0 MBProgress (2): 6.4/30 MB | 3.0/9.0 MBProgress (2): 6.4/30 MB | 3.0/9.0 MBProgress (2): 6.4/30 MB | 3.0/9.0 MBProgress (2): 6.4/30 MB | 3.0/9.0 MBProgress (2): 6.4/30 MB | 3.0/9.0 MBProgress (2): 6.4/30 MB | 3.0/9.0 MBProgress (2): 6.4/30 MB | 3.0/9.0 MBProgress (2): 6.4/30 MB | 3.0/9.0 MBProgress (2): 6.4/30 MB | 3.0/9.0 MBProgress (2): 6.4/30 MB | 3.0/9.0 MBProgress (2): 6.4/30 MB | 3.0/9.0 MBProgress (2): 6.5/30 MB | 3.0/9.0 MBProgress (2): 6.5/30 MB | 3.1/9.0 MBProgress (2): 6.5/30 MB | 3.1/9.0 MBProgress (2): 6.5/30 MB | 3.1/9.0 MBProgress (2): 6.5/30 MB | 3.1/9.0 MBProgress (2): 6.5/30 MB | 3.1/9.0 MBProgress (2): 6.5/30 MB | 3.1/9.0 MBProgress (2): 6.5/30 MB | 3.1/9.0 MBProgress (2): 6.5/30 MB | 3.1/9.0 MBProgress (2): 6.5/30 MB | 3.1/9.0 MBProgress (2): 6.6/30 MB | 3.1/9.0 MBProgress (2): 6.6/30 MB | 3.1/9.0 MBProgress (2): 6.6/30 MB | 3.1/9.0 MBProgress (2): 6.6/30 MB | 3.1/9.0 MBProgress (2): 6.6/30 MB | 3.1/9.0 MBProgress (2): 6.6/30 MB | 3.2/9.0 MBProgress (2): 6.6/30 MB | 3.2/9.0 MBProgress (2): 6.6/30 MB | 3.2/9.0 MBProgress (2): 6.6/30 MB | 3.2/9.0 MBProgress (2): 6.6/30 MB | 3.2/9.0 MBProgress (2): 6.6/30 MB | 3.2/9.0 MBProgress (2): 6.6/30 MB | 3.2/9.0 MBProgress (2): 6.7/30 MB | 3.2/9.0 MBProgress (2): 6.7/30 MB | 3.2/9.0 MBProgress (2): 6.7/30 MB | 3.2/9.0 MBProgress (2): 6.7/30 MB | 3.2/9.0 MBProgress (2): 6.7/30 MB | 3.2/9.0 MBProgress (2): 6.7/30 MB | 3.3/9.0 MBProgress (2): 6.7/30 MB | 3.3/9.0 MBProgress (2): 6.7/30 MB | 3.3/9.0 MBProgress (2): 6.7/30 MB | 3.3/9.0 MBProgress (2): 6.7/30 MB | 3.3/9.0 MBProgress (2): 6.7/30 MB | 3.3/9.0 MBProgress (2): 6.7/30 MB | 3.3/9.0 MBProgress (2): 6.8/30 MB | 3.3/9.0 MBProgress (2): 6.8/30 MB | 3.3/9.0 MBProgress (2): 6.8/30 MB | 3.3/9.0 MBProgress (2): 6.8/30 MB | 3.3/9.0 MBProgress (2): 6.8/30 MB | 3.3/9.0 MBProgress (2): 6.8/30 MB | 3.4/9.0 MBProgress (2): 6.8/30 MB | 3.4/9.0 MBProgress (2): 6.8/30 MB | 3.4/9.0 MBProgress (2): 6.8/30 MB | 3.4/9.0 MBProgress (2): 6.8/30 MB | 3.4/9.0 MBProgress (2): 6.8/30 MB | 3.4/9.0 MBProgress (2): 6.9/30 MB | 3.4/9.0 MBProgress (2): 6.9/30 MB | 3.4/9.0 MBProgress (2): 6.9/30 MB | 3.4/9.0 MBProgress (2): 6.9/30 MB | 3.4/9.0 MBProgress (2): 6.9/30 MB | 3.4/9.0 MBProgress (2): 6.9/30 MB | 3.4/9.0 MBProgress (2): 6.9/30 MB | 3.4/9.0 MBProgress (2): 6.9/30 MB | 3.4/9.0 MBProgress (2): 7.0/30 MB | 3.4/9.0 MBProgress (2): 7.0/30 MB | 3.4/9.0 MBProgress (2): 7.0/30 MB | 3.4/9.0 MBProgress (2): 7.0/30 MB | 3.4/9.0 MBProgress (2): 7.0/30 MB | 3.4/9.0 MBProgress (2): 7.0/30 MB | 3.4/9.0 MBProgress (2): 7.0/30 MB | 3.4/9.0 MBProgress (2): 7.0/30 MB | 3.4/9.0 MBProgress (2): 7.0/30 MB | 3.4/9.0 MBProgress (2): 7.0/30 MB | 3.5/9.0 MBProgress (2): 7.1/30 MB | 3.5/9.0 MBProgress (2): 7.1/30 MB | 3.5/9.0 MBProgress (2): 7.1/30 MB | 3.5/9.0 MBProgress (2): 7.1/30 MB | 3.5/9.0 MBProgress (2): 7.1/30 MB | 3.5/9.0 MBProgress (2): 7.1/30 MB | 3.5/9.0 MBProgress (2): 7.1/30 MB | 3.5/9.0 MBProgress (2): 7.1/30 MB | 3.5/9.0 MBProgress (2): 7.1/30 MB | 3.5/9.0 MBProgress (2): 7.2/30 MB | 3.5/9.0 MBProgress (2): 7.2/30 MB | 3.5/9.0 MBProgress (2): 7.2/30 MB | 3.5/9.0 MBProgress (2): 7.2/30 MB | 3.5/9.0 MBProgress (2): 7.2/30 MB | 3.5/9.0 MBProgress (2): 7.2/30 MB | 3.5/9.0 MBProgress (2): 7.2/30 MB | 3.6/9.0 MBProgress (2): 7.2/30 MB | 3.6/9.0 MBProgress (2): 7.2/30 MB | 3.6/9.0 MBProgress (2): 7.2/30 MB | 3.6/9.0 MBProgress (2): 7.2/30 MB | 3.6/9.0 MBProgress (2): 7.2/30 MB | 3.6/9.0 MBProgress (2): 7.2/30 MB | 3.6/9.0 MBProgress (2): 7.2/30 MB | 3.6/9.0 MBProgress (2): 7.3/30 MB | 3.6/9.0 MBProgress (2): 7.3/30 MB | 3.6/9.0 MBProgress (2): 7.3/30 MB | 3.6/9.0 MBProgress (2): 7.3/30 MB | 3.7/9.0 MBProgress (2): 7.3/30 MB | 3.7/9.0 MBProgress (2): 7.3/30 MB | 3.7/9.0 MBProgress (2): 7.3/30 MB | 3.7/9.0 MBProgress (2): 7.3/30 MB | 3.7/9.0 MBProgress (2): 7.3/30 MB | 3.7/9.0 MBProgress (2): 7.3/30 MB | 3.7/9.0 MBProgress (2): 7.4/30 MB | 3.7/9.0 MBProgress (2): 7.4/30 MB | 3.7/9.0 MBProgress (2): 7.4/30 MB | 3.7/9.0 MBProgress (2): 7.4/30 MB | 3.7/9.0 MBProgress (2): 7.4/30 MB | 3.7/9.0 MBProgress (2): 7.4/30 MB | 3.7/9.0 MBProgress (2): 7.4/30 MB | 3.7/9.0 MBProgress (2): 7.4/30 MB | 3.7/9.0 MBProgress (2): 7.4/30 MB | 3.7/9.0 MBProgress (2): 7.4/30 MB | 3.8/9.0 MBProgress (2): 7.4/30 MB | 3.8/9.0 MBProgress (2): 7.4/30 MB | 3.8/9.0 MBProgress (2): 7.5/30 MB | 3.8/9.0 MBProgress (2): 7.5/30 MB | 3.8/9.0 MBProgress (2): 7.5/30 MB | 3.8/9.0 MBProgress (2): 7.5/30 MB | 3.8/9.0 MBProgress (2): 7.5/30 MB | 3.8/9.0 MBProgress (2): 7.5/30 MB | 3.8/9.0 MBProgress (2): 7.5/30 MB | 3.8/9.0 MBProgress (2): 7.5/30 MB | 3.8/9.0 MBProgress (2): 7.5/30 MB | 3.8/9.0 MBProgress (2): 7.5/30 MB | 3.9/9.0 MBProgress (2): 7.5/30 MB | 3.9/9.0 MBProgress (2): 7.5/30 MB | 3.9/9.0 MBProgress (2): 7.5/30 MB | 3.9/9.0 MBProgress (2): 7.5/30 MB | 3.9/9.0 MBProgress (2): 7.5/30 MB | 3.9/9.0 MBProgress (2): 7.6/30 MB | 3.9/9.0 MBProgress (2): 7.6/30 MB | 3.9/9.0 MBProgress (2): 7.6/30 MB | 3.9/9.0 MBProgress (2): 7.6/30 MB | 3.9/9.0 MBProgress (2): 7.6/30 MB | 3.9/9.0 MBProgress (2): 7.6/30 MB | 3.9/9.0 MBProgress (2): 7.6/30 MB | 3.9/9.0 MBProgress (2): 7.6/30 MB | 4.0/9.0 MBProgress (2): 7.6/30 MB | 4.0/9.0 MBProgress (2): 7.6/30 MB | 4.0/9.0 MBProgress (2): 7.6/30 MB | 4.0/9.0 MBProgress (2): 7.7/30 MB | 4.0/9.0 MBProgress (2): 7.7/30 MB | 4.0/9.0 MBProgress (2): 7.7/30 MB | 4.0/9.0 MBProgress (2): 7.7/30 MB | 4.0/9.0 MBProgress (2): 7.7/30 MB | 4.0/9.0 MBProgress (2): 7.7/30 MB | 4.0/9.0 MBProgress (2): 7.7/30 MB | 4.0/9.0 MBProgress (2): 7.8/30 MB | 4.0/9.0 MBProgress (2): 7.8/30 MB | 4.0/9.0 MBProgress (2): 7.8/30 MB | 4.0/9.0 MBProgress (2): 7.8/30 MB | 4.0/9.0 MBProgress (2): 7.8/30 MB | 4.0/9.0 MBProgress (2): 7.8/30 MB | 4.0/9.0 MBProgress (2): 7.9/30 MB | 4.0/9.0 MBProgress (2): 7.9/30 MB | 4.0/9.0 MBProgress (2): 7.9/30 MB | 4.0/9.0 MBProgress (2): 7.9/30 MB | 4.0/9.0 MBProgress (2): 7.9/30 MB | 4.0/9.0 MBProgress (2): 7.9/30 MB | 4.0/9.0 MBProgress (2): 8.0/30 MB | 4.0/9.0 MBProgress (2): 8.0/30 MB | 4.0/9.0 MBProgress (2): 8.0/30 MB | 4.0/9.0 MBProgress (2): 8.0/30 MB | 4.0/9.0 MBProgress (2): 8.0/30 MB | 4.0/9.0 MBProgress (2): 8.0/30 MB | 4.0/9.0 MBProgress (2): 8.0/30 MB | 4.0/9.0 MBProgress (2): 8.1/30 MB | 4.0/9.0 MBProgress (2): 8.1/30 MB | 4.0/9.0 MBProgress (2): 8.1/30 MB | 4.0/9.0 MBProgress (2): 8.1/30 MB | 4.0/9.0 MBProgress (2): 8.1/30 MB | 4.0/9.0 MBProgress (2): 8.1/30 MB | 4.0/9.0 MBProgress (2): 8.2/30 MB | 4.0/9.0 MBProgress (2): 8.2/30 MB | 4.0/9.0 MBProgress (2): 8.2/30 MB | 4.0/9.0 MBProgress (2): 8.2/30 MB | 4.0/9.0 MBProgress (2): 8.2/30 MB | 4.0/9.0 MBProgress (2): 8.2/30 MB | 4.0/9.0 MBProgress (2): 8.2/30 MB | 4.0/9.0 MBProgress (2): 8.2/30 MB | 4.0/9.0 MBProgress (2): 8.2/30 MB | 4.0/9.0 MBProgress (2): 8.2/30 MB | 4.0/9.0 MBProgress (2): 8.2/30 MB | 4.1/9.0 MBProgress (2): 8.3/30 MB | 4.1/9.0 MBProgress (2): 8.3/30 MB | 4.1/9.0 MBProgress (2): 8.3/30 MB | 4.1/9.0 MBProgress (2): 8.3/30 MB | 4.1/9.0 MBProgress (2): 8.3/30 MB | 4.1/9.0 MBProgress (2): 8.3/30 MB | 4.1/9.0 MBProgress (2): 8.3/30 MB | 4.1/9.0 MBProgress (2): 8.3/30 MB | 4.1/9.0 MBProgress (2): 8.3/30 MB | 4.2/9.0 MBProgress (2): 8.3/30 MB | 4.2/9.0 MBProgress (2): 8.3/30 MB | 4.2/9.0 MBProgress (2): 8.3/30 MB | 4.2/9.0 MBProgress (2): 8.3/30 MB | 4.2/9.0 MBProgress (2): 8.3/30 MB | 4.2/9.0 MBProgress (2): 8.3/30 MB | 4.2/9.0 MBProgress (2): 8.4/30 MB | 4.2/9.0 MBProgress (2): 8.4/30 MB | 4.2/9.0 MBProgress (2): 8.4/30 MB | 4.2/9.0 MBProgress (2): 8.4/30 MB | 4.2/9.0 MBProgress (2): 8.4/30 MB | 4.2/9.0 MBProgress (2): 8.4/30 MB | 4.3/9.0 MBProgress (2): 8.4/30 MB | 4.3/9.0 MBProgress (2): 8.4/30 MB | 4.3/9.0 MBProgress (2): 8.4/30 MB | 4.3/9.0 MBProgress (2): 8.4/30 MB | 4.3/9.0 MBProgress (2): 8.4/30 MB | 4.3/9.0 MBProgress (2): 8.5/30 MB | 4.3/9.0 MBProgress (2): 8.5/30 MB | 4.3/9.0 MBProgress (2): 8.5/30 MB | 4.3/9.0 MBProgress (2): 8.5/30 MB | 4.3/9.0 MBProgress (2): 8.5/30 MB | 4.3/9.0 MBProgress (2): 8.5/30 MB | 4.3/9.0 MBProgress (2): 8.6/30 MB | 4.3/9.0 MBProgress (2): 8.6/30 MB | 4.3/9.0 MBProgress (2): 8.6/30 MB | 4.3/9.0 MBProgress (2): 8.6/30 MB | 4.3/9.0 MBProgress (2): 8.6/30 MB | 4.3/9.0 MBProgress (2): 8.6/30 MB | 4.3/9.0 MBProgress (2): 8.6/30 MB | 4.3/9.0 MBProgress (2): 8.7/30 MB | 4.3/9.0 MBProgress (2): 8.7/30 MB | 4.3/9.0 MBProgress (2): 8.7/30 MB | 4.3/9.0 MBProgress (2): 8.7/30 MB | 4.3/9.0 MBProgress (2): 8.7/30 MB | 4.3/9.0 MBProgress (2): 8.7/30 MB | 4.3/9.0 MBProgress (2): 8.7/30 MB | 4.3/9.0 MBProgress (2): 8.7/30 MB | 4.3/9.0 MBProgress (2): 8.7/30 MB | 4.3/9.0 MBProgress (2): 8.7/30 MB | 4.3/9.0 MBProgress (2): 8.7/30 MB | 4.4/9.0 MBProgress (2): 8.7/30 MB | 4.4/9.0 MBProgress (2): 8.7/30 MB | 4.4/9.0 MBProgress (2): 8.7/30 MB | 4.4/9.0 MBProgress (2): 8.7/30 MB | 4.4/9.0 MBProgress (2): 8.7/30 MB | 4.4/9.0 MBProgress (2): 8.7/30 MB | 4.5/9.0 MBProgress (2): 8.7/30 MB | 4.5/9.0 MBProgress (2): 8.7/30 MB | 4.5/9.0 MBProgress (2): 8.7/30 MB | 4.5/9.0 MBProgress (2): 8.7/30 MB | 4.5/9.0 MBProgress (2): 8.7/30 MB | 4.5/9.0 MBProgress (2): 8.7/30 MB | 4.5/9.0 MBProgress (2): 8.8/30 MB | 4.5/9.0 MBProgress (2): 8.8/30 MB | 4.6/9.0 MBProgress (2): 8.8/30 MB | 4.6/9.0 MBProgress (2): 8.8/30 MB | 4.6/9.0 MBProgress (2): 8.8/30 MB | 4.6/9.0 MBProgress (2): 8.8/30 MB | 4.6/9.0 MBProgress (2): 8.8/30 MB | 4.6/9.0 MBProgress (2): 8.8/30 MB | 4.6/9.0 MBProgress (2): 8.8/30 MB | 4.6/9.0 MBProgress (2): 8.9/30 MB | 4.6/9.0 MBProgress (2): 8.9/30 MB | 4.6/9.0 MBProgress (2): 8.9/30 MB | 4.6/9.0 MBProgress (2): 8.9/30 MB | 4.6/9.0 MBProgress (2): 8.9/30 MB | 4.6/9.0 MBProgress (2): 8.9/30 MB | 4.6/9.0 MBProgress (2): 9.0/30 MB | 4.6/9.0 MBProgress (2): 9.0/30 MB | 4.6/9.0 MBProgress (2): 9.0/30 MB | 4.6/9.0 MBProgress (2): 9.0/30 MB | 4.6/9.0 MBProgress (2): 9.0/30 MB | 4.6/9.0 MBProgress (2): 9.0/30 MB | 4.6/9.0 MBProgress (2): 9.0/30 MB | 4.6/9.0 MBProgress (2): 9.0/30 MB | 4.6/9.0 MBProgress (2): 9.0/30 MB | 4.6/9.0 MBProgress (2): 9.0/30 MB | 4.7/9.0 MBProgress (2): 9.1/30 MB | 4.7/9.0 MBProgress (2): 9.1/30 MB | 4.7/9.0 MBProgress (2): 9.1/30 MB | 4.7/9.0 MBProgress (2): 9.1/30 MB | 4.7/9.0 MBProgress (2): 9.1/30 MB | 4.7/9.0 MBProgress (2): 9.1/30 MB | 4.7/9.0 MBProgress (2): 9.1/30 MB | 4.7/9.0 MBProgress (2): 9.1/30 MB | 4.7/9.0 MBProgress (2): 9.1/30 MB | 4.7/9.0 MBProgress (2): 9.1/30 MB | 4.7/9.0 MBProgress (2): 9.1/30 MB | 4.7/9.0 MBProgress (2): 9.1/30 MB | 4.8/9.0 MBProgress (2): 9.2/30 MB | 4.8/9.0 MBProgress (2): 9.2/30 MB | 4.8/9.0 MBProgress (2): 9.2/30 MB | 4.8/9.0 MBProgress (2): 9.2/30 MB | 4.8/9.0 MBProgress (2): 9.2/30 MB | 4.8/9.0 MBProgress (2): 9.2/30 MB | 4.8/9.0 MBProgress (2): 9.2/30 MB | 4.8/9.0 MBProgress (2): 9.2/30 MB | 4.8/9.0 MBProgress (2): 9.2/30 MB | 4.8/9.0 MBProgress (2): 9.2/30 MB | 4.8/9.0 MBProgress (2): 9.2/30 MB | 4.8/9.0 MBProgress (2): 9.2/30 MB | 4.9/9.0 MBProgress (2): 9.3/30 MB | 4.9/9.0 MBProgress (2): 9.3/30 MB | 4.9/9.0 MBProgress (2): 9.3/30 MB | 4.9/9.0 MBProgress (2): 9.3/30 MB | 4.9/9.0 MBProgress (2): 9.3/30 MB | 4.9/9.0 MBProgress (2): 9.3/30 MB | 4.9/9.0 MBProgress (2): 9.3/30 MB | 4.9/9.0 MBProgress (2): 9.3/30 MB | 4.9/9.0 MBProgress (2): 9.3/30 MB | 4.9/9.0 MBProgress (2): 9.3/30 MB | 4.9/9.0 MBProgress (2): 9.4/30 MB | 4.9/9.0 MBProgress (2): 9.4/30 MB | 4.9/9.0 MBProgress (2): 9.4/30 MB | 4.9/9.0 MBProgress (2): 9.4/30 MB | 4.9/9.0 MBProgress (2): 9.4/30 MB | 4.9/9.0 MBProgress (2): 9.4/30 MB | 4.9/9.0 MBProgress (2): 9.4/30 MB | 4.9/9.0 MBProgress (2): 9.5/30 MB | 4.9/9.0 MBProgress (2): 9.5/30 MB | 4.9/9.0 MBProgress (2): 9.5/30 MB | 4.9/9.0 MBProgress (2): 9.5/30 MB | 4.9/9.0 MBProgress (2): 9.5/30 MB | 4.9/9.0 MBProgress (2): 9.5/30 MB | 4.9/9.0 MBProgress (2): 9.6/30 MB | 4.9/9.0 MBProgress (2): 9.6/30 MB | 4.9/9.0 MBProgress (2): 9.6/30 MB | 4.9/9.0 MBProgress (2): 9.6/30 MB | 4.9/9.0 MBProgress (2): 9.6/30 MB | 4.9/9.0 MBProgress (2): 9.6/30 MB | 4.9/9.0 MBProgress (2): 9.6/30 MB | 4.9/9.0 MBProgress (2): 9.7/30 MB | 4.9/9.0 MBProgress (2): 9.7/30 MB | 4.9/9.0 MBProgress (2): 9.7/30 MB | 4.9/9.0 MBProgress (2): 9.7/30 MB | 4.9/9.0 MBProgress (2): 9.7/30 MB | 5.0/9.0 MBProgress (2): 9.7/30 MB | 5.0/9.0 MBProgress (2): 9.7/30 MB | 5.0/9.0 MBProgress (2): 9.7/30 MB | 5.0/9.0 MBProgress (2): 9.7/30 MB | 5.0/9.0 MBProgress (2): 9.7/30 MB | 5.0/9.0 MBProgress (2): 9.7/30 MB | 5.0/9.0 MBProgress (2): 9.7/30 MB | 5.0/9.0 MBProgress (2): 9.7/30 MB | 5.0/9.0 MBProgress (2): 9.8/30 MB | 5.0/9.0 MBProgress (2): 9.8/30 MB | 5.0/9.0 MBProgress (2): 9.8/30 MB | 5.0/9.0 MBProgress (2): 9.8/30 MB | 5.1/9.0 MBProgress (2): 9.8/30 MB | 5.1/9.0 MBProgress (2): 9.8/30 MB | 5.1/9.0 MBProgress (2): 9.8/30 MB | 5.1/9.0 MBProgress (2): 9.8/30 MB | 5.1/9.0 MBProgress (2): 9.8/30 MB | 5.1/9.0 MBProgress (2): 9.8/30 MB | 5.1/9.0 MBProgress (2): 9.8/30 MB | 5.1/9.0 MBProgress (2): 9.9/30 MB | 5.1/9.0 MBProgress (2): 9.9/30 MB | 5.1/9.0 MBProgress (2): 9.9/30 MB | 5.1/9.0 MBProgress (2): 9.9/30 MB | 5.1/9.0 MBProgress (2): 9.9/30 MB | 5.1/9.0 MBProgress (2): 9.9/30 MB | 5.2/9.0 MBProgress (2): 9.9/30 MB | 5.2/9.0 MBProgress (2): 9.9/30 MB | 5.2/9.0 MBProgress (2): 9.9/30 MB | 5.2/9.0 MBProgress (2): 9.9/30 MB | 5.2/9.0 MBProgress (2): 9.9/30 MB | 5.2/9.0 MBProgress (2): 9.9/30 MB | 5.2/9.0 MBProgress (2): 10.0/30 MB | 5.2/9.0 MBProgress (2): 10.0/30 MB | 5.2/9.0 MBProgress (2): 10.0/30 MB | 5.2/9.0 MBProgress (2): 10.0/30 MB | 5.2/9.0 MBProgress (2): 10.0/30 MB | 5.2/9.0 MBProgress (2): 10.0/30 MB | 5.2/9.0 MBProgress (2): 10/30 MB | 5.2/9.0 MB  Progress (2): 10/30 MB | 5.2/9.0 MBProgress (2): 10/30 MB | 5.2/9.0 MBProgress (2): 10/30 MB | 5.2/9.0 MBProgress (2): 10/30 MB | 5.2/9.0 MBProgress (2): 10/30 MB | 5.2/9.0 MBProgress (2): 10/30 MB | 5.2/9.0 MBProgress (2): 10/30 MB | 5.2/9.0 MBProgress (2): 10/30 MB | 5.2/9.0 MBProgress (2): 10/30 MB | 5.2/9.0 MBProgress (2): 10/30 MB | 5.2/9.0 MBProgress (2): 10/30 MB | 5.2/9.0 MBProgress (2): 10/30 MB | 5.2/9.0 MBProgress (2): 10/30 MB | 5.2/9.0 MBProgress (2): 10/30 MB | 5.2/9.0 MBProgress (2): 10/30 MB | 5.2/9.0 MBProgress (2): 10/30 MB | 5.2/9.0 MBProgress (2): 10/30 MB | 5.2/9.0 MBProgress (2): 10/30 MB | 5.2/9.0 MBProgress (2): 10/30 MB | 5.3/9.0 MBProgress (2): 10/30 MB | 5.3/9.0 MBProgress (2): 10/30 MB | 5.3/9.0 MBProgress (2): 10/30 MB | 5.3/9.0 MBProgress (2): 10/30 MB | 5.3/9.0 MBProgress (2): 10/30 MB | 5.3/9.0 MBProgress (2): 10/30 MB | 5.3/9.0 MBProgress (2): 10/30 MB | 5.3/9.0 MBProgress (2): 10/30 MB | 5.3/9.0 MBProgress (2): 10/30 MB | 5.3/9.0 MBProgress (2): 10/30 MB | 5.3/9.0 MBProgress (2): 10/30 MB | 5.3/9.0 MBProgress (2): 10/30 MB | 5.3/9.0 MBProgress (2): 10/30 MB | 5.3/9.0 MBProgress (2): 10/30 MB | 5.3/9.0 MBProgress (2): 10/30 MB | 5.4/9.0 MBProgress (2): 10/30 MB | 5.4/9.0 MBProgress (2): 10/30 MB | 5.4/9.0 MBProgress (2): 10/30 MB | 5.4/9.0 MBProgress (2): 10/30 MB | 5.4/9.0 MBProgress (2): 10/30 MB | 5.4/9.0 MBProgress (2): 10/30 MB | 5.4/9.0 MBProgress (2): 10/30 MB | 5.4/9.0 MBProgress (2): 11/30 MB | 5.4/9.0 MBProgress (2): 11/30 MB | 5.4/9.0 MBProgress (2): 11/30 MB | 5.4/9.0 MBProgress (2): 11/30 MB | 5.4/9.0 MBProgress (2): 11/30 MB | 5.4/9.0 MBProgress (2): 11/30 MB | 5.5/9.0 MBProgress (2): 11/30 MB | 5.5/9.0 MBProgress (2): 11/30 MB | 5.5/9.0 MBProgress (2): 11/30 MB | 5.5/9.0 MBProgress (2): 11/30 MB | 5.5/9.0 MBProgress (2): 11/30 MB | 5.5/9.0 MBProgress (2): 11/30 MB | 5.5/9.0 MBProgress (2): 11/30 MB | 5.5/9.0 MBProgress (2): 11/30 MB | 5.5/9.0 MBProgress (2): 11/30 MB | 5.5/9.0 MBProgress (2): 11/30 MB | 5.5/9.0 MBProgress (2): 11/30 MB | 5.5/9.0 MBProgress (2): 11/30 MB | 5.6/9.0 MBProgress (2): 11/30 MB | 5.6/9.0 MBProgress (2): 11/30 MB | 5.6/9.0 MBProgress (2): 11/30 MB | 5.6/9.0 MBProgress (2): 11/30 MB | 5.6/9.0 MBProgress (2): 11/30 MB | 5.6/9.0 MBProgress (2): 11/30 MB | 5.6/9.0 MBProgress (2): 11/30 MB | 5.6/9.0 MBProgress (2): 11/30 MB | 5.6/9.0 MBProgress (2): 11/30 MB | 5.6/9.0 MBProgress (2): 11/30 MB | 5.6/9.0 MBProgress (2): 11/30 MB | 5.7/9.0 MBProgress (2): 11/30 MB | 5.7/9.0 MBProgress (2): 11/30 MB | 5.7/9.0 MBProgress (2): 11/30 MB | 5.7/9.0 MBProgress (2): 11/30 MB | 5.7/9.0 MBProgress (2): 11/30 MB | 5.7/9.0 MBProgress (2): 11/30 MB | 5.7/9.0 MBProgress (2): 11/30 MB | 5.7/9.0 MBProgress (2): 11/30 MB | 5.7/9.0 MBProgress (2): 11/30 MB | 5.7/9.0 MBProgress (2): 11/30 MB | 5.7/9.0 MBProgress (2): 11/30 MB | 5.8/9.0 MBProgress (2): 11/30 MB | 5.8/9.0 MBProgress (2): 11/30 MB | 5.8/9.0 MBProgress (2): 11/30 MB | 5.8/9.0 MBProgress (2): 11/30 MB | 5.8/9.0 MBProgress (2): 11/30 MB | 5.8/9.0 MBProgress (2): 11/30 MB | 5.8/9.0 MBProgress (2): 11/30 MB | 5.8/9.0 MBProgress (2): 11/30 MB | 5.8/9.0 MBProgress (2): 11/30 MB | 5.9/9.0 MBProgress (2): 11/30 MB | 5.9/9.0 MBProgress (2): 11/30 MB | 5.9/9.0 MBProgress (2): 11/30 MB | 5.9/9.0 MBProgress (2): 11/30 MB | 5.9/9.0 MBProgress (2): 11/30 MB | 5.9/9.0 MBProgress (2): 11/30 MB | 5.9/9.0 MBProgress (2): 11/30 MB | 5.9/9.0 MBProgress (2): 11/30 MB | 5.9/9.0 MBProgress (2): 11/30 MB | 5.9/9.0 MBProgress (2): 11/30 MB | 5.9/9.0 MBProgress (2): 11/30 MB | 5.9/9.0 MBProgress (2): 11/30 MB | 5.9/9.0 MBProgress (2): 11/30 MB | 5.9/9.0 MBProgress (2): 11/30 MB | 5.9/9.0 MBProgress (2): 11/30 MB | 5.9/9.0 MBProgress (2): 11/30 MB | 5.9/9.0 MBProgress (2): 11/30 MB | 5.9/9.0 MBProgress (2): 11/30 MB | 5.9/9.0 MBProgress (2): 11/30 MB | 5.9/9.0 MBProgress (2): 11/30 MB | 5.9/9.0 MBProgress (2): 11/30 MB | 5.9/9.0 MBProgress (2): 11/30 MB | 5.9/9.0 MBProgress (2): 11/30 MB | 5.9/9.0 MBProgress (2): 11/30 MB | 5.9/9.0 MBProgress (2): 11/30 MB | 5.9/9.0 MBProgress (2): 11/30 MB | 5.9/9.0 MBProgress (2): 11/30 MB | 6.0/9.0 MBProgress (2): 11/30 MB | 6.0/9.0 MBProgress (2): 11/30 MB | 6.0/9.0 MBProgress (2): 11/30 MB | 6.0/9.0 MBProgress (2): 11/30 MB | 6.0/9.0 MBProgress (2): 11/30 MB | 6.0/9.0 MBProgress (2): 11/30 MB | 6.0/9.0 MBProgress (2): 11/30 MB | 6.0/9.0 MBProgress (2): 11/30 MB | 6.0/9.0 MBProgress (2): 11/30 MB | 6.0/9.0 MBProgress (2): 11/30 MB | 6.0/9.0 MBProgress (2): 11/30 MB | 6.0/9.0 MBProgress (2): 11/30 MB | 6.1/9.0 MBProgress (2): 11/30 MB | 6.1/9.0 MBProgress (2): 11/30 MB | 6.1/9.0 MBProgress (2): 11/30 MB | 6.1/9.0 MBProgress (2): 11/30 MB | 6.1/9.0 MBProgress (2): 11/30 MB | 6.1/9.0 MBProgress (2): 11/30 MB | 6.1/9.0 MBProgress (2): 11/30 MB | 6.1/9.0 MBProgress (2): 11/30 MB | 6.1/9.0 MBProgress (2): 11/30 MB | 6.1/9.0 MBProgress (2): 11/30 MB | 6.1/9.0 MBProgress (2): 11/30 MB | 6.1/9.0 MBProgress (2): 11/30 MB | 6.1/9.0 MBProgress (2): 11/30 MB | 6.2/9.0 MBProgress (2): 11/30 MB | 6.2/9.0 MBProgress (2): 11/30 MB | 6.2/9.0 MBProgress (2): 11/30 MB | 6.2/9.0 MBProgress (2): 11/30 MB | 6.2/9.0 MBProgress (2): 11/30 MB | 6.2/9.0 MBProgress (2): 11/30 MB | 6.2/9.0 MBProgress (2): 11/30 MB | 6.2/9.0 MBProgress (2): 11/30 MB | 6.2/9.0 MBProgress (2): 11/30 MB | 6.2/9.0 MBProgress (2): 11/30 MB | 6.2/9.0 MBProgress (2): 12/30 MB | 6.2/9.0 MBProgress (2): 12/30 MB | 6.2/9.0 MBProgress (2): 12/30 MB | 6.2/9.0 MBProgress (2): 12/30 MB | 6.2/9.0 MBProgress (2): 12/30 MB | 6.2/9.0 MBProgress (2): 12/30 MB | 6.2/9.0 MBProgress (2): 12/30 MB | 6.2/9.0 MBProgress (2): 12/30 MB | 6.2/9.0 MBProgress (2): 12/30 MB | 6.2/9.0 MBProgress (2): 12/30 MB | 6.2/9.0 MBProgress (2): 12/30 MB | 6.2/9.0 MBProgress (2): 12/30 MB | 6.2/9.0 MBProgress (2): 12/30 MB | 6.2/9.0 MBProgress (2): 12/30 MB | 6.2/9.0 MBProgress (2): 12/30 MB | 6.2/9.0 MBProgress (2): 12/30 MB | 6.2/9.0 MBProgress (2): 12/30 MB | 6.2/9.0 MBProgress (2): 12/30 MB | 6.2/9.0 MBProgress (2): 12/30 MB | 6.2/9.0 MBProgress (2): 12/30 MB | 6.2/9.0 MBProgress (2): 12/30 MB | 6.2/9.0 MBProgress (2): 12/30 MB | 6.2/9.0 MBProgress (2): 12/30 MB | 6.2/9.0 MBProgress (2): 12/30 MB | 6.3/9.0 MBProgress (2): 12/30 MB | 6.3/9.0 MBProgress (2): 12/30 MB | 6.3/9.0 MBProgress (2): 12/30 MB | 6.3/9.0 MBProgress (2): 12/30 MB | 6.3/9.0 MBProgress (2): 12/30 MB | 6.3/9.0 MBProgress (2): 12/30 MB | 6.3/9.0 MBProgress (2): 12/30 MB | 6.3/9.0 MBProgress (2): 12/30 MB | 6.3/9.0 MBProgress (2): 12/30 MB | 6.3/9.0 MBProgress (2): 12/30 MB | 6.3/9.0 MBProgress (2): 12/30 MB | 6.3/9.0 MBProgress (2): 12/30 MB | 6.3/9.0 MBProgress (2): 12/30 MB | 6.3/9.0 MBProgress (2): 12/30 MB | 6.3/9.0 MBProgress (2): 12/30 MB | 6.4/9.0 MBProgress (2): 12/30 MB | 6.4/9.0 MBProgress (2): 12/30 MB | 6.4/9.0 MBProgress (2): 12/30 MB | 6.4/9.0 MBProgress (2): 12/30 MB | 6.4/9.0 MBProgress (2): 12/30 MB | 6.4/9.0 MBProgress (2): 12/30 MB | 6.4/9.0 MBProgress (2): 12/30 MB | 6.4/9.0 MBProgress (2): 12/30 MB | 6.4/9.0 MBProgress (2): 12/30 MB | 6.4/9.0 MBProgress (2): 12/30 MB | 6.4/9.0 MBProgress (2): 12/30 MB | 6.4/9.0 MBProgress (2): 12/30 MB | 6.5/9.0 MBProgress (2): 12/30 MB | 6.5/9.0 MBProgress (2): 12/30 MB | 6.5/9.0 MBProgress (2): 12/30 MB | 6.5/9.0 MBProgress (2): 12/30 MB | 6.5/9.0 MBProgress (2): 12/30 MB | 6.5/9.0 MBProgress (2): 12/30 MB | 6.5/9.0 MBProgress (2): 12/30 MB | 6.5/9.0 MBProgress (2): 12/30 MB | 6.5/9.0 MBProgress (2): 12/30 MB | 6.5/9.0 MBProgress (2): 12/30 MB | 6.5/9.0 MBProgress (2): 12/30 MB | 6.5/9.0 MBProgress (2): 12/30 MB | 6.5/9.0 MBProgress (2): 12/30 MB | 6.6/9.0 MBProgress (2): 12/30 MB | 6.6/9.0 MBProgress (2): 12/30 MB | 6.6/9.0 MBProgress (2): 12/30 MB | 6.6/9.0 MBProgress (2): 12/30 MB | 6.6/9.0 MBProgress (2): 12/30 MB | 6.6/9.0 MBProgress (2): 12/30 MB | 6.6/9.0 MBProgress (2): 12/30 MB | 6.6/9.0 MBProgress (2): 12/30 MB | 6.6/9.0 MBProgress (2): 12/30 MB | 6.6/9.0 MBProgress (2): 12/30 MB | 6.7/9.0 MBProgress (2): 12/30 MB | 6.7/9.0 MBProgress (2): 12/30 MB | 6.7/9.0 MBProgress (2): 12/30 MB | 6.7/9.0 MBProgress (2): 12/30 MB | 6.7/9.0 MBProgress (2): 12/30 MB | 6.7/9.0 MBProgress (2): 12/30 MB | 6.7/9.0 MBProgress (2): 12/30 MB | 6.7/9.0 MBProgress (2): 12/30 MB | 6.7/9.0 MBProgress (2): 12/30 MB | 6.7/9.0 MBProgress (2): 12/30 MB | 6.8/9.0 MBProgress (2): 12/30 MB | 6.8/9.0 MBProgress (2): 12/30 MB | 6.8/9.0 MBProgress (2): 12/30 MB | 6.8/9.0 MBProgress (2): 12/30 MB | 6.8/9.0 MBProgress (2): 12/30 MB | 6.8/9.0 MBProgress (2): 12/30 MB | 6.8/9.0 MBProgress (2): 12/30 MB | 6.8/9.0 MBProgress (2): 12/30 MB | 6.8/9.0 MBProgress (2): 12/30 MB | 6.8/9.0 MBProgress (2): 12/30 MB | 6.8/9.0 MBProgress (2): 12/30 MB | 6.8/9.0 MBProgress (2): 12/30 MB | 6.8/9.0 MBProgress (2): 12/30 MB | 6.8/9.0 MBProgress (2): 12/30 MB | 6.8/9.0 MBProgress (2): 12/30 MB | 6.8/9.0 MBProgress (2): 12/30 MB | 6.8/9.0 MBProgress (2): 12/30 MB | 6.8/9.0 MBProgress (2): 13/30 MB | 6.8/9.0 MBProgress (2): 13/30 MB | 6.8/9.0 MBProgress (2): 13/30 MB | 6.8/9.0 MBProgress (2): 13/30 MB | 6.8/9.0 MBProgress (2): 13/30 MB | 6.8/9.0 MBProgress (2): 13/30 MB | 6.8/9.0 MBProgress (2): 13/30 MB | 6.8/9.0 MBProgress (2): 13/30 MB | 6.8/9.0 MBProgress (2): 13/30 MB | 6.8/9.0 MBProgress (2): 13/30 MB | 6.8/9.0 MBProgress (2): 13/30 MB | 6.8/9.0 MBProgress (2): 13/30 MB | 6.8/9.0 MBProgress (2): 13/30 MB | 6.9/9.0 MBProgress (2): 13/30 MB | 6.9/9.0 MBProgress (2): 13/30 MB | 6.9/9.0 MBProgress (2): 13/30 MB | 6.9/9.0 MBProgress (2): 13/30 MB | 6.9/9.0 MBProgress (2): 13/30 MB | 6.9/9.0 MBProgress (2): 13/30 MB | 6.9/9.0 MBProgress (2): 13/30 MB | 6.9/9.0 MBProgress (2): 13/30 MB | 6.9/9.0 MBProgress (2): 13/30 MB | 6.9/9.0 MBProgress (2): 13/30 MB | 6.9/9.0 MBProgress (2): 13/30 MB | 6.9/9.0 MBProgress (2): 13/30 MB | 7.0/9.0 MBProgress (2): 13/30 MB | 7.0/9.0 MBProgress (2): 13/30 MB | 7.0/9.0 MBProgress (2): 13/30 MB | 7.0/9.0 MBProgress (2): 13/30 MB | 7.0/9.0 MBProgress (2): 13/30 MB | 7.0/9.0 MBProgress (2): 13/30 MB | 7.0/9.0 MBProgress (2): 13/30 MB | 7.0/9.0 MBProgress (2): 13/30 MB | 7.0/9.0 MBProgress (2): 13/30 MB | 7.0/9.0 MBProgress (2): 13/30 MB | 7.0/9.0 MBProgress (2): 13/30 MB | 7.0/9.0 MBProgress (2): 13/30 MB | 7.0/9.0 MBProgress (2): 13/30 MB | 7.1/9.0 MBProgress (2): 13/30 MB | 7.1/9.0 MBProgress (2): 13/30 MB | 7.1/9.0 MBProgress (2): 13/30 MB | 7.1/9.0 MBProgress (2): 13/30 MB | 7.1/9.0 MBProgress (2): 13/30 MB | 7.1/9.0 MBProgress (2): 13/30 MB | 7.1/9.0 MBProgress (2): 13/30 MB | 7.1/9.0 MBProgress (2): 13/30 MB | 7.1/9.0 MBProgress (2): 13/30 MB | 7.1/9.0 MBProgress (2): 13/30 MB | 7.1/9.0 MBProgress (2): 13/30 MB | 7.1/9.0 MBProgress (2): 13/30 MB | 7.1/9.0 MBProgress (2): 13/30 MB | 7.1/9.0 MBProgress (2): 13/30 MB | 7.1/9.0 MBProgress (2): 13/30 MB | 7.1/9.0 MBProgress (2): 13/30 MB | 7.1/9.0 MBProgress (2): 13/30 MB | 7.1/9.0 MBProgress (2): 13/30 MB | 7.1/9.0 MBProgress (2): 13/30 MB | 7.1/9.0 MBProgress (2): 13/30 MB | 7.1/9.0 MBProgress (2): 13/30 MB | 7.1/9.0 MBProgress (2): 13/30 MB | 7.1/9.0 MBProgress (2): 13/30 MB | 7.1/9.0 MBProgress (2): 13/30 MB | 7.1/9.0 MBProgress (2): 13/30 MB | 7.1/9.0 MBProgress (2): 13/30 MB | 7.1/9.0 MBProgress (2): 13/30 MB | 7.1/9.0 MBProgress (2): 13/30 MB | 7.1/9.0 MBProgress (2): 13/30 MB | 7.1/9.0 MBProgress (2): 13/30 MB | 7.1/9.0 MBProgress (2): 13/30 MB | 7.1/9.0 MBProgress (2): 13/30 MB | 7.1/9.0 MBProgress (2): 13/30 MB | 7.1/9.0 MBProgress (2): 13/30 MB | 7.2/9.0 MBProgress (2): 13/30 MB | 7.2/9.0 MBProgress (2): 13/30 MB | 7.2/9.0 MBProgress (2): 13/30 MB | 7.2/9.0 MBProgress (2): 13/30 MB | 7.2/9.0 MBProgress (2): 13/30 MB | 7.2/9.0 MBProgress (2): 13/30 MB | 7.2/9.0 MBProgress (2): 13/30 MB | 7.2/9.0 MBProgress (2): 13/30 MB | 7.2/9.0 MBProgress (2): 13/30 MB | 7.2/9.0 MBProgress (2): 13/30 MB | 7.2/9.0 MBProgress (2): 13/30 MB | 7.3/9.0 MBProgress (2): 13/30 MB | 7.3/9.0 MBProgress (2): 13/30 MB | 7.3/9.0 MBProgress (2): 13/30 MB | 7.3/9.0 MBProgress (2): 13/30 MB | 7.3/9.0 MBProgress (2): 13/30 MB | 7.3/9.0 MBProgress (2): 13/30 MB | 7.3/9.0 MBProgress (2): 13/30 MB | 7.3/9.0 MBProgress (2): 13/30 MB | 7.3/9.0 MBProgress (2): 13/30 MB | 7.3/9.0 MBProgress (2): 13/30 MB | 7.3/9.0 MBProgress (2): 13/30 MB | 7.3/9.0 MBProgress (2): 13/30 MB | 7.3/9.0 MBProgress (2): 13/30 MB | 7.4/9.0 MBProgress (2): 13/30 MB | 7.4/9.0 MBProgress (2): 13/30 MB | 7.4/9.0 MBProgress (2): 13/30 MB | 7.4/9.0 MBProgress (2): 13/30 MB | 7.4/9.0 MBProgress (2): 13/30 MB | 7.4/9.0 MBProgress (2): 13/30 MB | 7.5/9.0 MBProgress (2): 14/30 MB | 7.5/9.0 MBProgress (2): 14/30 MB | 7.5/9.0 MBProgress (2): 14/30 MB | 7.5/9.0 MBProgress (2): 14/30 MB | 7.5/9.0 MBProgress (2): 14/30 MB | 7.5/9.0 MBProgress (2): 14/30 MB | 7.5/9.0 MBProgress (2): 14/30 MB | 7.5/9.0 MBProgress (2): 14/30 MB | 7.5/9.0 MBProgress (2): 14/30 MB | 7.5/9.0 MBProgress (2): 14/30 MB | 7.5/9.0 MBProgress (2): 14/30 MB | 7.5/9.0 MBProgress (2): 14/30 MB | 7.5/9.0 MBProgress (2): 14/30 MB | 7.6/9.0 MBProgress (2): 14/30 MB | 7.6/9.0 MBProgress (2): 14/30 MB | 7.6/9.0 MBProgress (2): 14/30 MB | 7.6/9.0 MBProgress (2): 14/30 MB | 7.6/9.0 MBProgress (2): 14/30 MB | 7.6/9.0 MBProgress (2): 14/30 MB | 7.7/9.0 MBProgress (2): 14/30 MB | 7.7/9.0 MBProgress (2): 14/30 MB | 7.7/9.0 MBProgress (2): 14/30 MB | 7.7/9.0 MBProgress (2): 14/30 MB | 7.7/9.0 MBProgress (2): 14/30 MB | 7.7/9.0 MBProgress (2): 14/30 MB | 7.8/9.0 MBProgress (2): 14/30 MB | 7.8/9.0 MBProgress (2): 14/30 MB | 7.8/9.0 MBProgress (2): 14/30 MB | 7.8/9.0 MBProgress (2): 14/30 MB | 7.8/9.0 MBProgress (2): 14/30 MB | 7.8/9.0 MBProgress (2): 14/30 MB | 7.8/9.0 MBProgress (2): 14/30 MB | 7.8/9.0 MBProgress (2): 14/30 MB | 7.9/9.0 MBProgress (2): 14/30 MB | 7.9/9.0 MBProgress (2): 14/30 MB | 7.9/9.0 MBProgress (2): 14/30 MB | 7.9/9.0 MBProgress (2): 14/30 MB | 7.9/9.0 MBProgress (2): 14/30 MB | 7.9/9.0 MBProgress (2): 14/30 MB | 7.9/9.0 MBProgress (2): 14/30 MB | 7.9/9.0 MBProgress (2): 14/30 MB | 7.9/9.0 MBProgress (2): 14/30 MB | 8.0/9.0 MBProgress (2): 14/30 MB | 8.0/9.0 MBProgress (2): 14/30 MB | 8.0/9.0 MBProgress (2): 14/30 MB | 8.0/9.0 MBProgress (2): 14/30 MB | 8.0/9.0 MBProgress (2): 14/30 MB | 8.0/9.0 MBProgress (2): 14/30 MB | 8.0/9.0 MBProgress (2): 14/30 MB | 8.0/9.0 MBProgress (2): 14/30 MB | 8.0/9.0 MBProgress (2): 14/30 MB | 8.0/9.0 MBProgress (2): 14/30 MB | 8.0/9.0 MBProgress (2): 14/30 MB | 8.0/9.0 MBProgress (2): 14/30 MB | 8.0/9.0 MBProgress (2): 14/30 MB | 8.1/9.0 MBProgress (2): 14/30 MB | 8.1/9.0 MBProgress (2): 14/30 MB | 8.1/9.0 MBProgress (2): 14/30 MB | 8.1/9.0 MBProgress (2): 14/30 MB | 8.1/9.0 MBProgress (2): 14/30 MB | 8.1/9.0 MBProgress (2): 14/30 MB | 8.1/9.0 MBProgress (2): 14/30 MB | 8.1/9.0 MBProgress (2): 14/30 MB | 8.1/9.0 MBProgress (2): 14/30 MB | 8.1/9.0 MBProgress (2): 14/30 MB | 8.1/9.0 MBProgress (2): 14/30 MB | 8.1/9.0 MBProgress (2): 14/30 MB | 8.1/9.0 MBProgress (2): 14/30 MB | 8.2/9.0 MBProgress (2): 14/30 MB | 8.2/9.0 MBProgress (2): 14/30 MB | 8.2/9.0 MBProgress (2): 14/30 MB | 8.2/9.0 MBProgress (2): 14/30 MB | 8.2/9.0 MBProgress (2): 14/30 MB | 8.2/9.0 MBProgress (2): 14/30 MB | 8.2/9.0 MBProgress (2): 14/30 MB | 8.2/9.0 MBProgress (2): 14/30 MB | 8.2/9.0 MBProgress (2): 14/30 MB | 8.2/9.0 MBProgress (2): 14/30 MB | 8.2/9.0 MBProgress (2): 14/30 MB | 8.2/9.0 MBProgress (2): 14/30 MB | 8.3/9.0 MBProgress (2): 14/30 MB | 8.3/9.0 MBProgress (2): 14/30 MB | 8.3/9.0 MBProgress (2): 14/30 MB | 8.3/9.0 MBProgress (2): 14/30 MB | 8.3/9.0 MBProgress (2): 14/30 MB | 8.3/9.0 MBProgress (2): 14/30 MB | 8.3/9.0 MBProgress (2): 14/30 MB | 8.3/9.0 MBProgress (2): 14/30 MB | 8.3/9.0 MBProgress (2): 14/30 MB | 8.3/9.0 MBProgress (2): 14/30 MB | 8.3/9.0 MBProgress (2): 14/30 MB | 8.3/9.0 MBProgress (2): 14/30 MB | 8.3/9.0 MBProgress (2): 14/30 MB | 8.3/9.0 MBProgress (2): 14/30 MB | 8.3/9.0 MBProgress (2): 14/30 MB | 8.3/9.0 MBProgress (2): 14/30 MB | 8.3/9.0 MBProgress (2): 14/30 MB | 8.3/9.0 MBProgress (2): 14/30 MB | 8.4/9.0 MBProgress (2): 14/30 MB | 8.4/9.0 MBProgress (2): 14/30 MB | 8.4/9.0 MBProgress (2): 14/30 MB | 8.4/9.0 MBProgress (2): 14/30 MB | 8.4/9.0 MBProgress (2): 14/30 MB | 8.4/9.0 MBProgress (2): 14/30 MB | 8.4/9.0 MBProgress (2): 14/30 MB | 8.4/9.0 MBProgress (2): 14/30 MB | 8.4/9.0 MBProgress (2): 14/30 MB | 8.4/9.0 MBProgress (2): 14/30 MB | 8.4/9.0 MBProgress (2): 14/30 MB | 8.4/9.0 MBProgress (2): 14/30 MB | 8.4/9.0 MBProgress (2): 14/30 MB | 8.4/9.0 MBProgress (2): 14/30 MB | 8.4/9.0 MBProgress (2): 14/30 MB | 8.5/9.0 MBProgress (2): 14/30 MB | 8.5/9.0 MBProgress (2): 14/30 MB | 8.5/9.0 MBProgress (2): 14/30 MB | 8.5/9.0 MBProgress (2): 14/30 MB | 8.5/9.0 MBProgress (2): 14/30 MB | 8.5/9.0 MBProgress (2): 14/30 MB | 8.5/9.0 MBProgress (2): 14/30 MB | 8.5/9.0 MBProgress (2): 14/30 MB | 8.5/9.0 MBProgress (2): 14/30 MB | 8.5/9.0 MBProgress (2): 14/30 MB | 8.5/9.0 MBProgress (2): 14/30 MB | 8.5/9.0 MBProgress (2): 14/30 MB | 8.5/9.0 MBProgress (2): 14/30 MB | 8.6/9.0 MBProgress (2): 14/30 MB | 8.6/9.0 MBProgress (2): 14/30 MB | 8.6/9.0 MBProgress (2): 14/30 MB | 8.6/9.0 MBProgress (2): 14/30 MB | 8.6/9.0 MBProgress (2): 14/30 MB | 8.6/9.0 MBProgress (2): 14/30 MB | 8.6/9.0 MBProgress (2): 15/30 MB | 8.6/9.0 MBProgress (2): 15/30 MB | 8.6/9.0 MBProgress (2): 15/30 MB | 8.6/9.0 MBProgress (2): 15/30 MB | 8.6/9.0 MBProgress (2): 15/30 MB | 8.6/9.0 MBProgress (2): 15/30 MB | 8.6/9.0 MBProgress (2): 15/30 MB | 8.6/9.0 MBProgress (2): 15/30 MB | 8.6/9.0 MBProgress (2): 15/30 MB | 8.6/9.0 MBProgress (2): 15/30 MB | 8.7/9.0 MBProgress (2): 15/30 MB | 8.7/9.0 MBProgress (2): 15/30 MB | 8.7/9.0 MBProgress (2): 15/30 MB | 8.7/9.0 MBProgress (2): 15/30 MB | 8.7/9.0 MBProgress (2): 15/30 MB | 8.7/9.0 MBProgress (2): 15/30 MB | 8.7/9.0 MBProgress (2): 15/30 MB | 8.7/9.0 MBProgress (2): 15/30 MB | 8.7/9.0 MBProgress (2): 15/30 MB | 8.7/9.0 MBProgress (2): 15/30 MB | 8.7/9.0 MBProgress (2): 15/30 MB | 8.7/9.0 MBProgress (2): 15/30 MB | 8.7/9.0 MBProgress (2): 15/30 MB | 8.7/9.0 MBProgress (2): 15/30 MB | 8.7/9.0 MBProgress (2): 15/30 MB | 8.8/9.0 MBProgress (2): 15/30 MB | 8.8/9.0 MBProgress (2): 15/30 MB | 8.8/9.0 MBProgress (2): 15/30 MB | 8.8/9.0 MBProgress (2): 15/30 MB | 8.8/9.0 MBProgress (2): 15/30 MB | 8.8/9.0 MBProgress (2): 15/30 MB | 8.8/9.0 MBProgress (2): 15/30 MB | 8.8/9.0 MBProgress (2): 15/30 MB | 8.8/9.0 MBProgress (2): 15/30 MB | 8.8/9.0 MBProgress (2): 15/30 MB | 8.8/9.0 MBProgress (2): 15/30 MB | 8.8/9.0 MBProgress (2): 15/30 MB | 8.9/9.0 MBProgress (2): 15/30 MB | 8.9/9.0 MBProgress (2): 15/30 MB | 8.9/9.0 MBProgress (2): 15/30 MB | 8.9/9.0 MBProgress (2): 15/30 MB | 8.9/9.0 MBProgress (2): 15/30 MB | 8.9/9.0 MBProgress (2): 15/30 MB | 8.9/9.0 MBProgress (2): 15/30 MB | 8.9/9.0 MBProgress (2): 15/30 MB | 8.9/9.0 MBProgress (2): 15/30 MB | 8.9/9.0 MBProgress (2): 15/30 MB | 8.9/9.0 MBProgress (2): 15/30 MB | 8.9/9.0 MBProgress (2): 15/30 MB | 8.9/9.0 MBProgress (2): 15/30 MB | 8.9/9.0 MBProgress (2): 15/30 MB | 8.9/9.0 MBProgress (2): 15/30 MB | 8.9/9.0 MBProgress (2): 15/30 MB | 9.0/9.0 MBProgress (2): 15/30 MB | 9.0/9.0 MBProgress (2): 15/30 MB | 9.0/9.0 MBProgress (2): 15/30 MB | 9.0/9.0 MBProgress (2): 15/30 MB | 9.0/9.0 MBProgress (2): 15/30 MB | 9.0/9.0 MBProgress (2): 15/30 MB | 9.0/9.0 MBProgress (2): 15/30 MB | 9.0/9.0 MBProgress (2): 15/30 MB | 9.0 MB    Progress (2): 15/30 MB | 9.0 MBProgress (2): 15/30 MB | 9.0 MBProgress (2): 15/30 MB | 9.0 MBProgress (2): 15/30 MB | 9.0 MBProgress (2): 15/30 MB | 9.0 MBProgress (2): 15/30 MB | 9.0 MBProgress (2): 15/30 MB | 9.0 MBProgress (2): 15/30 MB | 9.0 MB                               Downloaded from central: https://repo.maven.apache.org/maven2/net/bytebuddy/byte-buddy/1.17.7/byte-buddy-1.17.7.jar (9.0 MB at 38 MB/s)
Progress (1): 15/30 MBProgress (1): 15/30 MBProgress (1): 15/30 MBProgress (1): 15/30 MBProgress (1): 15/30 MBProgress (1): 15/30 MBProgress (1): 15/30 MBProgress (1): 15/30 MBProgress (1): 15/30 MBProgress (1): 15/30 MBProgress (1): 15/30 MBProgress (1): 15/30 MBProgress (1): 15/30 MBProgress (1): 15/30 MBProgress (1): 15/30 MBProgress (1): 15/30 MBProgress (1): 15/30 MBProgress (1): 15/30 MBProgress (1): 15/30 MBProgress (1): 15/30 MBProgress (1): 15/30 MBProgress (1): 16/30 MBProgress (1): 16/30 MBProgress (1): 16/30 MBProgress (1): 16/30 MBProgress (1): 16/30 MBProgress (1): 16/30 MBProgress (1): 16/30 MBProgress (1): 16/30 MBProgress (1): 16/30 MBProgress (1): 16/30 MBProgress (1): 16/30 MBProgress (1): 16/30 MBProgress (1): 16/30 MBProgress (1): 16/30 MBProgress (1): 16/30 MBProgress (1): 16/30 MBProgress (1): 16/30 MBProgress (1): 16/30 MBProgress (1): 16/30 MBProgress (1): 16/30 MBProgress (1): 16/30 MBProgress (1): 16/30 MBProgress (1): 16/30 MBProgress (1): 16/30 MBProgress (1): 16/30 MBProgress (1): 16/30 MBProgress (1): 16/30 MBProgress (1): 16/30 MBProgress (1): 16/30 MBProgress (1): 16/30 MBProgress (1): 16/30 MBProgress (1): 16/30 MBProgress (1): 16/30 MBProgress (1): 16/30 MBProgress (1): 16/30 MBProgress (1): 16/30 MBProgress (1): 16/30 MBProgress (1): 16/30 MBProgress (1): 16/30 MBProgress (1): 16/30 MBProgress (1): 16/30 MBProgress (1): 16/30 MBProgress (1): 16/30 MBProgress (1): 16/30 MBProgress (1): 16/30 MBProgress (1): 16/30 MBProgress (1): 16/30 MBProgress (1): 16/30 MBProgress (1): 16/30 MBProgress (1): 16/30 MBProgress (1): 16/30 MBProgress (1): 16/30 MBProgress (1): 16/30 MBProgress (1): 16/30 MBProgress (1): 16/30 MBProgress (1): 16/30 MBProgress (1): 16/30 MBProgress (1): 16/30 MBProgress (1): 16/30 MBProgress (1): 16/30 MBProgress (1): 16/30 MBProgress (1): 16/30 MBProgress (1): 16/30 MBProgress (1): 17/30 MBProgress (1): 17/30 MBProgress (1): 17/30 MBProgress (1): 17/30 MBProgress (1): 17/30 MBProgress (1): 17/30 MBProgress (1): 17/30 MBProgress (1): 17/30 MBProgress (1): 17/30 MBProgress (1): 17/30 MBProgress (1): 17/30 MBProgress (1): 17/30 MBProgress (1): 17/30 MBProgress (1): 17/30 MBProgress (1): 17/30 MBProgress (1): 17/30 MBProgress (1): 17/30 MBProgress (1): 17/30 MBProgress (1): 17/30 MBProgress (1): 17/30 MBProgress (1): 17/30 MBProgress (1): 17/30 MBProgress (1): 17/30 MBProgress (1): 17/30 MBProgress (1): 17/30 MBProgress (1): 17/30 MBProgress (1): 17/30 MBProgress (1): 17/30 MBProgress (1): 17/30 MBProgress (1): 17/30 MBProgress (1): 17/30 MBProgress (1): 17/30 MBProgress (1): 17/30 MBProgress (1): 17/30 MBProgress (1): 17/30 MBProgress (1): 17/30 MBProgress (1): 17/30 MBProgress (1): 17/30 MBProgress (1): 17/30 MBProgress (1): 17/30 MBProgress (1): 17/30 MBProgress (1): 17/30 MBProgress (1): 17/30 MBProgress (1): 17/30 MBProgress (1): 17/30 MBProgress (1): 17/30 MBProgress (1): 17/30 MBProgress (1): 17/30 MBProgress (1): 17/30 MBProgress (1): 17/30 MBProgress (1): 17/30 MBProgress (1): 17/30 MBProgress (1): 17/30 MBProgress (1): 17/30 MBProgress (1): 17/30 MBProgress (1): 17/30 MBProgress (1): 17/30 MBProgress (1): 17/30 MBProgress (1): 17/30 MBProgress (1): 17/30 MBProgress (1): 17/30 MBProgress (1): 17/30 MBProgress (1): 17/30 MBProgress (1): 18/30 MBProgress (1): 18/30 MBProgress (1): 18/30 MBProgress (1): 18/30 MBProgress (1): 18/30 MBProgress (1): 18/30 MBProgress (1): 18/30 MBProgress (1): 18/30 MBProgress (1): 18/30 MBProgress (1): 18/30 MBProgress (1): 18/30 MBProgress (1): 18/30 MBProgress (1): 18/30 MBProgress (1): 18/30 MBProgress (1): 18/30 MBProgress (1): 18/30 MBProgress (1): 18/30 MBProgress (1): 18/30 MBProgress (1): 18/30 MBProgress (1): 18/30 MBProgress (1): 18/30 MBProgress (1): 18/30 MBProgress (1): 18/30 MBProgress (1): 18/30 MBProgress (1): 18/30 MBProgress (1): 18/30 MBProgress (1): 18/30 MBProgress (1): 18/30 MBProgress (1): 18/30 MBProgress (1): 18/30 MBProgress (1): 18/30 MBProgress (1): 18/30 MBProgress (1): 18/30 MBProgress (1): 18/30 MBProgress (1): 18/30 MBProgress (1): 18/30 MBProgress (1): 18/30 MBProgress (1): 18/30 MBProgress (1): 18/30 MBProgress (1): 18/30 MBProgress (1): 18/30 MBProgress (1): 18/30 MBProgress (1): 18/30 MBProgress (1): 18/30 MBProgress (1): 18/30 MBProgress (1): 18/30 MBProgress (1): 18/30 MBProgress (1): 18/30 MBProgress (1): 18/30 MBProgress (1): 18/30 MBProgress (1): 18/30 MBProgress (1): 18/30 MBProgress (1): 18/30 MBProgress (1): 18/30 MBProgress (1): 18/30 MBProgress (1): 18/30 MBProgress (1): 18/30 MBProgress (1): 18/30 MBProgress (1): 18/30 MBProgress (1): 18/30 MBProgress (1): 18/30 MBProgress (1): 18/30 MBProgress (1): 18/30 MBProgress (1): 19/30 MBProgress (1): 19/30 MBProgress (1): 19/30 MBProgress (1): 19/30 MBProgress (1): 19/30 MBProgress (1): 19/30 MBProgress (1): 19/30 MBProgress (1): 19/30 MBProgress (1): 19/30 MBProgress (1): 19/30 MBProgress (1): 19/30 MBProgress (1): 19/30 MBProgress (1): 19/30 MBProgress (1): 19/30 MBProgress (1): 19/30 MBProgress (1): 19/30 MBProgress (1): 19/30 MBProgress (1): 19/30 MBProgress (1): 19/30 MBProgress (1): 19/30 MBProgress (1): 19/30 MBProgress (1): 19/30 MBProgress (1): 19/30 MBProgress (1): 19/30 MBProgress (1): 19/30 MBProgress (1): 19/30 MBProgress (1): 19/30 MBProgress (1): 19/30 MBProgress (1): 19/30 MBProgress (1): 19/30 MBProgress (1): 19/30 MBProgress (1): 19/30 MBProgress (1): 19/30 MBProgress (1): 19/30 MBProgress (1): 19/30 MBProgress (1): 19/30 MBProgress (1): 19/30 MBProgress (1): 19/30 MBProgress (1): 19/30 MBProgress (1): 19/30 MBProgress (1): 19/30 MBProgress (1): 19/30 MBProgress (1): 19/30 MBProgress (1): 19/30 MBProgress (1): 19/30 MBProgress (1): 19/30 MBProgress (1): 19/30 MBProgress (1): 19/30 MBProgress (1): 19/30 MBProgress (1): 19/30 MBProgress (1): 19/30 MBProgress (1): 19/30 MBProgress (1): 19/30 MBProgress (1): 19/30 MBProgress (1): 19/30 MBProgress (1): 19/30 MBProgress (1): 19/30 MBProgress (1): 19/30 MBProgress (1): 19/30 MBProgress (1): 19/30 MBProgress (1): 19/30 MBProgress (1): 19/30 MBProgress (1): 20/30 MBProgress (1): 20/30 MBProgress (1): 20/30 MBProgress (1): 20/30 MBProgress (1): 20/30 MBProgress (1): 20/30 MBProgress (1): 20/30 MBProgress (1): 20/30 MBProgress (1): 20/30 MBProgress (1): 20/30 MBProgress (1): 20/30 MBProgress (1): 20/30 MBProgress (1): 20/30 MBProgress (1): 20/30 MBProgress (1): 20/30 MBProgress (1): 20/30 MBProgress (1): 20/30 MBProgress (1): 20/30 MBProgress (1): 20/30 MBProgress (1): 20/30 MBProgress (1): 20/30 MBProgress (1): 20/30 MBProgress (1): 20/30 MBProgress (1): 20/30 MBProgress (1): 20/30 MBProgress (1): 20/30 MBProgress (1): 20/30 MBProgress (1): 20/30 MBProgress (1): 20/30 MBProgress (1): 20/30 MBProgress (1): 20/30 MBProgress (1): 20/30 MBProgress (1): 20/30 MBProgress (1): 20/30 MBProgress (1): 20/30 MBProgress (1): 20/30 MBProgress (1): 20/30 MBProgress (1): 20/30 MBProgress (1): 20/30 MBProgress (1): 20/30 MBProgress (1): 20/30 MBProgress (1): 20/30 MBProgress (1): 20/30 MBProgress (1): 20/30 MBProgress (1): 20/30 MBProgress (1): 20/30 MBProgress (1): 20/30 MBProgress (1): 20/30 MBProgress (1): 20/30 MBProgress (1): 20/30 MBProgress (1): 20/30 MBProgress (1): 20/30 MBProgress (1): 20/30 MBProgress (1): 20/30 MBProgress (1): 20/30 MBProgress (1): 20/30 MBProgress (1): 20/30 MBProgress (1): 20/30 MBProgress (1): 20/30 MBProgress (1): 20/30 MBProgress (1): 20/30 MBProgress (1): 20/30 MBProgress (1): 21/30 MBProgress (1): 21/30 MBProgress (1): 21/30 MBProgress (1): 21/30 MBProgress (1): 21/30 MBProgress (1): 21/30 MBProgress (1): 21/30 MBProgress (1): 21/30 MBProgress (1): 21/30 MBProgress (1): 21/30 MBProgress (1): 21/30 MBProgress (1): 21/30 MBProgress (1): 21/30 MBProgress (1): 21/30 MBProgress (1): 21/30 MBProgress (1): 21/30 MBProgress (1): 21/30 MBProgress (1): 21/30 MBProgress (1): 21/30 MBProgress (1): 21/30 MBProgress (1): 21/30 MBProgress (1): 21/30 MBProgress (1): 21/30 MBProgress (1): 21/30 MBProgress (1): 21/30 MBProgress (1): 21/30 MBProgress (1): 21/30 MBProgress (1): 21/30 MBProgress (1): 21/30 MBProgress (1): 21/30 MBProgress (1): 21/30 MBProgress (1): 21/30 MBProgress (1): 21/30 MBProgress (1): 21/30 MBProgress (1): 21/30 MBProgress (1): 21/30 MBProgress (1): 21/30 MBProgress (1): 21/30 MBProgress (1): 21/30 MBProgress (1): 21/30 MBProgress (1): 21/30 MBProgress (1): 21/30 MBProgress (1): 21/30 MBProgress (1): 21/30 MBProgress (1): 21/30 MBProgress (1): 21/30 MBProgress (1): 21/30 MBProgress (1): 21/30 MBProgress (1): 21/30 MBProgress (1): 21/30 MBProgress (1): 21/30 MBProgress (1): 21/30 MBProgress (1): 21/30 MBProgress (1): 21/30 MBProgress (1): 21/30 MBProgress (1): 21/30 MBProgress (1): 21/30 MBProgress (1): 21/30 MBProgress (1): 21/30 MBProgress (1): 21/30 MBProgress (1): 21/30 MBProgress (1): 21/30 MBProgress (1): 22/30 MBProgress (1): 22/30 MBProgress (1): 22/30 MBProgress (1): 22/30 MBProgress (1): 22/30 MBProgress (1): 22/30 MBProgress (1): 22/30 MBProgress (1): 22/30 MBProgress (1): 22/30 MBProgress (1): 22/30 MBProgress (1): 22/30 MBProgress (1): 22/30 MBProgress (1): 22/30 MBProgress (1): 22/30 MBProgress (1): 22/30 MBProgress (1): 22/30 MBProgress (1): 22/30 MBProgress (1): 22/30 MBProgress (1): 22/30 MBProgress (1): 22/30 MBProgress (1): 22/30 MBProgress (1): 22/30 MBProgress (1): 22/30 MBProgress (1): 22/30 MBProgress (1): 22/30 MBProgress (1): 22/30 MBProgress (1): 22/30 MBProgress (1): 22/30 MBProgress (1): 22/30 MBProgress (1): 22/30 MBProgress (1): 22/30 MBProgress (1): 22/30 MBProgress (1): 22/30 MBProgress (1): 22/30 MBProgress (1): 22/30 MBProgress (1): 22/30 MBProgress (1): 22/30 MBProgress (1): 22/30 MBProgress (1): 22/30 MBProgress (1): 22/30 MBProgress (1): 22/30 MBProgress (1): 22/30 MBProgress (1): 22/30 MBProgress (1): 22/30 MBProgress (1): 22/30 MBProgress (1): 22/30 MBProgress (1): 22/30 MBProgress (1): 22/30 MBProgress (1): 22/30 MBProgress (1): 22/30 MBProgress (1): 22/30 MBProgress (1): 22/30 MBProgress (1): 22/30 MBProgress (1): 22/30 MBProgress (1): 22/30 MBProgress (1): 22/30 MBProgress (1): 22/30 MBProgress (1): 22/30 MBProgress (1): 22/30 MBProgress (1): 22/30 MBProgress (1): 22/30 MBProgress (1): 23/30 MBProgress (1): 23/30 MBProgress (1): 23/30 MBProgress (1): 23/30 MBProgress (1): 23/30 MBProgress (1): 23/30 MBProgress (1): 23/30 MBProgress (1): 23/30 MBProgress (1): 23/30 MBProgress (1): 23/30 MBProgress (1): 23/30 MBProgress (1): 23/30 MBProgress (1): 23/30 MBProgress (1): 23/30 MBProgress (1): 23/30 MBProgress (1): 23/30 MBProgress (1): 23/30 MBProgress (1): 23/30 MBProgress (1): 23/30 MBProgress (1): 23/30 MBProgress (1): 23/30 MBProgress (1): 23/30 MBProgress (1): 23/30 MBProgress (1): 23/30 MBProgress (1): 23/30 MBProgress (1): 23/30 MBProgress (1): 23/30 MBProgress (1): 23/30 MBProgress (1): 23/30 MBProgress (1): 23/30 MBProgress (1): 23/30 MBProgress (1): 23/30 MBProgress (1): 23/30 MBProgress (1): 23/30 MBProgress (1): 23/30 MBProgress (1): 23/30 MBProgress (1): 23/30 MBProgress (1): 23/30 MBProgress (1): 23/30 MBProgress (1): 23/30 MBProgress (1): 23/30 MBProgress (1): 23/30 MBProgress (1): 23/30 MBProgress (1): 23/30 MBProgress (1): 23/30 MBProgress (1): 23/30 MBProgress (1): 23/30 MBProgress (1): 23/30 MBProgress (1): 23/30 MBProgress (1): 23/30 MBProgress (1): 23/30 MBProgress (1): 23/30 MBProgress (1): 23/30 MBProgress (1): 23/30 MBProgress (1): 23/30 MBProgress (1): 23/30 MBProgress (1): 23/30 MBProgress (1): 23/30 MBProgress (1): 23/30 MBProgress (1): 23/30 MBProgress (1): 23/30 MBProgress (1): 23/30 MBProgress (1): 23/30 MBProgress (1): 24/30 MBProgress (1): 24/30 MBProgress (1): 24/30 MBProgress (1): 24/30 MBProgress (1): 24/30 MBProgress (1): 24/30 MBProgress (1): 24/30 MBProgress (1): 24/30 MBProgress (1): 24/30 MBProgress (1): 24/30 MBProgress (1): 24/30 MBProgress (1): 24/30 MBProgress (1): 24/30 MBProgress (1): 24/30 MBProgress (1): 24/30 MBProgress (1): 24/30 MBProgress (1): 24/30 MBProgress (1): 24/30 MBProgress (1): 24/30 MBProgress (1): 24/30 MBProgress (1): 24/30 MBProgress (1): 24/30 MBProgress (1): 24/30 MBProgress (1): 24/30 MBProgress (1): 24/30 MBProgress (1): 24/30 MBProgress (1): 24/30 MBProgress (1): 24/30 MBProgress (1): 24/30 MBProgress (1): 24/30 MBProgress (1): 24/30 MBProgress (1): 24/30 MBProgress (1): 24/30 MBProgress (1): 24/30 MBProgress (1): 24/30 MBProgress (1): 24/30 MBProgress (1): 24/30 MBProgress (1): 24/30 MBProgress (1): 24/30 MBProgress (1): 24/30 MBProgress (1): 24/30 MBProgress (1): 24/30 MBProgress (1): 24/30 MBProgress (1): 24/30 MBProgress (1): 24/30 MBProgress (1): 24/30 MBProgress (1): 24/30 MBProgress (1): 24/30 MBProgress (1): 24/30 MBProgress (1): 24/30 MBProgress (1): 24/30 MBProgress (1): 24/30 MBProgress (1): 24/30 MBProgress (1): 24/30 MBProgress (1): 24/30 MBProgress (1): 24/30 MBProgress (1): 24/30 MBProgress (1): 24/30 MBProgress (1): 24/30 MBProgress (1): 24/30 MBProgress (1): 24/30 MBProgress (1): 24/30 MBProgress (1): 24/30 MBProgress (1): 24/30 MBProgress (1): 25/30 MBProgress (1): 25/30 MBProgress (1): 25/30 MBProgress (1): 25/30 MBProgress (1): 25/30 MBProgress (1): 25/30 MBProgress (1): 25/30 MBProgress (1): 25/30 MBProgress (1): 25/30 MBProgress (1): 25/30 MBProgress (1): 25/30 MBProgress (1): 25/30 MBProgress (1): 25/30 MBProgress (1): 25/30 MBProgress (1): 25/30 MBProgress (1): 25/30 MBProgress (1): 25/30 MBProgress (1): 25/30 MBProgress (1): 25/30 MBProgress (1): 25/30 MBProgress (1): 25/30 MBProgress (1): 25/30 MBProgress (1): 25/30 MBProgress (1): 25/30 MBProgress (1): 25/30 MBProgress (1): 25/30 MBProgress (1): 25/30 MBProgress (1): 25/30 MBProgress (1): 25/30 MBProgress (1): 25/30 MBProgress (1): 25/30 MBProgress (1): 25/30 MBProgress (1): 25/30 MBProgress (1): 25/30 MBProgress (1): 25/30 MBProgress (1): 25/30 MBProgress (1): 25/30 MBProgress (1): 25/30 MBProgress (1): 25/30 MBProgress (1): 25/30 MBProgress (1): 25/30 MBProgress (1): 25/30 MBProgress (1): 25/30 MBProgress (1): 25/30 MBProgress (1): 25/30 MBProgress (1): 25/30 MBProgress (1): 25/30 MBProgress (1): 25/30 MBProgress (1): 25/30 MBProgress (1): 25/30 MBProgress (1): 25/30 MBProgress (1): 25/30 MBProgress (1): 25/30 MBProgress (1): 25/30 MBProgress (1): 25/30 MBProgress (1): 25/30 MBProgress (1): 25/30 MBProgress (1): 25/30 MBProgress (1): 25/30 MBProgress (1): 25/30 MBProgress (1): 25/30 MBProgress (1): 25/30 MBProgress (1): 25/30 MBProgress (1): 26/30 MBProgress (1): 26/30 MBProgress (1): 26/30 MBProgress (1): 26/30 MBProgress (1): 26/30 MBProgress (1): 26/30 MBProgress (1): 26/30 MBProgress (1): 26/30 MBProgress (1): 26/30 MBProgress (1): 26/30 MBProgress (1): 26/30 MBProgress (1): 26/30 MBProgress (1): 26/30 MBProgress (1): 26/30 MBProgress (1): 26/30 MBProgress (1): 26/30 MBProgress (1): 26/30 MBProgress (1): 26/30 MBProgress (1): 26/30 MBProgress (1): 26/30 MBProgress (1): 26/30 MBProgress (1): 26/30 MBProgress (1): 26/30 MBProgress (1): 26/30 MBProgress (1): 26/30 MBProgress (1): 26/30 MBProgress (1): 26/30 MBProgress (1): 26/30 MBProgress (1): 26/30 MBProgress (1): 26/30 MBProgress (1): 26/30 MBProgress (1): 26/30 MBProgress (1): 26/30 MBProgress (1): 26/30 MBProgress (1): 26/30 MBProgress (1): 26/30 MBProgress (1): 26/30 MBProgress (1): 26/30 MBProgress (1): 26/30 MBProgress (1): 26/30 MBProgress (1): 26/30 MBProgress (1): 26/30 MBProgress (1): 26/30 MBProgress (1): 26/30 MBProgress (1): 26/30 MBProgress (1): 26/30 MBProgress (1): 26/30 MBProgress (1): 26/30 MBProgress (1): 26/30 MBProgress (1): 26/30 MBProgress (1): 26/30 MBProgress (1): 26/30 MBProgress (1): 26/30 MBProgress (1): 26/30 MBProgress (1): 26/30 MBProgress (1): 26/30 MBProgress (1): 26/30 MBProgress (1): 26/30 MBProgress (1): 26/30 MBProgress (1): 26/30 MBProgress (1): 26/30 MBProgress (1): 26/30 MBProgress (1): 26/30 MBProgress (1): 27/30 MBProgress (1): 27/30 MBProgress (1): 27/30 MBProgress (1): 27/30 MBProgress (1): 27/30 MBProgress (1): 27/30 MBProgress (1): 27/30 MBProgress (1): 27/30 MBProgress (1): 27/30 MBProgress (1): 27/30 MBProgress (1): 27/30 MBProgress (1): 27/30 MBProgress (1): 27/30 MBProgress (1): 27/30 MBProgress (1): 27/30 MBProgress (1): 27/30 MBProgress (1): 27/30 MBProgress (1): 27/30 MBProgress (1): 27/30 MBProgress (1): 27/30 MBProgress (1): 27/30 MBProgress (1): 27/30 MBProgress (1): 27/30 MBProgress (1): 27/30 MBProgress (1): 27/30 MBProgress (1): 27/30 MBProgress (1): 27/30 MBProgress (1): 27/30 MBProgress (1): 27/30 MBProgress (1): 27/30 MBProgress (1): 27/30 MBProgress (1): 27/30 MBProgress (1): 27/30 MBProgress (1): 27/30 MBProgress (1): 27/30 MBProgress (1): 27/30 MBProgress (1): 27/30 MBProgress (1): 27/30 MBProgress (1): 27/30 MBProgress (1): 27/30 MBProgress (1): 27/30 MBProgress (1): 27/30 MBProgress (1): 27/30 MBProgress (1): 27/30 MBProgress (1): 27/30 MBProgress (1): 27/30 MBProgress (1): 27/30 MBProgress (1): 27/30 MBProgress (1): 27/30 MBProgress (1): 27/30 MBProgress (1): 27/30 MBProgress (1): 27/30 MBProgress (1): 27/30 MBProgress (1): 27/30 MBProgress (1): 27/30 MBProgress (1): 27/30 MBProgress (1): 27/30 MBProgress (1): 27/30 MBProgress (1): 27/30 MBProgress (1): 27/30 MBProgress (1): 27/30 MBProgress (1): 27/30 MBProgress (1): 27/30 MBProgress (1): 28/30 MBProgress (1): 28/30 MBProgress (1): 28/30 MBProgress (1): 28/30 MBProgress (1): 28/30 MBProgress (1): 28/30 MBProgress (1): 28/30 MBProgress (1): 28/30 MBProgress (1): 28/30 MBProgress (1): 28/30 MBProgress (1): 28/30 MBProgress (1): 28/30 MBProgress (1): 28/30 MBProgress (1): 28/30 MBProgress (1): 28/30 MBProgress (1): 28/30 MBProgress (1): 28/30 MBProgress (1): 28/30 MBProgress (1): 28/30 MBProgress (1): 28/30 MBProgress (1): 28/30 MBProgress (1): 28/30 MBProgress (1): 28/30 MBProgress (1): 28/30 MBProgress (1): 28/30 MBProgress (1): 28/30 MBProgress (1): 28/30 MBProgress (1): 28/30 MBProgress (1): 28/30 MBProgress (1): 28/30 MBProgress (1): 28/30 MBProgress (1): 28/30 MBProgress (1): 28/30 MBProgress (1): 28/30 MBProgress (1): 28/30 MBProgress (1): 28/30 MBProgress (1): 28/30 MBProgress (1): 28/30 MBProgress (1): 28/30 MBProgress (1): 28/30 MBProgress (1): 28/30 MBProgress (1): 28/30 MBProgress (1): 28/30 MBProgress (1): 28/30 MBProgress (1): 28/30 MBProgress (1): 28/30 MBProgress (1): 28/30 MBProgress (1): 28/30 MBProgress (1): 28/30 MBProgress (1): 28/30 MBProgress (1): 28/30 MBProgress (1): 28/30 MBProgress (1): 28/30 MBProgress (1): 28/30 MBProgress (1): 28/30 MBProgress (1): 28/30 MBProgress (1): 28/30 MBProgress (1): 28/30 MBProgress (1): 28/30 MBProgress (1): 28/30 MBProgress (1): 28/30 MBProgress (1): 28/30 MBProgress (1): 29/30 MBProgress (1): 29/30 MBProgress (1): 29/30 MBProgress (1): 29/30 MBProgress (1): 29/30 MBProgress (1): 29/30 MBProgress (1): 29/30 MBProgress (1): 29/30 MBProgress (1): 29/30 MBProgress (1): 29/30 MBProgress (1): 29/30 MBProgress (1): 29/30 MBProgress (1): 29/30 MBProgress (1): 29/30 MBProgress (1): 29/30 MBProgress (1): 29/30 MBProgress (1): 29/30 MBProgress (1): 29/30 MBProgress (1): 29/30 MBProgress (1): 29/30 MBProgress (1): 29/30 MBProgress (1): 29/30 MBProgress (1): 29/30 MBProgress (1): 29/30 MBProgress (1): 29/30 MBProgress (1): 29/30 MBProgress (1): 29/30 MBProgress (1): 29/30 MBProgress (1): 29/30 MBProgress (1): 29/30 MBProgress (1): 29/30 MBProgress (1): 29/30 MBProgress (1): 29/30 MBProgress (1): 29/30 MBProgress (1): 29/30 MBProgress (1): 29/30 MBProgress (1): 29/30 MBProgress (1): 29/30 MBProgress (1): 29/30 MBProgress (1): 29/30 MBProgress (1): 29/30 MBProgress (1): 29/30 MBProgress (1): 29/30 MBProgress (1): 29/30 MBProgress (1): 29/30 MBProgress (1): 29/30 MBProgress (1): 29/30 MBProgress (1): 29/30 MBProgress (1): 29/30 MBProgress (1): 29/30 MBProgress (1): 29/30 MBProgress (1): 29/30 MBProgress (1): 29/30 MBProgress (1): 29/30 MBProgress (1): 29/30 MBProgress (1): 29/30 MBProgress (1): 29/30 MBProgress (1): 29/30 MBProgress (1): 29/30 MBProgress (1): 29/30 MBProgress (1): 29/30 MBProgress (1): 29/30 MBProgress (1): 30/30 MBProgress (1): 30/30 MBProgress (1): 30/30 MBProgress (1): 30/30 MBProgress (1): 30/30 MBProgress (1): 30/30 MBProgress (1): 30/30 MBProgress (1): 30/30 MBProgress (1): 30/30 MBProgress (1): 30 MB                      Downloaded from central: https://repo.maven.apache.org/maven2/org/graylog/shaded/elasticsearch7/7.9.1-0/elasticsearch7-7.9.1-0.jar (30 MB at 74 MB/s)
[INFO] 
[INFO] --- enforcer:3.6.2:enforce (enforce-versions) @ graylog-storage-elasticsearch7 ---
[INFO] Rule 0: org.apache.maven.enforcer.rules.dependency.BannedDependencies passed
[INFO] Rule 1: org.apache.maven.enforcer.rules.BanDuplicatePomDependencyVersions passed
[INFO] Rule 2: org.apache.maven.enforcer.rules.dependency.BanDynamicVersions passed
[INFO] Rule 3: org.apache.maven.plugins.enforcer.RestrictImports passed
[INFO] 
[INFO] --- resources:3.4.0:resources (default-resources) @ graylog-storage-elasticsearch7 ---
[INFO] Copying 2 resources from src/main/resources to target/classes
[INFO] 
[INFO] --- compiler:3.14.1:compile (default-compile) @ graylog-storage-elasticsearch7 ---
[WARNING]  Parameter 'forceJavacCompilerUse' (user property 'maven.compiler.forceJavacCompilerUse') is deprecated: Use forceLegacyJavacApi instead
[INFO] Compiling 84 source files with javac [debug deprecation release 21] to target/classes
[WARNING] /home/runner/work/graylog2-server/graylog2-server/graylog-storage-elasticsearch7/src/main/java/org/graylog/storage/elasticsearch7/Elasticsearch7Module.java:[94,32] [removal] RemoteReindexingMigrationAdapter in org.graylog2.indexer.datanode has been deprecated and marked for removal
[WARNING] /home/runner/work/graylog2-server/graylog2-server/graylog-storage-elasticsearch7/src/main/java/org/graylog/storage/elasticsearch7/mapping/FieldMappingApi.java:[55,36] [deprecation] fields() in JsonNode has been deprecated
[WARNING] /home/runner/work/graylog2-server/graylog2-server/graylog-storage-elasticsearch7/src/main/java/org/graylog/storage/elasticsearch7/IndicesAdapterES7.java:[402,78] [deprecation] fields() in JsonNode has been deprecated
[WARNING] /home/runner/work/graylog2-server/graylog2-server/graylog-storage-elasticsearch7/src/main/java/org/graylog/storage/elasticsearch7/IndicesAdapterES7.java:[408,42] [deprecation] create(String,JsonNode) in IndexStatistics has been deprecated
[WARNING] /home/runner/work/graylog2-server/graylog2-server/graylog-storage-elasticsearch7/src/main/java/org/graylog/storage/elasticsearch7/IndicesAdapterES7.java:[420,45] [deprecation] create(String,JsonNode) in IndexStatistics has been deprecated
[WARNING] /home/runner/work/graylog2-server/graylog2-server/graylog-storage-elasticsearch7/src/main/java/org/graylog/storage/elasticsearch7/cluster/ClusterStateApi.java:[59,75] [deprecation] fields() in JsonNode has been deprecated
[WARNING] /home/runner/work/graylog2-server/graylog2-server/graylog-storage-elasticsearch7/src/main/java/org/graylog/storage/elasticsearch7/cluster/ClusterStateApi.java:[66,59] [deprecation] fields() in JsonNode has been deprecated
[WARNING] /home/runner/work/graylog2-server/graylog2-server/graylog-storage-elasticsearch7/src/main/java/org/graylog/storage/elasticsearch7/cluster/ClusterStateApi.java:[72,61] [deprecation] fields() in JsonNode has been deprecated
[WARNING] /home/runner/work/graylog2-server/graylog2-server/graylog-storage-elasticsearch7/src/main/java/org/graylog/storage/elasticsearch7/MessagesAdapterES7.java:[166,42] [deprecation] getId() in Indexable has been deprecated
[WARNING] /home/runner/work/graylog2-server/graylog2-server/graylog-storage-elasticsearch7/src/main/java/org/graylog/storage/elasticsearch7/MessagesAdapterES7.java:[227,37] [deprecation] getId() in Indexable has been deprecated
[WARNING] /home/runner/work/graylog2-server/graylog2-server/graylog-storage-elasticsearch7/src/main/java/org/graylog/storage/elasticsearch7/SearchesAdapterES7.java:[52,18] [deprecation] Scroll in org.graylog.storage.elasticsearch7 has been deprecated
[WARNING] /home/runner/work/graylog2-server/graylog2-server/graylog-storage-elasticsearch7/src/main/java/org/graylog/storage/elasticsearch7/SearchesAdapterES7.java:[52,18] [deprecation] Scroll in org.graylog.storage.elasticsearch7 has been deprecated
[WARNING] /home/runner/work/graylog2-server/graylog2-server/graylog-storage-elasticsearch7/src/main/java/org/graylog/storage/elasticsearch7/SearchesAdapterES7.java:[52,18] [deprecation] Scroll in org.graylog.storage.elasticsearch7 has been deprecated
[WARNING] /home/runner/work/graylog2-server/graylog2-server/graylog-storage-elasticsearch7/src/main/java/org/graylog/storage/elasticsearch7/SearchesAdapterES7.java:[52,18] [deprecation] Scroll in org.graylog.storage.elasticsearch7 has been deprecated
[WARNING] /home/runner/work/graylog2-server/graylog2-server/graylog-storage-elasticsearch7/src/main/java/org/graylog/storage/elasticsearch7/SearchesAdapterES7.java:[58,30] [deprecation] Scroll in org.graylog.storage.elasticsearch7 has been deprecated
[WARNING] /home/runner/work/graylog2-server/graylog2-server/graylog-storage-elasticsearch7/src/main/java/org/graylog/storage/elasticsearch7/SearchesAdapterES7.java:[58,30] [deprecation] Scroll in org.graylog.storage.elasticsearch7 has been deprecated
[WARNING] /home/runner/work/graylog2-server/graylog2-server/graylog-storage-elasticsearch7/src/main/java/org/graylog/storage/elasticsearch7/SearchesAdapterES7.java:[58,30] [deprecation] Scroll in org.graylog.storage.elasticsearch7 has been deprecated
[WARNING] /home/runner/work/graylog2-server/graylog2-server/graylog-storage-elasticsearch7/src/main/java/org/graylog/storage/elasticsearch7/SearchesAdapterES7.java:[58,30] [deprecation] Scroll in org.graylog.storage.elasticsearch7 has been deprecated
[WARNING] /home/runner/work/graylog2-server/graylog2-server/graylog-storage-elasticsearch7/src/main/java/org/graylog/storage/elasticsearch7/UnsupportedRemoteReindexingMigrationAdapterES7.java:[29,71] [removal] RemoteReindexingMigrationAdapter in org.graylog2.indexer.datanode has been deprecated and marked for removal
[WARNING] /home/runner/work/graylog2-server/graylog2-server/graylog-storage-elasticsearch7/src/main/java/org/graylog/storage/elasticsearch7/UnsupportedRemoteReindexingMigrationAdapterES7.java:[29,71] [removal] RemoteReindexingMigrationAdapter in org.graylog2.indexer.datanode has been deprecated and marked for removal
[WARNING] /home/runner/work/graylog2-server/graylog2-server/graylog-storage-elasticsearch7/src/main/java/org/graylog/storage/elasticsearch7/UnsupportedRemoteReindexingMigrationAdapterES7.java:[29,71] [removal] RemoteReindexingMigrationAdapter in org.graylog2.indexer.datanode has been deprecated and marked for removal
[WARNING] /home/runner/work/graylog2-server/graylog2-server/graylog-storage-elasticsearch7/src/main/java/org/graylog/storage/elasticsearch7/UnsupportedRemoteReindexingMigrationAdapterES7.java:[29,71] [removal] RemoteReindexingMigrationAdapter in org.graylog2.indexer.datanode has been deprecated and marked for removal
[WARNING] /home/runner/work/graylog2-server/graylog2-server/graylog-storage-elasticsearch7/src/main/java/org/graylog/storage/elasticsearch7/UnsupportedRemoteReindexingMigrationAdapterES7.java:[34,24] [removal] RemoteReindexRequest in org.graylog2.indexer.datanode has been deprecated and marked for removal
[WARNING] /home/runner/work/graylog2-server/graylog2-server/graylog-storage-elasticsearch7/src/main/java/org/graylog/storage/elasticsearch7/UnsupportedRemoteReindexingMigrationAdapterES7.java:[34,24] [removal] RemoteReindexRequest in org.graylog2.indexer.datanode has been deprecated and marked for removal
[WARNING] /home/runner/work/graylog2-server/graylog2-server/graylog-storage-elasticsearch7/src/main/java/org/graylog/storage/elasticsearch7/UnsupportedRemoteReindexingMigrationAdapterES7.java:[34,24] [removal] RemoteReindexRequest in org.graylog2.indexer.datanode has been deprecated and marked for removal
[WARNING] /home/runner/work/graylog2-server/graylog2-server/graylog-storage-elasticsearch7/src/main/java/org/graylog/storage/elasticsearch7/UnsupportedRemoteReindexingMigrationAdapterES7.java:[34,24] [removal] RemoteReindexRequest in org.graylog2.indexer.datanode has been deprecated and marked for removal
[WARNING] /home/runner/work/graylog2-server/graylog2-server/graylog-storage-elasticsearch7/src/main/java/org/graylog/storage/elasticsearch7/UnsupportedRemoteReindexingMigrationAdapterES7.java:[39,11] [removal] RemoteReindexMigration in org.graylog2.indexer.migration has been deprecated and marked for removal
[WARNING] /home/runner/work/graylog2-server/graylog2-server/graylog-storage-elasticsearch7/src/main/java/org/graylog/storage/elasticsearch7/UnsupportedRemoteReindexingMigrationAdapterES7.java:[39,11] [removal] RemoteReindexMigration in org.graylog2.indexer.migration has been deprecated and marked for removal
[WARNING] /home/runner/work/graylog2-server/graylog2-server/graylog-storage-elasticsearch7/src/main/java/org/graylog/storage/elasticsearch7/UnsupportedRemoteReindexingMigrationAdapterES7.java:[39,11] [removal] RemoteReindexMigration in org.graylog2.indexer.migration has been deprecated and marked for removal
[WARNING] /home/runner/work/graylog2-server/graylog2-server/graylog-storage-elasticsearch7/src/main/java/org/graylog/storage/elasticsearch7/UnsupportedRemoteReindexingMigrationAdapterES7.java:[39,11] [removal] RemoteReindexMigration in org.graylog2.indexer.migration has been deprecated and marked for removal
[WARNING] /home/runner/work/graylog2-server/graylog2-server/graylog-storage-elasticsearch7/src/main/java/org/graylog/storage/elasticsearch7/UnsupportedRemoteReindexingMigrationAdapterES7.java:[44,11] [removal] IndexerConnectionCheckResult in org.graylog2.indexer.migration has been deprecated and marked for removal
[WARNING] /home/runner/work/graylog2-server/graylog2-server/graylog-storage-elasticsearch7/src/main/java/org/graylog/storage/elasticsearch7/UnsupportedRemoteReindexingMigrationAdapterES7.java:[44,11] [removal] IndexerConnectionCheckResult in org.graylog2.indexer.migration has been deprecated and marked for removal
[WARNING] /home/runner/work/graylog2-server/graylog2-server/graylog-storage-elasticsearch7/src/main/java/org/graylog/storage/elasticsearch7/UnsupportedRemoteReindexingMigrationAdapterES7.java:[44,11] [removal] IndexerConnectionCheckResult in org.graylog2.indexer.migration has been deprecated and marked for removal
[WARNING] /home/runner/work/graylog2-server/graylog2-server/graylog-storage-elasticsearch7/src/main/java/org/graylog/storage/elasticsearch7/UnsupportedRemoteReindexingMigrationAdapterES7.java:[44,11] [removal] IndexerConnectionCheckResult in org.graylog2.indexer.migration has been deprecated and marked for removal
[INFO] 
[INFO] --- forbiddenapis:3.10:check (forbidden-apis-src) @ graylog-storage-elasticsearch7 ---
[INFO] Scanning for classes to check...
[INFO] Reading bundled API signatures: jdk-unsafe-14
[INFO] Reading bundled API signatures: jdk-deprecated-21
[INFO] Reading bundled API signatures: jdk-reflection
[INFO] Reading bundled API signatures: jdk-non-portable
[WARNING] Bundled signatures 'commons-io-unsafe-2.21.0' not found, choosing next lower available signature: commons-io-unsafe-2.20.0
[INFO] Reading bundled API signatures: commons-io-unsafe-2.20.0
[INFO] Reading inline API signatures...
[INFO] Loading classes to check...
[INFO] Scanning classes for violations...
[INFO] Scanned 110 class file(s) for forbidden API invocations (in 0.26s), 0 error(s).
[INFO] 
[INFO] --- resources:3.4.0:testResources (default-testResources) @ graylog-storage-elasticsearch7 ---
[INFO] Copying 0 resource from src/test/resources to target/test-classes
[INFO] Copying 9 resources from src/test/resources to target/test-classes
[INFO] 
[INFO] --- compiler:3.14.1:testCompile (default-testCompile) @ graylog-storage-elasticsearch7 ---
[WARNING]  Parameter 'forceJavacCompilerUse' (user property 'maven.compiler.forceJavacCompilerUse') is deprecated: Use forceLegacyJavacApi instead
[INFO] Compiling 45 source files with javac [debug deprecation release 21] to target/test-classes
[WARNING] /home/runner/work/graylog2-server/graylog2-server/graylog-storage-elasticsearch7/src/test/java/org/graylog/storage/elasticsearch7/ClusterAdapterES7Test.java:[179,40] [deprecation] readTree(URL) in ObjectMapper has been deprecated
[WARNING] /home/runner/work/graylog2-server/graylog2-server/graylog-storage-elasticsearch7/src/test/java/org/graylog/storage/elasticsearch7/events/search/MoreSearchAdapterES7UsingScrollIT.java:[51,20] [deprecation] Scroll in org.graylog.storage.elasticsearch7 has been deprecated
[WARNING] /home/runner/work/graylog2-server/graylog2-server/graylog-storage-elasticsearch7/src/test/java/org/graylog/storage/elasticsearch7/testing/AdaptersES7.java:[108,14] [deprecation] Scroll in org.graylog.storage.elasticsearch7 has been deprecated
[WARNING] /home/runner/work/graylog2-server/graylog2-server/graylog-storage-elasticsearch7/src/test/java/org/graylog/storage/elasticsearch7/testing/AdaptersES7.java:[108,34] [deprecation] Scroll in org.graylog.storage.elasticsearch7 has been deprecated
[WARNING] /home/runner/work/graylog2-server/graylog2-server/graylog-storage-elasticsearch7/src/test/java/org/graylog/storage/elasticsearch7/testing/ClientES7.java:[95,41] [deprecation] findMessage(String,String) in Client has been deprecated
[WARNING] /home/runner/work/graylog2-server/graylog2-server/graylog-storage-elasticsearch7/src/test/java/org/graylog/storage/elasticsearch7/testing/ClientES7.java:[190,24] [deprecation] fields() in JsonNode has been deprecated
[WARNING] /home/runner/work/graylog2-server/graylog2-server/graylog-storage-elasticsearch7/src/test/java/org/graylog/storage/elasticsearch7/testing/ClientES7.java:[384,16] [deprecation] fields() in JsonNode has been deprecated
[WARNING] /home/runner/work/graylog2-server/graylog2-server/graylog-storage-elasticsearch7/src/test/java/org/graylog/storage/elasticsearch7/testing/FixtureImporterES7.java:[56,47] [deprecation] <T>readValue(URL,Class<T>) in ObjectMapper has been deprecated
  where T is a type-variable:
    T extends Object declared in method <T>readValue(URL,Class<T>)
[INFO] 
[INFO] --- dependency:3.7.0:properties (default) @ graylog-storage-elasticsearch7 ---
[INFO] 
[INFO] --- forbiddenapis:3.10:testCheck (forbidden-apis-test) @ graylog-storage-elasticsearch7 ---
[INFO] Scanning for classes to check...
[INFO] Reading bundled API signatures: jdk-unsafe-14
[INFO] Reading bundled API signatures: jdk-deprecated-21
[INFO] Reading bundled API signatures: jdk-reflection
[INFO] Reading bundled API signatures: jdk-non-portable
[WARNING] Bundled signatures 'commons-io-unsafe-2.21.0' not found, choosing next lower available signature: commons-io-unsafe-2.20.0
[INFO] Reading bundled API signatures: commons-io-unsafe-2.20.0
[INFO] Reading inline API signatures...
[INFO] Loading classes to check...
[INFO] Scanning classes for violations...
[INFO] Scanned 52 class file(s) for forbidden API invocations (in 0.27s), 0 error(s).
[INFO] 
[INFO] --- surefire:3.5.4:test (default-test) @ graylog-storage-elasticsearch7 ---
[INFO] ------------------------------------------------------------------------
[INFO] Reactor Summary for Graylog Parent POM 7.1.0-SNAPSHOT:
[INFO] 
[INFO] Graylog Parent POM ................................. SUCCESS [  1.026 s]
[INFO] Graylog Project Parent POM ......................... SUCCESS [  0.029 s]
[INFO] Graylog ............................................ SUCCESS [ 23.000 s]
[INFO] Graylog Plugin Parent POM .......................... SUCCESS [ 10.971 s]
[INFO] graylog-storage-elasticsearch7 ..................... FAILURE [  7.275 s]
[INFO] graylog-storage-opensearch2 ........................ SKIPPED
[INFO] DataNode ........................................... SKIPPED
[INFO] full-backend-tests ................................. SKIPPED
[INFO] Graylog Plugin with Web support Parent POM ......... SKIPPED
[INFO] graylog-plugin-archetype ........................... SKIPPED
[INFO] graylog-storage-opensearch3 ........................ SKIPPED
[INFO] Graylog Binary Distribution Tarball ................ SKIPPED
[INFO] ------------------------------------------------------------------------
[INFO] BUILD FAILURE
[INFO] ------------------------------------------------------------------------
[INFO] Total time:  42.818 s
[INFO] Finished at: 2026-01-26T10:14:40Z
[INFO] ------------------------------------------------------------------------
[ERROR] Failed to execute goal org.apache.maven.plugins:maven-surefire-plugin:3.5.4:test (default-test) on project graylog-storage-elasticsearch7: No tests matching pattern "RefreshingLockServiceTest" were executed! (Set -Dsurefire.failIfNoSpecifiedTests=false to ignore this error.) -> [Help 1]
[ERROR] 
[ERROR] To see the full stack trace of the errors, re-run Maven with the -e switch.
[ERROR] Re-run Maven using the -X switch to enable full debug logging.
[ERROR] 
[ERROR] For more information about the errors and possible solutions, please read the following articles:
[ERROR] [Help 1] http://cwiki.apache.org/confluence/display/MAVEN/MojoFailureException
[ERROR] 
[ERROR] After correcting the problems, you can resume the build with the command
[ERROR]   mvn <args> -rf :graylog-storage-elasticsearch7
