// Jest Snapshot v1, https://goo.gl/fbAQLP

exports[`<ContentPackUploadControls /> should render 1`] = `
<span>
  <button
    className="button Button-c9cbmb-0 GLfOY btn btn-success"
    disabled={false}
    id="upload-content-pack-button"
    onClick={[Function]}
    type="button"
  >
    Upload
  </button>
</span>
`;
