// Jest Snapshot v1, https://goo.gl/fbAQLP

exports[`<DropdownField> should render an empty field 1`] = `
.c0 {
  color: #1f1f1f;
  font-weight: bold;
  margin-bottom: 5px;
  display: inline-block;
}

.c1.form-control:not([type="range"]) {
  color: #1f1f1f;
  background-color: #fff;
  border-color: #a6a6a6;
}

.c1.form-control:not([type="range"])::-webkit-input-placeholder {
  color: #9b9b9b;
}

.c1.form-control:not([type="range"])::-moz-placeholder {
  color: #9b9b9b;
}

.c1.form-control:not([type="range"]):-ms-input-placeholder {
  color: #9b9b9b;
}

.c1.form-control:not([type="range"])::placeholder {
  color: #9b9b9b;
}

.c1.form-control:not([type="range"]):focus {
  border-color: #7894ce;
  box-shadow: inset 0 1px 1px rgba(0,0,0,0.075),0 0 8px rgba(120,148,206,0.4);
}

.c1.form-control:not([type="range"])[disabled],
.c1.form-control:not([type="range"])[readonly],
fieldset[disabled] .c1.form-control:not([type="range"]) {
  background-color: #dddddd;
  color: #9b9b9b;
}

.c1.form-control:not([type="range"]) ~ .form-control-feedback.glyphicon {
  display: none;
}

.c2 {
  display: block;
  margin-top: 5px;
  margin-bottom: 10px;
  color: #838383;
}

.c3 {
  color: inherit;
}

<div>
  <div
    class="FormGroup__StyledFormGroup-sc-1wv4cm9-0 form-group"
  >
    <label
      class="c0 control-label"
      for="dropdown-example_dropdown_field"
    >
      dropdown field
       
      <span
        class="configuration-field-optional"
      >
        (optional)
      </span>
    </label>
    <span>
      <select
        class="c1 form-control"
        id="dropdown-example_dropdown_field"
        label="[object Object]"
        name="configuration[example_dropdown_field]"
        placeholder=""
        type="select"
      >
        <option
          id="uno"
          value="uno"
        >
          one
        </option>
        <option
          id="dos"
          value="dos"
        >
          two
        </option>
      </select>
      <span
        class="c2 help-block"
      >
        <span
          class="c3"
        >
          my dropdown description
        </span>
      </span>
    </span>
  </div>
</div>
`;
