// Jest Snapshot v1, https://goo.gl/fbAQLP

exports[`<ColumnPivotConfiguraiton /> should render as expected 1`] = `
<ColumnPivotConfiguration
  onClose={[Function]}
  onRollupChange={[Function]}
  rollup={true}
>
  <div>
    <Input
      addonAfter={null}
      autoFocus={true}
      bsStyle={null}
      buttonAfter={null}
      checked={true}
      help="When rollup is enabled, an additional trace totalling individual subtraces will be included."
      id="rollup"
      label="Rollup"
      name="rollup"
      onChange={[Function]}
      placeholder=""
      type="checkbox"
    >
      <Component
        controlId="rollup"
        validationState={null}
      >
        <FormGroup__StyledFormGroup
          controlId="rollup"
          validationState={null}
        >
          <FormGroup
            bsClass="form-group"
            className="FormGroup__StyledFormGroup-sc-1wv4cm9-0 giUuGy"
            controlId="rollup"
            validationState={null}
          >
            <div
              className="FormGroup__StyledFormGroup-sc-1wv4cm9-0 giUuGy form-group"
            >
              <InputWrapper>
                <span>
                  <Checkbox
                    autoFocus={true}
                    bsClass="checkbox"
                    checked={true}
                    disabled={false}
                    inline={false}
                    inputRef={[Function]}
                    label="Rollup"
                    name="rollup"
                    onChange={[Function]}
                    placeholder=""
                    title=""
                    type="checkbox"
                  >
                    <div
                      className="checkbox"
                    >
                      <label
                        title=""
                      >
                        <input
                          autoFocus={true}
                          checked={true}
                          disabled={false}
                          label="Rollup"
                          name="rollup"
                          onChange={[Function]}
                          placeholder=""
                          type="checkbox"
                        />
                        Rollup
                      </label>
                    </div>
                  </Checkbox>
                  <HelpBlock>
                    <HelpBlock
                      bsClass="help-block"
                      className="HelpBlock-i8is92-0 fSaklp"
                    >
                      <span
                        className="HelpBlock-i8is92-0 fSaklp help-block"
                      >
                        When rollup is enabled, an additional trace totalling individual subtraces will be included.
                      </span>
                    </HelpBlock>
                  </HelpBlock>
                </span>
              </InputWrapper>
            </div>
          </FormGroup>
        </FormGroup__StyledFormGroup>
      </Component>
    </Input>
    <div
      className="pull-right"
      style={
        Object {
          "marginBottom": "10px",
        }
      }
    >
      <ForwardRef
        bsStyle="success"
        onClick={[Function]}
      >
        <Button__StyledButton
          bsStyle="success"
          onClick={[Function]}
        >
          <Button
            active={false}
            block={false}
            bsClass="btn"
            bsStyle="success"
            className="Button__StyledButton-c9cbmb-0 laZUlH"
            disabled={false}
            onClick={[Function]}
          >
            <button
              className="Button__StyledButton-c9cbmb-0 laZUlH btn btn-success"
              disabled={false}
              onClick={[Function]}
              type="button"
            >
              Done
            </button>
          </Button>
        </Button__StyledButton>
      </ForwardRef>
    </div>
  </div>
</ColumnPivotConfiguration>
`;
