// Jest Snapshot v1, https://goo.gl/fbAQLP

exports[`SeriesConfiguration renders the configuration dialog 1`] = `
<SeriesConfiguration
  onClose={[Function]}
  series={
    Object {
      "config": Object {
        "name": undefined,
      },
      "function": "count()",
    }
  }
  usedNames={Array []}
>
  <span>
    <Component
      validationState={null}
    >
      <FormGroup__StyledFormGroup
        validationState={null}
      >
        <FormGroup
          bsClass="form-group"
          className="FormGroup__StyledFormGroup-sc-1wv4cm9-0 giUuGy"
          validationState={null}
        >
          <div
            className="FormGroup__StyledFormGroup-sc-1wv4cm9-0 giUuGy form-group"
          >
            <ControlLabel>
              <ControlLabel
                bsClass="control-label"
                className="ControlLabel-sc-1edmum5-0 jKzIRX"
                srOnly={false}
              >
                <label
                  className="ControlLabel-sc-1edmum5-0 jKzIRX control-label"
                >
                  Name
                </label>
              </ControlLabel>
            </ControlLabel>
            <FormControl
              onChange={[Function]}
              type="text"
              value="count()"
            >
              <FormControl
                bsClass="form-control"
                className="FormControl-sc-1amoaox-0 kmJcge"
                componentClass="input"
                onChange={[Function]}
                type="text"
                value="count()"
              >
                <input
                  className="FormControl-sc-1amoaox-0 kmJcge form-control"
                  onChange={[Function]}
                  type="text"
                  value="count()"
                />
              </FormControl>
            </FormControl>
            <HelpBlock>
              <HelpBlock
                bsClass="help-block"
                className="HelpBlock-i8is92-0 fSaklp"
              >
                <span
                  className="HelpBlock-i8is92-0 fSaklp help-block"
                >
                  The name of the series as it appears in the chart.
                </span>
              </HelpBlock>
            </HelpBlock>
          </div>
        </FormGroup>
      </FormGroup__StyledFormGroup>
    </Component>
    <div
      className="pull-right"
      style={
        Object {
          "marginBottom": "10px",
        }
      }
    >
      <ForwardRef
        bsStyle="success"
        disabled={false}
        onClick={[Function]}
      >
        <Button__StyledButton
          bsStyle="success"
          disabled={false}
          onClick={[Function]}
        >
          <Button
            active={false}
            block={false}
            bsClass="btn"
            bsStyle="success"
            className="Button__StyledButton-c9cbmb-0 laZUlH"
            disabled={false}
            onClick={[Function]}
          >
            <button
              className="Button__StyledButton-c9cbmb-0 laZUlH btn btn-success"
              disabled={false}
              onClick={[Function]}
              type="button"
            >
              Done
            </button>
          </Button>
        </Button__StyledButton>
      </ForwardRef>
    </div>
  </span>
</SeriesConfiguration>
`;
