// Jest Snapshot v1, https://goo.gl/fbAQLP

exports[`EntityShareState should import from json 1`] = `
Object {
  "active_shares": Array [
    Object {
      "capability": "grn::::capability:54e3deadbeefdeadbeef0002",
      "grant": "grn::::grant:5ee2393bb3ceb9225f056efe",
      "grantee": "grn::::user:john",
    },
    Object {
      "capability": "grn::::capability:54e3deadbeefdeadbeef0002",
      "grant": "grn::::grant:5ee2393bb3ceb9225f056fef",
      "grantee": "grn::::user:jane",
    },
  ],
  "available_capabilities": Array [
    Object {
      "id": "grn::::capability:54e3deadbeefdeadbeef0000",
      "title": "Viewer",
    },
    Object {
      "id": "grn::::capability:54e3deadbeefdeadbeef0001",
      "title": "Manager",
    },
    Object {
      "id": "grn::::capability:54e3deadbeefdeadbeef0002",
      "title": "Owner",
    },
  ],
  "available_grantees": Array [
    Object {
      "id": "grn::::builtin-team:everyone",
      "title": "Everyone",
      "type": "global",
    },
    Object {
      "id": "grn::::team:security",
      "title": "Security Folks",
      "type": "team",
    },
    Object {
      "id": "grn::::user:jane",
      "title": "Jane Doe",
      "type": "user",
    },
    Object {
      "id": "grn::::user:john",
      "title": "John Doe",
      "type": "user",
    },
  ],
  "entity": "grn::::dashboard:57bc9188e62a2373778d9e06",
  "missing_permissions_on_dependencies": Object {
    "grn::::user:jane": Array [
      Object {
        "id": "grn::::stream:57bc9188e62a2373778d9e03",
        "owners": Immutable.List [
          Object {
            "id": "grn::::user:john",
            "title": "Jane Doe",
            "type": "user",
          },
          Object {
            "id": "grn::::team:security",
            "title": "Security Folks",
            "type": "team",
          },
        ],
        "title": "Security Data",
        "type": "stream",
      },
    ],
  },
  "selected_grantee_capabilities": Object {
    "grn::::team:security": "grn::::capability:54e3deadbeefdeadbeef0000",
    "grn::::user:jane": "grn::::capability:54e3deadbeefdeadbeef0001",
  },
  "validation_result": Object {
    "error_context": Object {
      "selected_grantee_capabilities": Immutable.List [],
    },
    "errors": Object {
      "selected_grantee_capabilities": Immutable.List [],
    },
    "failed": false,
  },
}
`;
